



1>------ Rebuild All started: Project: Slow, Configuration: Debug Win32 ------
1>Build started 9/18/2011 12:03:20 PM.
1>_PrepareForClean:
1>  Deleting file ".\Debug\Slow.lastbuildstate".
1>InitializeBuildStatus:
1>  Touching ".\Debug\Slow.unsuccessfulbuild".
1>ClCompile:
1>  DownloadVersion.cpp
1>  GenericApplication.cpp
1>  AudioResampler.cpp
1>c:\w\rec-vs\rec\src\rec\audio\ammf_scaler\audioresampler.cpp(138): warning C4305: '=' : truncation from 'double' to 'float'
1>c:\w\rec-vs\rec\src\rec\audio\ammf_scaler\audioresampler.cpp(145): warning C4244: '=' : conversion from 'double' to 'float', possible loss of data
1>c:\w\rec-vs\rec\src\rec\audio\ammf_scaler\audioresampler.cpp(146): warning C4244: '=' : conversion from 'double' to 'float', possible loss of data
1>c:\w\rec-vs\rec\src\rec\audio\ammf_scaler\audioresampler.cpp(148): warning C4244: '=' : conversion from 'unsigned int' to 'short', possible loss of data
1>c:\w\rec-vs\rec\src\rec\audio\ammf_scaler\audioresampler.cpp(159): warning C4244: '=' : conversion from 'float' to 'int', possible loss of data
1>c:\w\rec-vs\rec\src\rec\audio\ammf_scaler\audioresampler.cpp(160): warning C4244: '=' : conversion from 'int' to 'float', possible loss of data
1>c:\w\rec-vs\rec\src\rec\audio\ammf_scaler\audioresampler.cpp(164): warning C4244: '=' : conversion from 'float' to 'int', possible loss of data
1>c:\w\rec-vs\rec\src\rec\audio\ammf_scaler\audioresampler.cpp(196): warning C4244: '*=' : conversion from 'double' to 'float', possible loss of data
1>c:\w\rec-vs\rec\src\rec\audio\ammf_scaler\audioresampler.cpp(202): warning C4244: '=' : conversion from 'double' to 'float', possible loss of data
1>c:\w\rec-vs\rec\src\rec\audio\ammf_scaler\audioresampler.cpp(418): warning C4244: '=' : conversion from 'float' to 'int', possible loss of data
1>c:\w\rec-vs\rec\src\rec\audio\ammf_scaler\audioresampler.cpp(650): warning C4244: '=' : conversion from 'long' to 'float', possible loss of data
1>c:\w\rec-vs\rec\src\rec\audio\ammf_scaler\audioresampler.cpp(691): warning C4244: '=' : conversion from 'long' to 'float', possible loss of data
1>c:\w\rec-vs\rec\src\rec\audio\ammf_scaler\audioresampler.cpp(711): warning C4244: '=' : conversion from 'double' to 'float', possible loss of data
1>c:\w\rec-vs\rec\src\rec\audio\ammf_scaler\audioresampler.cpp(712): warning C4305: '=' : truncation from 'double' to 'float'
1>c:\w\rec-vs\rec\src\rec\audio\ammf_scaler\audioresampler.cpp(717): warning C4244: '=' : conversion from 'int' to 'float', possible loss of data
1>c:\w\rec-vs\rec\src\rec\audio\ammf_scaler\audioresampler.cpp(759): warning C4244: '=' : conversion from 'int' to 'float', possible loss of data
1>c:\w\rec-vs\rec\src\rec\audio\ammf_scaler\audioresampler.cpp(761): warning C4244: '=' : conversion from 'double' to 'float', possible loss of data
1>c:\w\rec-vs\rec\src\rec\audio\ammf_scaler\audioresampler.cpp(762): warning C4244: '=' : conversion from 'double' to 'float', possible loss of data
1>  AudioTimeScaler.cpp
1>c:\w\rec-vs\rec\src\rec\audio\ammf_scaler\audiotimescaler.cpp(305): warning C4127: conditional expression is constant
1>  Device.cpp
1>c:\w\rec-vs\rec\src\rec\audio\device.h(11): warning C4355: 'this' : used in base member initializer list
1>  Copier.cpp
1>c:\w\rec-vs\rec\src\rec\audio\format\mpg123\copier.cpp(32): warning C4018: '<' : signed/unsigned mismatch
1>          c:\w\rec-vs\rec\src\rec\audio\format\mpg123\copier.cpp(26) : while compiling class template member function 'void rec::audio::format::mpg123::`anonymous-namespace'::Copy<In,Out>::copy(int **,int,int,void *,int,size_t)'
1>          with
1>          [
1>              In=char,
1>              Out=int
1>          ]
1>          c:\w\rec-vs\rec\src\rec\audio\format\mpg123\copier.cpp(45) : see reference to class template instantiation 'rec::audio::format::mpg123::`anonymous-namespace'::Copy<In,Out>' being compiled
1>          with
1>          [
1>              In=char,
1>              Out=int
1>          ]
1>c:\w\rec-vs\rec\src\rec\audio\format\mpg123\copier.cpp(38): warning C4018: '<' : signed/unsigned mismatch
1>c:\w\rec-vs\rec\src\rec\audio\format\mpg123\copier.cpp(32): warning C4018: '<' : signed/unsigned mismatch
1>          c:\w\rec-vs\rec\src\rec\audio\format\mpg123\copier.cpp(26) : while compiling class template member function 'void rec::audio::format::mpg123::`anonymous-namespace'::Copy<In,Out>::copy(int **,int,int,void *,int,size_t)'
1>          with
1>          [
1>              In=short,
1>              Out=int
1>          ]
1>          c:\w\rec-vs\rec\src\rec\audio\format\mpg123\copier.cpp(46) : see reference to class template instantiation 'rec::audio::format::mpg123::`anonymous-namespace'::Copy<In,Out>' being compiled
1>          with
1>          [
1>              In=short,
1>              Out=int
1>          ]
1>c:\w\rec-vs\rec\src\rec\audio\format\mpg123\copier.cpp(38): warning C4018: '<' : signed/unsigned mismatch
1>c:\w\rec-vs\rec\src\rec\audio\format\mpg123\copier.cpp(32): warning C4018: '<' : signed/unsigned mismatch
1>          c:\w\rec-vs\rec\src\rec\audio\format\mpg123\copier.cpp(26) : while compiling class template member function 'void rec::audio::format::mpg123::`anonymous-namespace'::Copy<In,Out>::copy(int **,int,int,void *,int,size_t)'
1>          with
1>          [
1>              In=rec::audio::format::mpg123::uchar,
1>              Out=int
1>          ]
1>          c:\w\rec-vs\rec\src\rec\audio\format\mpg123\copier.cpp(48) : see reference to class template instantiation 'rec::audio::format::mpg123::`anonymous-namespace'::Copy<In,Out>' being compiled
1>          with
1>          [
1>              In=rec::audio::format::mpg123::uchar,
1>              Out=int
1>          ]
1>c:\w\rec-vs\rec\src\rec\audio\format\mpg123\copier.cpp(38): warning C4018: '<' : signed/unsigned mismatch
1>c:\w\rec-vs\rec\src\rec\audio\format\mpg123\copier.cpp(32): warning C4018: '<' : signed/unsigned mismatch
1>          c:\w\rec-vs\rec\src\rec\audio\format\mpg123\copier.cpp(26) : while compiling class template member function 'void rec::audio::format::mpg123::`anonymous-namespace'::Copy<In,Out>::copy(int **,int,int,void *,int,size_t)'
1>          with
1>          [
1>              In=rec::audio::format::mpg123::ushort,
1>              Out=int
1>          ]
1>          c:\w\rec-vs\rec\src\rec\audio\format\mpg123\copier.cpp(49) : see reference to class template instantiation 'rec::audio::format::mpg123::`anonymous-namespace'::Copy<In,Out>' being compiled
1>          with
1>          [
1>              In=rec::audio::format::mpg123::ushort,
1>              Out=int
1>          ]
1>c:\w\rec-vs\rec\src\rec\audio\format\mpg123\copier.cpp(38): warning C4018: '<' : signed/unsigned mismatch
1>c:\w\rec-vs\rec\src\rec\audio\format\mpg123\copier.cpp(32): warning C4018: '<' : signed/unsigned mismatch
1>          c:\w\rec-vs\rec\src\rec\audio\format\mpg123\copier.cpp(26) : while compiling class template member function 'void rec::audio::format::mpg123::`anonymous-namespace'::Copy<In,Out>::copy(int **,int,int,void *,int,size_t)'
1>          with
1>          [
1>              In=unsigned int,
1>              Out=int
1>          ]
1>          c:\w\rec-vs\rec\src\rec\audio\format\mpg123\copier.cpp(50) : see reference to class template instantiation 'rec::audio::format::mpg123::`anonymous-namespace'::Copy<In,Out>' being compiled
1>          with
1>          [
1>              In=unsigned int,
1>              Out=int
1>          ]
1>c:\w\rec-vs\rec\src\rec\audio\format\mpg123\copier.cpp(38): warning C4018: '<' : signed/unsigned mismatch
1>c:\w\rec-vs\rec\src\rec\audio\format\mpg123\copier.cpp(32): warning C4018: '<' : signed/unsigned mismatch
1>          c:\w\rec-vs\rec\src\rec\audio\format\mpg123\copier.cpp(26) : while compiling class template member function 'void rec::audio::format::mpg123::`anonymous-namespace'::Copy<In,Out>::copy(int **,int,int,void *,int,size_t)'
1>          with
1>          [
1>              In=float,
1>              Out=float
1>          ]
1>          c:\w\rec-vs\rec\src\rec\audio\format\mpg123\copier.cpp(56) : see reference to class template instantiation 'rec::audio::format::mpg123::`anonymous-namespace'::Copy<In,Out>' being compiled
1>          with
1>          [
1>              In=float,
1>              Out=float
1>          ]
1>c:\w\rec-vs\rec\src\rec\audio\format\mpg123\copier.cpp(38): warning C4018: '<' : signed/unsigned mismatch
1>c:\w\rec-vs\rec\src\rec\audio\format\mpg123\copier.cpp(32): warning C4018: '<' : signed/unsigned mismatch
1>          c:\w\rec-vs\rec\src\rec\audio\format\mpg123\copier.cpp(26) : while compiling class template member function 'void rec::audio::format::mpg123::`anonymous-namespace'::Copy<In,Out>::copy(int **,int,int,void *,int,size_t)'
1>          with
1>          [
1>              In=double,
1>              Out=float
1>          ]
1>          c:\w\rec-vs\rec\src\rec\audio\format\mpg123\copier.cpp(57) : see reference to class template instantiation 'rec::audio::format::mpg123::`anonymous-namespace'::Copy<In,Out>' being compiled
1>          with
1>          [
1>              In=double,
1>              Out=float
1>          ]
1>c:\w\rec-vs\rec\src\rec\audio\format\mpg123\copier.cpp(38): warning C4018: '<' : signed/unsigned mismatch
1>c:\w\rec-vs\rec\src\rec\audio\format\mpg123\copier.cpp(32): warning C4018: '<' : signed/unsigned mismatch
1>          c:\w\rec-vs\rec\src\rec\audio\format\mpg123\copier.cpp(26) : while compiling class template member function 'void rec::audio::format::mpg123::`anonymous-namespace'::Copy<In,Out>::copy(int **,int,int,void *,int,size_t)'
1>          with
1>          [
1>              In=int,
1>              Out=int
1>          ]
1>          c:\w\rec-vs\rec\src\rec\audio\format\mpg123\copier.cpp(60) : see reference to class template instantiation 'rec::audio::format::mpg123::`anonymous-namespace'::Copy<In,Out>' being compiled
1>          with
1>          [
1>              In=int,
1>              Out=int
1>          ]
1>c:\w\rec-vs\rec\src\rec\audio\format\mpg123\copier.cpp(38): warning C4018: '<' : signed/unsigned mismatch
1>  CreateReader.cpp
1>c:\w\rec-vs\rec\src\rec\audio\format\mpg123\createreader.cpp(60): warning C4800: 'int' : forcing value to bool 'true' or 'false' (performance warning)
1>  Format.cpp
1>c:\w\rec-vs\rec\src\rec\audio\format\mpg123\format.h(26): warning C4100: 'quality' : unreferenced formal parameter
1>c:\w\rec-vs\rec\src\rec\audio\format\mpg123\format.h(25): warning C4100: 'meta' : unreferenced formal parameter
1>c:\w\rec-vs\rec\src\rec\audio\format\mpg123\format.h(24): warning C4100: 'bitsPerSample' : unreferenced formal parameter
1>c:\w\rec-vs\rec\src\rec\audio\format\mpg123\format.h(23): warning C4100: 'numChannels' : unreferenced formal parameter
1>c:\w\rec-vs\rec\src\rec\audio\format\mpg123\format.h(22): warning C4100: 'sampleRateToUse' : unreferenced formal parameter
1>c:\w\rec-vs\rec\src\rec\audio\format\mpg123\format.h(21): warning C4100: 'output' : unreferenced formal parameter
1>  Mpg123.cpp
1>c:\w\rec-vs\rec\src\rec\audio\format\mpg123\format.h(26): warning C4100: 'quality' : unreferenced formal parameter
1>c:\w\rec-vs\rec\src\rec\audio\format\mpg123\format.h(25): warning C4100: 'meta' : unreferenced formal parameter
1>c:\w\rec-vs\rec\src\rec\audio\format\mpg123\format.h(24): warning C4100: 'bitsPerSample' : unreferenced formal parameter
1>c:\w\rec-vs\rec\src\rec\audio\format\mpg123\format.h(23): warning C4100: 'numChannels' : unreferenced formal parameter
1>c:\w\rec-vs\rec\src\rec\audio\format\mpg123\format.h(22): warning C4100: 'sampleRateToUse' : unreferenced formal parameter
1>c:\w\rec-vs\rec\src\rec\audio\format\mpg123\format.h(21): warning C4100: 'output' : unreferenced formal parameter
1>  NewHandle.cpp
1>c:\w\rec-vs\rec\src\rec\audio\format\mpg123\newhandle.cpp(27): warning C4244: '+=' : conversion from 'juce::int64' to 'off_t', possible loss of data
1>c:\w\rec-vs\rec\src\rec\audio\format\mpg123\newhandle.cpp(30): warning C4244: '+=' : conversion from 'juce::int64' to 'off_t', possible loss of data
1>  Reader.cpp
1>c:\w\rec-vs\rec\src\rec\audio\format\mpg123\format.h(26): warning C4100: 'quality' : unreferenced formal parameter
1>c:\w\rec-vs\rec\src\rec\audio\format\mpg123\format.h(25): warning C4100: 'meta' : unreferenced formal parameter
1>c:\w\rec-vs\rec\src\rec\audio\format\mpg123\format.h(24): warning C4100: 'bitsPerSample' : unreferenced formal parameter
1>c:\w\rec-vs\rec\src\rec\audio\format\mpg123\format.h(23): warning C4100: 'numChannels' : unreferenced formal parameter
1>c:\w\rec-vs\rec\src\rec\audio\format\mpg123\format.h(22): warning C4100: 'sampleRateToUse' : unreferenced formal parameter
1>c:\w\rec-vs\rec\src\rec\audio\format\mpg123\format.h(21): warning C4100: 'output' : unreferenced formal parameter
1>c:\w\rec-vs\rec\src\rec\audio\format\mpg123\reader.cpp(33): warning C4244: 'argument' : conversion from 'rec::audio::format::mpg123::int64' to 'off_t', possible loss of data
1>c:\w\rec-vs\rec\src\rec\audio\format\mpg123\reader.cpp(37): warning C4244: '=' : conversion from 'rec::audio::format::mpg123::int64' to 'size_t', possible loss of data
1>c:\w\rec-vs\rec\src\rec\audio\format\mpg123\reader.cpp(53): warning C4244: 'argument' : conversion from 'rec::audio::format::mpg123::int64' to 'size_t', possible loss of data
1>  Tags.cpp
1>  RawFormat.cpp
1>c:\w\rec-vs\rec\src\rec\audio\format\raw\rawformatreader.h(30): warning C4018: '>' : signed/unsigned mismatch
1>c:\w\rec-vs\rec\src\rec\audio\format\raw\rawformatreader.h(27): warning C4100: 'startOffsetInDestBuffer' : unreferenced formal parameter
1>c:\w\rec-vs\rec\src\rec\audio\format\raw\rawformat.cpp(22): warning C4100: 'quality' : unreferenced formal parameter
1>c:\w\rec-vs\rec\src\rec\audio\format\raw\rawformat.cpp(21): warning C4100: 'meta' : unreferenced formal parameter
1>  CircularBuffer.cpp
1>  CreateSourceAndLoadMetadata.cpp
1>c:\w\rec-vs\rec\src\rec\data\persist\data.h(27): warning C4100: 'p' : unreferenced formal parameter
1>          c:\w\rec-vs\rec\src\rec\data\persist\data.h(27) : while compiling class template member function 'void rec::persist::Data<Proto>::operator ()(const Proto &)'
1>          with
1>          [
1>              Proto=rec::music::Metadata
1>          ]
1>          c:\w\rec-vs\rec\src\rec\audio\source\createsourceandloadmetadata.cpp(26) : see reference to class template instantiation 'rec::persist::Data<Proto>' being compiled
1>          with
1>          [
1>              Proto=rec::music::Metadata
1>          ]
1>  Player.cpp
1>c:\w\rec-vs\rec\src\rec\base\sampleposition.h(12): warning C4244: 'initializing' : conversion from 'double' to 'rec::int64', possible loss of data
1>c:\w\rec-vs\rec\src\rec\base\sampleposition.h(13): warning C4244: 'initializing' : conversion from 'float' to 'rec::int64', possible loss of data
1>c:\w\rec-vs\rec\src\rec\audio\device.h(11): warning C4355: 'this' : used in base member initializer list
1>c:\w\rec-vs\rec\src\rec\audio\source\wrappy.h(44): warning C4520: 'rec::audio::source::Wrappy' : multiple default constructors specified
1>c:\w\rec-vs\rec\src\rec\util\block\block.h(52): warning C4244: 'return' : conversion from 'const rec::util::block::Size' to 'int', possible loss of data
1>c:\w\rec-vs\rec\src\rec\util\block\block.h(70): warning C4244: '=' : conversion from 'const rec::util::block::Size' to 'int', possible loss of data
1>c:\w\rec-vs\rec\src\rec\util\block\block.h(71): warning C4244: '=' : conversion from 'rec::util::block::Size' to 'int', possible loss of data
1>c:\w\rec-vs\rec\src\rec\audio\source\empty.h(19): warning C4100: 'looping' : unreferenced formal parameter
1>c:\w\rec-vs\rec\src\rec\audio\source\empty.h(21): warning C4100: 'r' : unreferenced formal parameter
1>c:\w\rec-vs\rec\src\rec\audio\source\empty.h(21): warning C4100: 's' : unreferenced formal parameter
1>c:\w\rec-vs\rec\src\rec\audio\source\player.cpp(98): warning C4244: 'argument' : conversion from 'double' to 'float', possible loss of data
1>c:\w\rec-vs\rec\src\rec\data\persist\data.h(27): warning C4100: 'p' : unreferenced formal parameter
1>          c:\w\rec-vs\rec\src\rec\data\persist\data.h(27) : while compiling class template member function 'void rec::persist::Data<Proto>::operator ()(const Proto &)'
1>          with
1>          [
1>              Proto=rec::util::file::VirtualFile
1>          ]
1>          c:\w\rec-vs\rec\src\rec\util\listener\datalistener.h(46) : see reference to class template instantiation 'rec::persist::Data<Proto>' being compiled
1>          with
1>          [
1>              Proto=rec::util::file::VirtualFile
1>          ]
1>          c:\w\rec-vs\rec\src\rec\util\listener\datalistener.h(45) : while compiling class template member function 'rec::util::listener::DataListener<Proto>::DataListener(bool)'
1>          with
1>          [
1>              Proto=rec::audio::Gain
1>          ]
1>          c:\w\rec-vs\rec\src\rec\audio\source\player.h(32) : see reference to class template instantiation 'rec::util::listener::DataListener<Proto>' being compiled
1>          with
1>          [
1>              Proto=rec::audio::Gain
1>          ]
1>c:\w\rec-vs\rec\src\rec\data\persist\data.h(27): warning C4100: 'p' : unreferenced formal parameter
1>          c:\w\rec-vs\rec\src\rec\data\persist\data.h(27) : while compiling class template member function 'void rec::persist::Data<Proto>::operator ()(const Proto &)'
1>          with
1>          [
1>              Proto=rec::audio::Gain
1>          ]
1>          c:\w\rec-vs\rec\src\rec\util\listener\datalistener.h(79) : see reference to class template instantiation 'rec::persist::Data<Proto>' being compiled
1>          with
1>          [
1>              Proto=rec::audio::Gain
1>          ]
1>          c:\w\rec-vs\rec\src\rec\util\listener\datalistener.h(76) : while compiling class template member function 'void rec::util::listener::DataListener<Proto>::setData(rec::persist::Data<Proto> *)'
1>          with
1>          [
1>              Proto=rec::audio::Gain
1>          ]
1>c:\w\rec-vs\rec\src\rec\data\persist\data.h(27): warning C4100: 'p' : unreferenced formal parameter
1>          c:\w\rec-vs\rec\src\rec\data\persist\data.h(27) : while compiling class template member function 'void rec::persist::Data<Proto>::operator ()(const Proto &)'
1>          with
1>          [
1>              Proto=rec::util::LoopPointList
1>          ]
1>          c:\w\rec-vs\rec\src\rec\util\listener\datalistener.h(79) : see reference to class template instantiation 'rec::persist::Data<Proto>' being compiled
1>          with
1>          [
1>              Proto=rec::util::LoopPointList
1>          ]
1>          c:\w\rec-vs\rec\src\rec\util\listener\datalistener.h(76) : while compiling class template member function 'void rec::util::listener::DataListener<Proto>::setData(rec::persist::Data<Proto> *)'
1>          with
1>          [
1>              Proto=rec::util::LoopPointList
1>          ]
1>          c:\w\rec-vs\rec\src\rec\audio\source\player.h(33) : see reference to class template instantiation 'rec::util::listener::DataListener<Proto>' being compiled
1>          with
1>          [
1>              Proto=rec::util::LoopPointList
1>          ]
1>c:\w\rec-vs\rec\src\rec\data\persist\data.h(27): warning C4100: 'p' : unreferenced formal parameter
1>          c:\w\rec-vs\rec\src\rec\data\persist\data.h(27) : while compiling class template member function 'void rec::persist::Data<Proto>::operator ()(const Proto &)'
1>          with
1>          [
1>              Proto=rec::audio::source::StereoProto
1>          ]
1>          c:\w\rec-vs\rec\src\rec\util\listener\datalistener.h(79) : see reference to class template instantiation 'rec::persist::Data<Proto>' being compiled
1>          with
1>          [
1>              Proto=rec::audio::source::StereoProto
1>          ]
1>          c:\w\rec-vs\rec\src\rec\util\listener\datalistener.h(76) : while compiling class template member function 'void rec::util::listener::DataListener<Proto>::setData(rec::persist::Data<Proto> *)'
1>          with
1>          [
1>              Proto=rec::audio::source::StereoProto
1>          ]
1>          c:\w\rec-vs\rec\src\rec\audio\source\player.h(34) : see reference to class template instantiation 'rec::util::listener::DataListener<Proto>' being compiled
1>          with
1>          [
1>              Proto=rec::audio::source::StereoProto
1>          ]
1>  Selection.cpp
1>c:\w\rec-vs\rec\src\rec\base\sampleposition.h(12): warning C4244: 'initializing' : conversion from 'double' to 'rec::int64', possible loss of data
1>c:\w\rec-vs\rec\src\rec\base\sampleposition.h(13): warning C4244: 'initializing' : conversion from 'float' to 'rec::int64', possible loss of data
1>c:\w\rec-vs\rec\src\rec\audio\source\wrappy.h(44): warning C4520: 'rec::audio::source::Wrappy' : multiple default constructors specified
1>c:\w\rec-vs\rec\src\rec\util\block\block.h(52): warning C4244: 'return' : conversion from 'const rec::util::block::Size' to 'int', possible loss of data
1>c:\w\rec-vs\rec\src\rec\util\block\block.h(70): warning C4244: '=' : conversion from 'const rec::util::block::Size' to 'int', possible loss of data
1>c:\w\rec-vs\rec\src\rec\util\block\block.h(71): warning C4244: '=' : conversion from 'rec::util::block::Size' to 'int', possible loss of data
1>c:\w\rec-vs\rec\src\rec\audio\source\selection.cpp(18): warning C4244: '=' : conversion from 'rec::util::block::Size' to 'int', possible loss of data
1>  Stereo.cpp
1>c:\w\rec-vs\rec\src\rec\base\sampleposition.h(12): warning C4244: 'initializing' : conversion from 'double' to 'rec::int64', possible loss of data
1>c:\w\rec-vs\rec\src\rec\base\sampleposition.h(13): warning C4244: 'initializing' : conversion from 'float' to 'rec::int64', possible loss of data
1>c:\w\rec-vs\rec\src\rec\audio\source\wrappy.h(44): warning C4520: 'rec::audio::source::Wrappy' : multiple default constructors specified
1>  Stretchy.cpp
1>c:\w\rec-vs\rec\src\rec\base\sampleposition.h(12): warning C4244: 'initializing' : conversion from 'double' to 'rec::int64', possible loss of data
1>c:\w\rec-vs\rec\src\rec\base\sampleposition.h(13): warning C4244: 'initializing' : conversion from 'float' to 'rec::int64', possible loss of data
1>c:\w\rec-vs\rec\src\rec\audio\source\wrappy.h(44): warning C4520: 'rec::audio::source::Wrappy' : multiple default constructors specified
1>c:\w\rec-vs\rec\src\rec\audio\source\stretchy.cpp(26): warning C4244: 'return' : conversion from 'const double' to 'rec::int64', possible loss of data
1>c:\w\rec-vs\rec\src\rec\audio\source\stretchy.cpp(31): warning C4244: 'return' : conversion from 'const double' to 'rec::int64', possible loss of data
1>c:\w\rec-vs\rec\src\rec\audio\source\stretchy.cpp(36): warning C4244: 'argument' : conversion from 'double' to 'juce::int64', possible loss of data
1>c:\w\rec-vs\rec\src\rec\audio\source\stretchy.cpp(85): warning C4244: 'initializing' : conversion from 'rec::int64' to 'int', possible loss of data
1>c:\w\rec-vs\rec\src\rec\audio\source\stretchy.cpp(101): warning C4244: 'argument' : conversion from 'rec::int64' to 'int', possible loss of data
1>c:\w\rec-vs\rec\src\rec\audio\source\stretchy.cpp(105): warning C4244: '=' : conversion from 'rec::int64' to 'int', possible loss of data
1>c:\w\rec-vs\rec\src\rec\audio\source\stretchy.cpp(115): warning C4244: 'argument' : conversion from 'rec::int64' to 'unsigned int', possible loss of data
1>  Wrappy.cpp
1>c:\w\rec-vs\rec\src\rec\base\sampleposition.h(12): warning C4244: 'initializing' : conversion from 'double' to 'rec::int64', possible loss of data
1>c:\w\rec-vs\rec\src\rec\base\sampleposition.h(13): warning C4244: 'initializing' : conversion from 'float' to 'rec::int64', possible loss of data
1>c:\w\rec-vs\rec\src\rec\audio\source\wrappy.h(44): warning C4520: 'rec::audio::source::Wrappy' : multiple default constructors specified
1>c:\w\rec-vs\rec\src\rec\audio\source\empty.h(19): warning C4100: 'looping' : unreferenced formal parameter
1>c:\w\rec-vs\rec\src\rec\audio\source\empty.h(21): warning C4100: 'r' : unreferenced formal parameter
1>c:\w\rec-vs\rec\src\rec\audio\source\empty.h(21): warning C4100: 's' : unreferenced formal parameter
1>  Generating Code...
1>c:\w\rec-vs\rec\src\rec\audio\format\mpg123\newhandle.cpp(47): warning C4706: assignment within conditional expression
1>c:\w\rec-vs\rec\src\rec\audio\format\mpg123\newhandle.cpp(47): warning C4706: assignment within conditional expression
1>c:\w\rec-vs\rec\src\rec\audio\format\mpg123\newhandle.cpp(47): warning C4706: assignment within conditional expression
1>c:\w\rec-vs\rec\src\rec\audio\format\mpg123\newhandle.cpp(47): warning C4706: assignment within conditional expression
1>c:\w\rec-vs\rec\src\rec\audio\format\mpg123\createreader.cpp(51): warning C4706: assignment within conditional expression
1>c:\w\rec-vs\rec\src\rec\audio\format\mpg123\createreader.cpp(51): warning C4706: assignment within conditional expression
1>c:\w\rec-vs\rec\src\rec\audio\format\mpg123\createreader.cpp(51): warning C4706: assignment within conditional expression
1>c:\w\rec-vs\rec\src\rec\audio\format\mpg123\createreader.cpp(51): warning C4706: assignment within conditional expression
1>c:\w\rec-vs\rec\src\rec\audio\format\mpg123\createreader.cpp(51): warning C4706: assignment within conditional expression
1>c:\w\rec-vs\rec\src\rec\audio\format\mpg123\createreader.cpp(51): warning C4706: assignment within conditional expression
1>  Compiling...
1>  Stretch.cpp
1>  TimeScaler.cpp
1>c:\w\rec-vs\rec\src\rec\base\sampleposition.h(12): warning C4244: 'initializing' : conversion from 'double' to 'rec::int64', possible loss of data
1>c:\w\rec-vs\rec\src\rec\base\sampleposition.h(13): warning C4244: 'initializing' : conversion from 'float' to 'rec::int64', possible loss of data
1>c:\w\rec-vs\rec\src\rec\audio\source\wrappy.h(44): warning C4520: 'rec::audio::source::Wrappy' : multiple default constructors specified
1>  AudioFormatManager.cpp
1>c:\w\rec-vs\rec\src\rec\audio\format\mpg123\format.h(26): warning C4100: 'quality' : unreferenced formal parameter
1>c:\w\rec-vs\rec\src\rec\audio\format\mpg123\format.h(25): warning C4100: 'meta' : unreferenced formal parameter
1>c:\w\rec-vs\rec\src\rec\audio\format\mpg123\format.h(24): warning C4100: 'bitsPerSample' : unreferenced formal parameter
1>c:\w\rec-vs\rec\src\rec\audio\format\mpg123\format.h(23): warning C4100: 'numChannels' : unreferenced formal parameter
1>c:\w\rec-vs\rec\src\rec\audio\format\mpg123\format.h(22): warning C4100: 'sampleRateToUse' : unreferenced formal parameter
1>c:\w\rec-vs\rec\src\rec\audio\format\mpg123\format.h(21): warning C4100: 'output' : unreferenced formal parameter
1>  ConvertSample.cpp
1>c:\w\rec-vs\rec\src\rec\audio\util\convertsample.h(18): warning C4091: 'typedef ' : ignored on left of 'rec::audio::int24' when no variable is declared
1>c:\w\rec-vs\rec\src\rec\audio\util\convertsample.cpp(11): warning C4307: '*' : integral constant overflow
1>c:\w\rec-vs\rec\src\rec\audio\util\convertsample.cpp(40): warning C4244: '=' : conversion from 'int' to 'rec::int8', possible loss of data
1>c:\w\rec-vs\rec\src\rec\audio\util\convertsample.cpp(61): warning C4244: '=' : conversion from 'int' to 'rec::int8', possible loss of data
1>c:\w\rec-vs\rec\src\rec\audio\util\convertsample.cpp(65): warning C4244: '=' : conversion from 'int' to 'rec::int16', possible loss of data
1>c:\w\rec-vs\rec\src\rec\audio\util\convertsample.cpp(82): warning C4244: '=' : conversion from 'int' to 'rec::int8', possible loss of data
1>c:\w\rec-vs\rec\src\rec\audio\util\convertsample.cpp(86): warning C4244: '=' : conversion from 'int' to 'rec::int16', possible loss of data
1>c:\w\rec-vs\rec\src\rec\audio\util\convertsample.cpp(103): warning C4244: '=' : conversion from 'rec::int64' to 'rec::int8', possible loss of data
1>c:\w\rec-vs\rec\src\rec\audio\util\convertsample.cpp(107): warning C4244: '=' : conversion from 'rec::int64' to 'rec::int16', possible loss of data
1>c:\w\rec-vs\rec\src\rec\audio\util\convertsample.cpp(111): warning C4244: 'argument' : conversion from 'rec::int64' to 'int', possible loss of data
1>c:\w\rec-vs\rec\src\rec\audio\util\convertsample.cpp(115): warning C4244: '=' : conversion from 'rec::int64' to 'rec::int32', possible loss of data
1>c:\w\rec-vs\rec\src\rec\audio\util\convertsample.cpp(131): warning C4244: '=' : conversion from 'const float' to 'short', possible loss of data
1>  CopySamples.cpp
1>c:\w\rec-vs\rec\src\rec\base\sampleposition.h(12): warning C4244: 'initializing' : conversion from 'double' to 'rec::int64', possible loss of data
1>c:\w\rec-vs\rec\src\rec\base\sampleposition.h(13): warning C4244: 'initializing' : conversion from 'float' to 'rec::int64', possible loss of data
1>c:\w\rec-vs\rec\src\rec\audio\util\copysamples.cpp(61): warning C4512: 'rec::audio::`anonymous-namespace'::Copier' : assignment operator could not be generated
1>          c:\w\rec-vs\rec\src\rec\audio\util\copysamples.cpp(12) : see declaration of 'rec::audio::`anonymous-namespace'::Copier'
1>c:\w\rec-vs\rec\src\rec\audio\util\copysamples.cpp(36): warning C4244: 'argument' : conversion from 'rec::int64' to 'int', possible loss of data
1>c:\w\rec-vs\rec\src\rec\audio\util\copysamples.cpp(36): warning C4244: 'argument' : conversion from 'rec::int64' to 'int', possible loss of data
1>c:\w\rec-vs\rec\src\rec\audio\util\copysamples.cpp(36): warning C4244: 'argument' : conversion from 'rec::int64' to 'int', possible loss of data
1>c:\w\rec-vs\rec\src\rec\audio\util\copysamples.cpp(46): warning C4244: 'argument' : conversion from 'rec::int64' to 'const int', possible loss of data
1>c:\w\rec-vs\rec\src\rec\audio\util\copysamples.cpp(49): warning C4244: 'argument' : conversion from 'rec::int64' to 'int', possible loss of data
1>c:\w\rec-vs\rec\src\rec\audio\util\copysamples.cpp(49): warning C4244: 'argument' : conversion from 'rec::int64' to 'int', possible loss of data
1>c:\w\rec-vs\rec\src\rec\audio\util\copysamples.cpp(51): warning C4244: 'argument' : conversion from 'rec::int64' to 'int', possible loss of data
1>c:\w\rec-vs\rec\src\rec\audio\util\copysamples.cpp(51): warning C4244: 'argument' : conversion from 'rec::int64' to 'int', possible loss of data
1>c:\w\rec-vs\rec\src\rec\audio\util\copysamples.cpp(53): warning C4244: 'argument' : conversion from 'rec::int64' to 'int', possible loss of data
1>c:\w\rec-vs\rec\src\rec\audio\util\copysamples.cpp(53): warning C4244: 'argument' : conversion from 'rec::int64' to 'int', possible loss of data
1>c:\w\rec-vs\rec\src\rec\audio\util\copysamples.cpp(53): warning C4244: 'argument' : conversion from 'rec::int64' to 'int', possible loss of data
1>  FillableFrameBuffer.cpp
1>c:\w\rec-vs\rec\src\rec\base\sampleposition.h(12): warning C4244: 'initializing' : conversion from 'double' to 'rec::int64', possible loss of data
1>c:\w\rec-vs\rec\src\rec\base\sampleposition.h(13): warning C4244: 'initializing' : conversion from 'float' to 'rec::int64', possible loss of data
1>c:\w\rec-vs\rec\src\rec\util\block\block.h(52): warning C4244: 'return' : conversion from 'const rec::util::block::Size' to 'int', possible loss of data
1>c:\w\rec-vs\rec\src\rec\util\block\block.h(70): warning C4244: '=' : conversion from 'const rec::util::block::Size' to 'int', possible loss of data
1>c:\w\rec-vs\rec\src\rec\util\block\block.h(71): warning C4244: '=' : conversion from 'rec::util::block::Size' to 'int', possible loss of data
1>c:\w\rec-vs\rec\src\rec\audio\util\convertsample.h(18): warning C4091: 'typedef ' : ignored on left of 'rec::audio::int24' when no variable is declared
1>c:\w\rec-vs\rec\src\rec\audio\util\fillableframebuffer.cpp(47): warning C4244: 'argument' : conversion from 'rec::int64' to 'int', possible loss of data
1>          c:\w\rec-vs\rec\src\rec\audio\util\fillableframebuffer.cpp(38) : while compiling class template member function 'rec::util::block::Size rec::audio::util::FillableFrameBuffer<Sample,CHANNELS>::doFillNextBlock(const rec::util::block::Block &)'
1>          with
1>          [
1>              Sample=short,
1>              CHANNELS=2
1>          ]
1>          c:\w\rec-vs\rec\src\rec\audio\util\fillableframebuffer.cpp(81) : see reference to class template instantiation 'rec::audio::util::FillableFrameBuffer<Sample,CHANNELS>' being compiled
1>          with
1>          [
1>              Sample=short,
1>              CHANNELS=2
1>          ]
1>  Frame.cpp
1>c:\w\rec-vs\rec\src\rec\base\sampleposition.h(12): warning C4244: 'initializing' : conversion from 'double' to 'rec::int64', possible loss of data
1>c:\w\rec-vs\rec\src\rec\base\sampleposition.h(13): warning C4244: 'initializing' : conversion from 'float' to 'rec::int64', possible loss of data
1>c:\w\rec-vs\rec\src\rec\audio\util\convertsample.h(18): warning C4091: 'typedef ' : ignored on left of 'rec::audio::int24' when no variable is declared
1>c:\w\rec-vs\rec\src\rec\audio\util\frame.cpp(10): warning C4244: 'argument' : conversion from 'rec::int64' to 'size_t', possible loss of data
1>          c:\w\rec-vs\rec\src\rec\audio\util\frame.cpp(8) : while compiling class template member function 'bool rec::audio::Frames<Sample,CHANNELS>::setLength(rec::SamplePosition)'
1>          with
1>          [
1>              Sample=short,
1>              CHANNELS=2
1>          ]
1>          c:\w\rec-vs\rec\src\rec\audio\util\frame.cpp(41) : see reference to class template instantiation 'rec::audio::Frames<Sample,CHANNELS>' being compiled
1>          with
1>          [
1>              Sample=short,
1>              CHANNELS=2
1>          ]
1>c:\w\rec-vs\rec\src\rec\audio\util\frame.cpp(27): warning C4244: 'argument' : conversion from 'rec::int64' to 'int', possible loss of data
1>          c:\w\rec-vs\rec\src\rec\audio\util\frame.cpp(23) : while compiling class template member function 'rec::SamplePosition rec::audio::Frames<Sample,CHANNELS>::getAudioBlock(const rec::audio::Info &,rec::SamplePosition) const'
1>          with
1>          [
1>              Sample=short,
1>              CHANNELS=2
1>          ]
1>  Gain.cpp
1>c:\w\rec-vs\rec\src\rec\audio\util\gain.cpp(15): warning C4244: 'argument' : conversion from 'double' to 'float', possible loss of data
1>  ThumbnailBuffer.cpp
1>c:\w\rec-vs\rec\src\rec\base\sampleposition.h(12): warning C4244: 'initializing' : conversion from 'double' to 'rec::int64', possible loss of data
1>c:\w\rec-vs\rec\src\rec\base\sampleposition.h(13): warning C4244: 'initializing' : conversion from 'float' to 'rec::int64', possible loss of data
1>c:\w\rec-vs\rec\src\rec\util\block\block.h(52): warning C4244: 'return' : conversion from 'const rec::util::block::Size' to 'int', possible loss of data
1>c:\w\rec-vs\rec\src\rec\util\block\block.h(70): warning C4244: '=' : conversion from 'const rec::util::block::Size' to 'int', possible loss of data
1>c:\w\rec-vs\rec\src\rec\util\block\block.h(71): warning C4244: '=' : conversion from 'rec::util::block::Size' to 'int', possible loss of data
1>c:\w\rec-vs\rec\src\rec\audio\source\wrappy.h(44): warning C4520: 'rec::audio::source::Wrappy' : multiple default constructors specified
1>  RealTime.cpp
1>c:\w\rec-vs\rec\src\rec\base\sampleposition.h(12): warning C4244: 'initializing' : conversion from 'double' to 'rec::int64', possible loss of data
1>c:\w\rec-vs\rec\src\rec\base\sampleposition.h(13): warning C4244: 'initializing' : conversion from 'float' to 'rec::int64', possible loss of data
1>  Command.cpp
1>  CommandMap.cpp
1>c:\w\rec-vs\rec\src\rec\command\commandmap.cpp(73): warning C4018: '<=' : signed/unsigned mismatch
1>c:\w\rec-vs\rec\src\rec\command\commandmap.cpp(89): warning C4018: '<' : signed/unsigned mismatch
1>  CommandMapEditor.cpp
1>c:\w\rec-vs\rec\src\rec\command\commandmaptoplevelitem.h(51): warning C4100: 'owner' : unreferenced formal parameter
1>c:\w\rec-vs\rec\src\rec\command\commandmaptoplevelitem.h(51): warning C4100: 'result' : unreferenced formal parameter
1>  Keyboard.xml.cpp
1>  KeyCommandMapEditor.cpp
1>c:\w\rec-vs\rec\src\rec\command\genericcommandmapeditor.h(103): warning C4512: 'rec::command::GenericCommandMapEditor<MappingSet,Key>' : assignment operator could not be generated
1>          with
1>          [
1>              MappingSet=juce::KeyPressMappingSet,
1>              Key=juce::KeyPress
1>          ]
1>          c:\w\rec-vs\rec\src\rec\command\keycommandmapeditor.cpp(19) : see reference to class template instantiation 'rec::command::GenericCommandMapEditor<MappingSet,Key>' being compiled
1>          with
1>          [
1>              MappingSet=juce::KeyPressMappingSet,
1>              Key=juce::KeyPress
1>          ]
1>  MidiCommandMap.cpp
1>  MidiCommandMapEditor.cpp
1>c:\w\rec-vs\rec\src\rec\audio\device.h(11): warning C4355: 'this' : used in base member initializer list
1>c:\w\rec-vs\rec\src\rec\command\genericcommandmapeditor.h(103): warning C4512: 'rec::command::GenericCommandMapEditor<MappingSet,Key>' : assignment operator could not be generated
1>          with
1>          [
1>              MappingSet=rec::command::MidiCommandMap,
1>              Key=rec::MidiMessage
1>          ]
1>          c:\w\rec-vs\rec\src\rec\command\midicommandmapeditor.cpp(18) : see reference to class template instantiation 'rec::command::GenericCommandMapEditor<MappingSet,Key>' being compiled
1>          with
1>          [
1>              MappingSet=rec::command::MidiCommandMap,
1>              Key=rec::MidiMessage
1>          ]
1>c:\w\rec-vs\rec\src\rec\command\midicommandmapeditor.cpp(19): warning C4800: 'rec::command::`anonymous-namespace'::MidiCommandEntryWindow *const ' : forcing value to bool 'true' or 'false' (performance warning)
1>c:\w\rec-vs\rec\src\rec\command\midicommandmapeditor.cpp(65): warning C4100: 'key' : unreferenced formal parameter
1>  MidiName.cpp
1>  TargetManager.cpp
1>  Binary.cpp
1>  Generating Code...
1>c:\w\rec-vs\rec\src\rec\audio\util\convertsample.cpp(103): warning C4723: potential divide by 0
1>c:\w\rec-vs\rec\src\rec\audio\util\convertsample.cpp(107): warning C4723: potential divide by 0
1>c:\w\rec-vs\rec\src\rec\audio\util\convertsample.cpp(111): warning C4723: potential divide by 0
1>c:\w\rec-vs\rec\src\rec\audio\util\convertsample.cpp(115): warning C4723: potential divide by 0
1>  Compiling...
1>  EventQueue.cpp
1>  Data.cpp
1>c:\w\rec-vs\rec\src\rec\data\data.cpp(82): warning C4100: 'b' : unreferenced formal parameter
1>  AppDirectory.cpp
1>  AppInstance.cpp
1>c:\w\rec-vs\rec\src\rec\util\thread\trash.h(45): warning C4800: 'rec::Thread *' : forcing value to bool 'true' or 'false' (performance warning)
1>          c:\w\rec-vs\rec\src\rec\util\thread\trash.h(45) : while compiling class template member function 'rec::util::thread_ptr<Type>::operator bool(void) const'
1>          with
1>          [
1>              Type=rec::Thread
1>          ]
1>          c:\w\rec-vs\rec\src\rec\data\persist\appinstance.h(46) : see reference to class template instantiation 'rec::util::thread_ptr<Type>' being compiled
1>          with
1>          [
1>              Type=rec::Thread
1>          ]
1>  Copy.cpp
1>c:\w\rec-vs\rec\src\rec\data\persist\copy.cpp(24): warning C4100: 'readable' : unreferenced formal parameter
1>c:\w\rec-vs\rec\src\rec\data\persist\copy.cpp(30): warning C4100: 'readable' : unreferenced formal parameter
1>c:\w\rec-vs\rec\src\rec\data\persist\copy.cpp(59): warning C4100: 'readable' : unreferenced formal parameter
1>c:\w\rec-vs\rec\src\rec\data\persist\copy.cpp(68): warning C4100: 'readable' : unreferenced formal parameter
1>c:\w\rec-vs\rec\src\rec\data\persist\copy.cpp(78): warning C4244: 'argument' : conversion from 'rec::int64' to 'unsigned int', possible loss of data
1>c:\w\rec-vs\rec\src\rec\data\persist\copy.cpp(79): warning C4244: 'argument' : conversion from 'rec::int64' to 'int', possible loss of data
1>c:\w\rec-vs\rec\src\rec\data\persist\copy.cpp(72): warning C4100: 'readable' : unreferenced formal parameter
1>c:\w\rec-vs\rec\src\rec\data\persist\copy.cpp(89): warning C4100: 'readable' : unreferenced formal parameter
1>c:\w\rec-vs\rec\src\rec\data\persist\copy.cpp(130): warning C4100: 'readable' : unreferenced formal parameter
1>c:\w\rec-vs\rec\src\rec\data\persist\copy.cpp(137): warning C4100: 'readable' : unreferenced formal parameter
1>c:\w\rec-vs\rec\src\rec\data\persist\copy.cpp(18): warning C4100: 'readable' : unreferenced formal parameter
1>          c:\w\rec-vs\rec\src\rec\data\persist\copy.cpp(153) : see reference to function template instantiation 'bool rec::persist::`anonymous-namespace'::assign<rec::persist::`anonymous-namespace'::Memory>(const Type &,Type *,bool)' being compiled
1>          with
1>          [
1>              Type=rec::persist::`anonymous-namespace'::Memory
1>          ]
1>c:\w\rec-vs\rec\src\rec\data\persist\copy.cpp(18): warning C4100: 'readable' : unreferenced formal parameter
1>          c:\w\rec-vs\rec\src\rec\data\persist\copy.cpp(167) : see reference to function template instantiation 'bool rec::persist::`anonymous-namespace'::assign<rec::String>(const Type &,Type *,bool)' being compiled
1>          with
1>          [
1>              Type=rec::String
1>          ]
1>c:\w\rec-vs\rec\src\rec\data\persist\copy.cpp(18): warning C4100: 'readable' : unreferenced formal parameter
1>          c:\w\rec-vs\rec\src\rec\data\persist\copy.cpp(174) : see reference to function template instantiation 'bool rec::persist::`anonymous-namespace'::assign<rec::string>(const Type &,Type *,bool)' being compiled
1>          with
1>          [
1>              Type=rec::string
1>          ]
1>  Data.cpp
1>  UntypedData.cpp
1>  Address.cpp
1>  Equals.cpp
1>  Field.cpp
1>c:\w\rec-vs\rec\src\rec\data\proto\field.cpp(51): warning C4018: '>=' : signed/unsigned mismatch
1>c:\w\rec-vs\rec\src\rec\data\proto\field.cpp(191): warning C4018: '<' : signed/unsigned mismatch
1>c:\w\rec-vs\rec\src\rec\data\proto\field.cpp(241): warning C4018: '<' : signed/unsigned mismatch
1>c:\w\rec-vs\rec\src\rec\data\proto\field.cpp(241): warning C4018: '<' : signed/unsigned mismatch
1>  GetProtoName.cpp
1>  LogFile.cpp
1>c:\w\rec-vs\rec\src\rec\data\proto\logfile.cpp(38): warning C4244: 'argument' : conversion from 'rec::uint64' to 'int', possible loss of data
1>  MessageField.cpp
1>  Proto.cpp
1>  TypedOperations.cpp
1>  TypedTyper.cpp
1>c:\w\rec-vs\rec\src\rec\data\proto\typedtyper.cpp(69): warning C4018: '<' : signed/unsigned mismatch
1>c:\w\rec-vs\rec\src\rec\data\proto\typedtyper.cpp(69): warning C4018: '<' : signed/unsigned mismatch
1>c:\w\rec-vs\rec\src\rec\data\proto\typedtyper.cpp(70): warning C4018: '<' : signed/unsigned mismatch
1>c:\w\rec-vs\rec\src\rec\data\proto\typedtyper.cpp(70): warning C4018: '<' : signed/unsigned mismatch
1>c:\w\rec-vs\rec\src\rec\data\proto\typedtyper.cpp(71): warning C4018: '<' : signed/unsigned mismatch
1>c:\w\rec-vs\rec\src\rec\data\proto\typedtyper.cpp(71): warning C4018: '<' : signed/unsigned mismatch
1>c:\w\rec-vs\rec\src\rec\data\proto\typedtyper.cpp(72): warning C4018: '<' : signed/unsigned mismatch
1>c:\w\rec-vs\rec\src\rec\data\proto\typedtyper.cpp(72): warning C4018: '<' : signed/unsigned mismatch
1>c:\w\rec-vs\rec\src\rec\data\proto\typedtyper.cpp(73): warning C4018: '<' : signed/unsigned mismatch
1>c:\w\rec-vs\rec\src\rec\data\proto\typedtyper.cpp(73): warning C4018: '<' : signed/unsigned mismatch
1>c:\w\rec-vs\rec\src\rec\data\proto\typedtyper.cpp(74): warning C4018: '<' : signed/unsigned mismatch
1>c:\w\rec-vs\rec\src\rec\data\proto\typedtyper.cpp(74): warning C4018: '<' : signed/unsigned mismatch
1>c:\w\rec-vs\rec\src\rec\data\proto\typedtyper.cpp(75): warning C4018: '<' : signed/unsigned mismatch
1>c:\w\rec-vs\rec\src\rec\data\proto\typedtyper.cpp(75): warning C4018: '<' : signed/unsigned mismatch
1>c:\w\rec-vs\rec\src\rec\data\proto\typedtyper.cpp(76): warning C4018: '<' : signed/unsigned mismatch
1>c:\w\rec-vs\rec\src\rec\data\proto\typedtyper.cpp(76): warning C4018: '<' : signed/unsigned mismatch
1>c:\w\rec-vs\rec\src\rec\data\proto\typedtyper.cpp(77): warning C4018: '<' : signed/unsigned mismatch
1>c:\w\rec-vs\rec\src\rec\data\proto\typedtyper.cpp(77): warning C4018: '<' : signed/unsigned mismatch
1>c:\w\rec-vs\rec\src\rec\data\proto\typedtyper.cpp(78): warning C4018: '<' : signed/unsigned mismatch
1>c:\w\rec-vs\rec\src\rec\data\proto\typedtyper.cpp(78): warning C4018: '<' : signed/unsigned mismatch
1>c:\w\rec-vs\rec\src\rec\data\proto\typedtyper.cpp(79): warning C4018: '<' : signed/unsigned mismatch
1>c:\w\rec-vs\rec\src\rec\data\proto\typedtyper.cpp(79): warning C4018: '<' : signed/unsigned mismatch
1>c:\w\rec-vs\rec\src\rec\data\proto\typedtyper.cpp(80): warning C4018: '<' : signed/unsigned mismatch
1>c:\w\rec-vs\rec\src\rec\data\proto\typedtyper.cpp(80): warning C4018: '<' : signed/unsigned mismatch
1>c:\w\rec-vs\rec\src\rec\data\proto\typedtyper.cpp(81): warning C4018: '<' : signed/unsigned mismatch
1>c:\w\rec-vs\rec\src\rec\data\proto\typedtyper.cpp(81): warning C4018: '<' : signed/unsigned mismatch
1>c:\w\rec-vs\rec\src\rec\data\proto\typedtyper.cpp(82): warning C4018: '<' : signed/unsigned mismatch
1>c:\w\rec-vs\rec\src\rec\data\proto\typedtyper.cpp(82): warning C4018: '<' : signed/unsigned mismatch
1>c:\w\rec-vs\rec\src\rec\data\proto\typedtyper.cpp(83): warning C4018: '<' : signed/unsigned mismatch
1>c:\w\rec-vs\rec\src\rec\data\proto\typedtyper.cpp(83): warning C4018: '<' : signed/unsigned mismatch
1>c:\w\rec-vs\rec\src\rec\data\proto\typedtyper.cpp(99): warning C4018: '<' : signed/unsigned mismatch
1>c:\w\rec-vs\rec\src\rec\data\proto\typedtyper.cpp(117): warning C4018: '<' : signed/unsigned mismatch
1>c:\w\rec-vs\rec\src\rec\data\proto\typedtyper.cpp(151): warning C4018: '<' : signed/unsigned mismatch
1>c:\w\rec-vs\rec\src\rec\data\proto\typedtyper.cpp(164): warning C4018: '<' : signed/unsigned mismatch
1>  Value.cpp
1>  ReadYaml.cpp
1>c:\w\rec-vs\rec\src\rec\data\yaml\readyaml.cpp(54): warning C4018: '<' : signed/unsigned mismatch
1>  aliascontent.cpp
1>  aliasmanager.cpp
1>  Generating Code...
1>  Compiling...
1>  content.cpp
1>  conversion.cpp
1>  directives.cpp
1>  emitfromevents.cpp
1>c:\w\rec-vs\rec\src\rec\data\yaml\include\yaml-cpp\emitfromevents.h(40): warning C4512: 'YAML::EmitFromEvents' : assignment operator could not be generated
1>          c:\w\rec-vs\rec\src\rec\data\yaml\include\yaml-cpp\emitfromevents.h(13) : see declaration of 'YAML::EmitFromEvents'
1>  emitter.cpp
1>  emitterstate.cpp
1>  emitterutils.cpp
1>  exp.cpp
1>  iterator.cpp
1>  map.cpp
1>c:\w\rec-vs\rec\src\rec\data\yaml\src\map.cpp(70): warning C4127: conditional expression is constant
1>  node.cpp
1>c:\w\rec-vs\rec\src\rec\data\yaml\include\yaml-cpp\emitfromevents.h(40): warning C4512: 'YAML::EmitFromEvents' : assignment operator could not be generated
1>          c:\w\rec-vs\rec\src\rec\data\yaml\include\yaml-cpp\emitfromevents.h(13) : see declaration of 'YAML::EmitFromEvents'
1>c:\w\rec-vs\rec\src\rec\data\yaml\src\node.cpp(28): warning C4355: 'this' : used in base member initializer list
1>  nodebuilder.cpp
1>  null.cpp
1>  ostream.cpp
1>  parser.cpp
1>c:\w\rec-vs\rec\src\rec\data\yaml\src\parser.cpp(73): warning C4127: conditional expression is constant
1>c:\w\rec-vs\rec\src\rec\data\yaml\src\parser.cpp(144): warning C4127: conditional expression is constant
1>  parserstate.cpp
1>  regex.cpp
1>  scalar.cpp
1>  scanner.cpp
1>c:\w\rec-vs\rec\src\rec\data\yaml\src\scanner.cpp(62): warning C4127: conditional expression is constant
1>c:\w\rec-vs\rec\src\rec\data\yaml\src\scanner.cpp(170): warning C4127: conditional expression is constant
1>  scanscalar.cpp
1>  Generating Code...
1>c:\w\rec-vs\rec\src\rec\data\yaml\src\scanner.cpp(274): warning C4715: 'YAML::Scanner::GetStartTokenFor' : not all control paths return a value
1>  Compiling...
1>  scantag.cpp
1>  scantoken.cpp
1>c:\w\rec-vs\rec\src\rec\data\yaml\src\scantoken.cpp(38): warning C4127: conditional expression is constant
1>  sequence.cpp
1>  simplekey.cpp
1>  singledocparser.cpp
1>c:\w\rec-vs\rec\src\rec\data\yaml\src\singledocparser.cpp(134): warning C4127: conditional expression is constant
1>c:\w\rec-vs\rec\src\rec\data\yaml\src\singledocparser.cpp(167): warning C4127: conditional expression is constant
1>c:\w\rec-vs\rec\src\rec\data\yaml\src\singledocparser.cpp(209): warning C4127: conditional expression is constant
1>c:\w\rec-vs\rec\src\rec\data\yaml\src\singledocparser.cpp(248): warning C4127: conditional expression is constant
1>c:\w\rec-vs\rec\src\rec\data\yaml\src\singledocparser.cpp(328): warning C4127: conditional expression is constant
1>  stream.cpp
1>c:\w\rec-vs\rec\src\rec\data\yaml\src\stream.cpp(410): warning C4244: '=' : conversion from 'std::streamsize' to 'size_t', possible loss of data
1>  tag.cpp
1>  WriteYaml.cpp
1>  LevelMeter.cpp
1>c:\w\rec-vs\rec\src\rec\gui\audio\levelmeter.cpp(20): warning C4018: '<' : signed/unsigned mismatch
1>c:\w\rec-vs\rec\src\rec\gui\audio\levelmeter.cpp(22): error C2039: 'isinf' : is not a member of 'std'
1>c:\w\rec-vs\rec\src\rec\gui\audio\levelmeter.cpp(22): error C3861: 'isinf': identifier not found
1>c:\w\rec-vs\rec\src\rec\gui\audio\levelmeter.cpp(24): error C2039: 'isnan' : is not a member of 'std'
1>c:\w\rec-vs\rec\src\rec\gui\audio\levelmeter.cpp(24): error C3861: 'isnan': identifier not found
1>c:\w\rec-vs\rec\src\rec\gui\audio\levelmeter.cpp(39): warning C4244: 'initializing' : conversion from 'int' to 'float', possible loss of data
1>c:\w\rec-vs\rec\src\rec\gui\audio\levelmeter.cpp(41): warning C4244: 'initializing' : conversion from 'int' to 'float', possible loss of data
1>c:\w\rec-vs\rec\src\rec\gui\audio\levelmeter.cpp(44): warning C4244: 'initializing' : conversion from 'int' to 'float', possible loss of data
1>  Loops.cpp
1>c:\w\rec-vs\rec\src\rec\base\sampleposition.h(12): warning C4244: 'initializing' : conversion from 'double' to 'rec::int64', possible loss of data
1>c:\w\rec-vs\rec\src\rec\base\sampleposition.h(13): warning C4244: 'initializing' : conversion from 'float' to 'rec::int64', possible loss of data
1>c:\w\rec-vs\rec\src\rec\util\block\block.h(52): warning C4244: 'return' : conversion from 'const rec::util::block::Size' to 'int', possible loss of data
1>c:\w\rec-vs\rec\src\rec\util\block\block.h(70): warning C4244: '=' : conversion from 'const rec::util::block::Size' to 'int', possible loss of data
1>c:\w\rec-vs\rec\src\rec\util\block\block.h(71): warning C4244: '=' : conversion from 'rec::util::block::Size' to 'int', possible loss of data
1>c:\w\rec-vs\rec\src\rec\gui\audio\loops.cpp(49): warning C4355: 'this' : used in base member initializer list
1>c:\w\rec-vs\rec\src\rec\gui\audio\loops.cpp(64): warning C4100: 'lastRowSelected' : unreferenced formal parameter
1>c:\w\rec-vs\rec\src\rec\gui\audio\loops.cpp(142): warning C4800: 'int' : forcing value to bool 'true' or 'false' (performance warning)
1>c:\w\rec-vs\rec\src\rec\gui\component\focusable.h(26): warning C4127: conditional expression is constant
1>          c:\w\rec-vs\rec\src\rec\gui\component\focusable.h(25) : while compiling class template member function 'void rec::gui::component::Focusable<Type>::focusGained(juce::Component::FocusChangeType)'
1>          with
1>          [
1>              Type=rec::Component
1>          ]
1>          c:\w\rec-vs\rec\src\rec\widget\waveform\waveform.h(29) : see reference to class template instantiation 'rec::gui::component::Focusable<Type>' being compiled
1>          with
1>          [
1>              Type=rec::Component
1>          ]
1>c:\w\rec-vs\rec\src\rec\gui\component\focusable.h(26): warning C4127: conditional expression is constant
1>          c:\w\rec-vs\rec\src\rec\gui\component\focusable.h(25) : while compiling class template member function 'void rec::gui::component::Focusable<Type>::focusGained(juce::Component::FocusChangeType)'
1>          with
1>          [
1>              Type=rec::gui::TableController
1>          ]
1>          c:\w\rec-vs\rec\src\rec\gui\audio\loops.h(22) : see reference to class template instantiation 'rec::gui::component::Focusable<Type>' being compiled
1>          with
1>          [
1>              Type=rec::gui::TableController
1>          ]
1>c:\w\rec-vs\rec\src\rec\data\persist\data.h(27): warning C4100: 'p' : unreferenced formal parameter
1>          c:\w\rec-vs\rec\src\rec\data\persist\data.h(27) : while compiling class template member function 'void rec::persist::Data<Proto>::operator ()(const Proto &)'
1>          with
1>          [
1>              Proto=rec::util::LoopPointList
1>          ]
1>          c:\w\rec-vs\rec\src\rec\gui\audio\loops.cpp(34) : see reference to class template instantiation 'rec::persist::Data<Proto>' being compiled
1>          with
1>          [
1>              Proto=rec::util::LoopPointList
1>          ]
1>c:\w\rec-vs\rec\src\rec\data\persist\data.h(27): warning C4100: 'p' : unreferenced formal parameter
1>          c:\w\rec-vs\rec\src\rec\data\persist\data.h(27) : while compiling class template member function 'void rec::persist::Data<Proto>::operator ()(const Proto &)'
1>          with
1>          [
1>              Proto=rec::util::file::VirtualFile
1>          ]
1>          c:\w\rec-vs\rec\src\rec\util\listener\datalistener.h(46) : see reference to class template instantiation 'rec::persist::Data<Proto>' being compiled
1>          with
1>          [
1>              Proto=rec::util::file::VirtualFile
1>          ]
1>          c:\w\rec-vs\rec\src\rec\util\listener\datalistener.h(45) : while compiling class template member function 'rec::util::listener::DataListener<Proto>::DataListener(bool)'
1>          with
1>          [
1>              Proto=rec::util::LoopPointList
1>          ]
1>          c:\w\rec-vs\rec\src\rec\widget\waveform\waveform.h(30) : see reference to class template instantiation 'rec::util::listener::DataListener<Proto>' being compiled
1>          with
1>          [
1>              Proto=rec::util::LoopPointList
1>          ]
1>c:\w\rec-vs\rec\src\rec\data\persist\data.h(27): warning C4100: 'p' : unreferenced formal parameter
1>          c:\w\rec-vs\rec\src\rec\data\persist\data.h(27) : while compiling class template member function 'void rec::persist::Data<Proto>::operator ()(const Proto &)'
1>          with
1>          [
1>              Proto=rec::widget::waveform::ZoomProto
1>          ]
1>          c:\w\rec-vs\rec\src\rec\util\listener\datalistener.h(79) : see reference to class template instantiation 'rec::persist::Data<Proto>' being compiled
1>          with
1>          [
1>              Proto=rec::widget::waveform::ZoomProto
1>          ]
1>          c:\w\rec-vs\rec\src\rec\util\listener\datalistener.h(76) : while compiling class template member function 'void rec::util::listener::DataListener<Proto>::setData(rec::persist::Data<Proto> *)'
1>          with
1>          [
1>              Proto=rec::widget::waveform::ZoomProto
1>          ]
1>          c:\w\rec-vs\rec\src\rec\widget\waveform\waveform.h(31) : see reference to class template instantiation 'rec::util::listener::DataListener<Proto>' being compiled
1>          with
1>          [
1>              Proto=rec::widget::waveform::ZoomProto
1>          ]
1>c:\w\rec-vs\rec\src\rec\data\persist\data.h(27): warning C4100: 'p' : unreferenced formal parameter
1>          c:\w\rec-vs\rec\src\rec\data\persist\data.h(27) : while compiling class template member function 'void rec::persist::Data<Proto>::operator ()(const Proto &)'
1>          with
1>          [
1>              Proto=rec::util::Mode
1>          ]
1>          c:\w\rec-vs\rec\src\rec\util\listener\datalistener.h(79) : see reference to class template instantiation 'rec::persist::Data<Proto>' being compiled
1>          with
1>          [
1>              Proto=rec::util::Mode
1>          ]
1>          c:\w\rec-vs\rec\src\rec\util\listener\datalistener.h(76) : while compiling class template member function 'void rec::util::listener::DataListener<Proto>::setData(rec::persist::Data<Proto> *)'
1>          with
1>          [
1>              Proto=rec::util::Mode
1>          ]
1>          c:\w\rec-vs\rec\src\rec\widget\waveform\waveform.h(32) : see reference to class template instantiation 'rec::util::listener::DataListener<Proto>' being compiled
1>          with
1>          [
1>              Proto=rec::util::Mode
1>          ]
1>c:\w\rec-vs\rec\src\rec\gui\tablecontroller.h(31): warning C4505: 'rec::gui::TableController::selectedRowsChanged' : unreferenced local function has been removed
1>c:\w\rec-vs\rec\src\rec\gui\tablecontroller.h(22): warning C4505: 'rec::gui::TableController::getNumRows' : unreferenced local function has been removed
1>  ModeSelector.cpp
1>c:\w\rec-vs\rec\src\rec\gui\layout\layout.h(46): warning C4800: 'rec::Orientation' : forcing value to bool 'true' or 'false' (performance warning)
1>c:\w\rec-vs\rec\src\rec\data\persist\data.h(27): warning C4100: 'p' : unreferenced formal parameter
1>          c:\w\rec-vs\rec\src\rec\data\persist\data.h(27) : while compiling class template member function 'void rec::persist::Data<Proto>::operator ()(const Proto &)'
1>          with
1>          [
1>              Proto=rec::util::Mode
1>          ]
1>          c:\w\rec-vs\rec\src\rec\gui\audio\modeselector.cpp(58) : see reference to class template instantiation 'rec::persist::Data<Proto>' being compiled
1>          with
1>          [
1>              Proto=rec::util::Mode
1>          ]
1>c:\w\rec-vs\rec\src\rec\data\persist\data.h(27): warning C4100: 'p' : unreferenced formal parameter
1>          c:\w\rec-vs\rec\src\rec\data\persist\data.h(27) : while compiling class template member function 'void rec::persist::Data<Proto>::operator ()(const Proto &)'
1>          with
1>          [
1>              Proto=rec::util::file::VirtualFile
1>          ]
1>          c:\w\rec-vs\rec\src\rec\util\listener\datalistener.h(46) : see reference to class template instantiation 'rec::persist::Data<Proto>' being compiled
1>          with
1>          [
1>              Proto=rec::util::file::VirtualFile
1>          ]
1>          c:\w\rec-vs\rec\src\rec\util\listener\datalistener.h(45) : while compiling class template member function 'rec::util::listener::DataListener<Proto>::DataListener(bool)'
1>          with
1>          [
1>              Proto=rec::util::Mode
1>          ]
1>          c:\w\rec-vs\rec\src\rec\gui\audio\modeselector.h(16) : see reference to class template instantiation 'rec::util::listener::DataListener<Proto>' being compiled
1>          with
1>          [
1>              Proto=rec::util::Mode
1>          ]
1>  PlayerController.cpp
1>c:\w\rec-vs\rec\src\rec\gui\layout\layout.h(46): warning C4800: 'rec::Orientation' : forcing value to bool 'true' or 'false' (performance warning)
1>c:\w\rec-vs\rec\src\rec\data\persist\data.h(27): warning C4100: 'p' : unreferenced formal parameter
1>          c:\w\rec-vs\rec\src\rec\data\persist\data.h(27) : while compiling class template member function 'void rec::persist::Data<Proto>::operator ()(const Proto &)'
1>          with
1>          [
1>              Proto=rec::audio::stretch::Stretch
1>          ]
1>          c:\w\rec-vs\rec\src\rec\gui\audio\playercontroller.cpp(103) : see reference to class template instantiation 'rec::persist::Data<Proto>' being compiled
1>          with
1>          [
1>              Proto=rec::audio::stretch::Stretch
1>          ]
1>c:\w\rec-vs\rec\src\rec\data\persist\data.h(27): warning C4100: 'p' : unreferenced formal parameter
1>          c:\w\rec-vs\rec\src\rec\data\persist\data.h(27) : while compiling class template member function 'void rec::persist::Data<Proto>::operator ()(const Proto &)'
1>          with
1>          [
1>              Proto=rec::audio::Gain
1>          ]
1>          c:\w\rec-vs\rec\src\rec\gui\audio\playercontroller.cpp(110) : see reference to class template instantiation 'rec::persist::Data<Proto>' being compiled
1>          with
1>          [
1>              Proto=rec::audio::Gain
1>          ]
1>c:\w\rec-vs\rec\src\rec\data\persist\data.h(27): warning C4100: 'p' : unreferenced formal parameter
1>          c:\w\rec-vs\rec\src\rec\data\persist\data.h(27) : while compiling class template member function 'void rec::persist::Data<Proto>::operator ()(const Proto &)'
1>          with
1>          [
1>              Proto=rec::audio::source::StereoProto
1>          ]
1>          c:\w\rec-vs\rec\src\rec\gui\audio\playercontroller.cpp(122) : see reference to class template instantiation 'rec::persist::Data<Proto>' being compiled
1>          with
1>          [
1>              Proto=rec::audio::source::StereoProto
1>          ]
1>c:\w\rec-vs\rec\src\rec\data\persist\data.h(27): warning C4100: 'p' : unreferenced formal parameter
1>          c:\w\rec-vs\rec\src\rec\data\persist\data.h(27) : while compiling class template member function 'void rec::persist::Data<Proto>::operator ()(const Proto &)'
1>          with
1>          [
1>              Proto=rec::util::Mode
1>          ]
1>          c:\w\rec-vs\rec\src\rec\util\listener\datalistener.h(79) : see reference to class template instantiation 'rec::persist::Data<Proto>' being compiled
1>          with
1>          [
1>              Proto=rec::util::Mode
1>          ]
1>          c:\w\rec-vs\rec\src\rec\util\listener\datalistener.h(76) : while compiling class template member function 'void rec::util::listener::DataListener<Proto>::setData(rec::persist::Data<Proto> *)'
1>          with
1>          [
1>              Proto=rec::util::Mode
1>          ]
1>          c:\w\rec-vs\rec\src\rec\gui\audio\modeselector.h(16) : see reference to class template instantiation 'rec::util::listener::DataListener<Proto>' being compiled
1>          with
1>          [
1>              Proto=rec::util::Mode
1>          ]
1>c:\w\rec-vs\rec\src\rec\data\persist\data.h(27): warning C4100: 'p' : unreferenced formal parameter
1>          c:\w\rec-vs\rec\src\rec\data\persist\data.h(27) : while compiling class template member function 'void rec::persist::Data<Proto>::operator ()(const Proto &)'
1>          with
1>          [
1>              Proto=rec::util::file::VirtualFile
1>          ]
1>          c:\w\rec-vs\rec\src\rec\util\listener\datalistener.h(46) : see reference to class template instantiation 'rec::persist::Data<Proto>' being compiled
1>          with
1>          [
1>              Proto=rec::util::file::VirtualFile
1>          ]
1>          c:\w\rec-vs\rec\src\rec\util\listener\datalistener.h(45) : while compiling class template member function 'rec::util::listener::DataListener<Proto>::DataListener(bool)'
1>          with
1>          [
1>              Proto=rec::audio::Gain
1>          ]
1>          c:\w\rec-vs\rec\src\rec\gui\audio\playercontroller.h(19) : see reference to class template instantiation 'rec::util::listener::DataListener<Proto>' being compiled
1>          with
1>          [
1>              Proto=rec::audio::Gain
1>          ]
1>  SetupPage.cpp
1>c:\w\rec-vs\rec\src\rec\audio\device.h(11): warning C4355: 'this' : used in base member initializer list
1>  TimeController.cpp
1>c:\w\rec-vs\rec\src\rec\base\sampleposition.h(12): warning C4244: 'initializing' : conversion from 'double' to 'rec::int64', possible loss of data
1>c:\w\rec-vs\rec\src\rec\base\sampleposition.h(13): warning C4244: 'initializing' : conversion from 'float' to 'rec::int64', possible loss of data
1>c:\w\rec-vs\rec\src\rec\gui\layout\layout.h(46): warning C4800: 'rec::Orientation' : forcing value to bool 'true' or 'false' (performance warning)
1>  TransportController.cpp
1>c:\w\rec-vs\rec\src\rec\base\sampleposition.h(12): warning C4244: 'initializing' : conversion from 'double' to 'rec::int64', possible loss of data
1>c:\w\rec-vs\rec\src\rec\base\sampleposition.h(13): warning C4244: 'initializing' : conversion from 'float' to 'rec::int64', possible loss of data
1>c:\w\rec-vs\rec\src\rec\audio\device.h(11): warning C4355: 'this' : used in base member initializer list
1>c:\w\rec-vs\rec\src\rec\audio\source\wrappy.h(44): warning C4520: 'rec::audio::source::Wrappy' : multiple default constructors specified
1>c:\w\rec-vs\rec\src\rec\util\block\block.h(52): warning C4244: 'return' : conversion from 'const rec::util::block::Size' to 'int', possible loss of data
1>c:\w\rec-vs\rec\src\rec\util\block\block.h(70): warning C4244: '=' : conversion from 'const rec::util::block::Size' to 'int', possible loss of data
1>c:\w\rec-vs\rec\src\rec\util\block\block.h(71): warning C4244: '=' : conversion from 'rec::util::block::Size' to 'int', possible loss of data
1>c:\w\rec-vs\rec\src\rec\gui\layout\layout.h(46): warning C4800: 'rec::Orientation' : forcing value to bool 'true' or 'false' (performance warning)
1>c:\w\rec-vs\rec\src\rec\gui\component\focusable.h(26): warning C4127: conditional expression is constant
1>          c:\w\rec-vs\rec\src\rec\gui\component\focusable.h(25) : while compiling class template member function 'void rec::gui::component::Focusable<Type>::focusGained(juce::Component::FocusChangeType)'
1>          with
1>          [
1>              Type=rec::Component
1>          ]
1>          c:\w\rec-vs\rec\src\rec\widget\waveform\waveform.h(29) : see reference to class template instantiation 'rec::gui::component::Focusable<Type>' being compiled
1>          with
1>          [
1>              Type=rec::Component
1>          ]
1>c:\w\rec-vs\rec\src\rec\gui\component\focusable.h(26): warning C4127: conditional expression is constant
1>          c:\w\rec-vs\rec\src\rec\gui\component\focusable.h(25) : while compiling class template member function 'void rec::gui::component::Focusable<Type>::focusGained(juce::Component::FocusChangeType)'
1>          with
1>          [
1>              Type=rec::gui::TableController
1>          ]
1>          c:\w\rec-vs\rec\src\rec\gui\audio\loops.h(22) : see reference to class template instantiation 'rec::gui::component::Focusable<Type>' being compiled
1>          with
1>          [
1>              Type=rec::gui::TableController
1>          ]
1>c:\w\rec-vs\rec\src\rec\data\persist\data.h(27): warning C4100: 'p' : unreferenced formal parameter
1>          c:\w\rec-vs\rec\src\rec\data\persist\data.h(27) : while compiling class template member function 'void rec::persist::Data<Proto>::operator ()(const Proto &)'
1>          with
1>          [
1>              Proto=rec::audio::Gain
1>          ]
1>          c:\w\rec-vs\rec\src\rec\util\listener\datalistener.h(79) : see reference to class template instantiation 'rec::persist::Data<Proto>' being compiled
1>          with
1>          [
1>              Proto=rec::audio::Gain
1>          ]
1>          c:\w\rec-vs\rec\src\rec\util\listener\datalistener.h(76) : while compiling class template member function 'void rec::util::listener::DataListener<Proto>::setData(rec::persist::Data<Proto> *)'
1>          with
1>          [
1>              Proto=rec::audio::Gain
1>          ]
1>          c:\w\rec-vs\rec\src\rec\audio\source\player.h(32) : see reference to class template instantiation 'rec::util::listener::DataListener<Proto>' being compiled
1>          with
1>          [
1>              Proto=rec::audio::Gain
1>          ]
1>c:\w\rec-vs\rec\src\rec\data\persist\data.h(27): warning C4100: 'p' : unreferenced formal parameter
1>          c:\w\rec-vs\rec\src\rec\data\persist\data.h(27) : while compiling class template member function 'void rec::persist::Data<Proto>::operator ()(const Proto &)'
1>          with
1>          [
1>              Proto=rec::util::LoopPointList
1>          ]
1>          c:\w\rec-vs\rec\src\rec\util\listener\datalistener.h(79) : see reference to class template instantiation 'rec::persist::Data<Proto>' being compiled
1>          with
1>          [
1>              Proto=rec::util::LoopPointList
1>          ]
1>          c:\w\rec-vs\rec\src\rec\util\listener\datalistener.h(76) : while compiling class template member function 'void rec::util::listener::DataListener<Proto>::setData(rec::persist::Data<Proto> *)'
1>          with
1>          [
1>              Proto=rec::util::LoopPointList
1>          ]
1>          c:\w\rec-vs\rec\src\rec\audio\source\player.h(33) : see reference to class template instantiation 'rec::util::listener::DataListener<Proto>' being compiled
1>          with
1>          [
1>              Proto=rec::util::LoopPointList
1>          ]
1>c:\w\rec-vs\rec\src\rec\data\persist\data.h(27): warning C4100: 'p' : unreferenced formal parameter
1>          c:\w\rec-vs\rec\src\rec\data\persist\data.h(27) : while compiling class template member function 'void rec::persist::Data<Proto>::operator ()(const Proto &)'
1>          with
1>          [
1>              Proto=rec::audio::source::StereoProto
1>          ]
1>          c:\w\rec-vs\rec\src\rec\util\listener\datalistener.h(79) : see reference to class template instantiation 'rec::persist::Data<Proto>' being compiled
1>          with
1>          [
1>              Proto=rec::audio::source::StereoProto
1>          ]
1>          c:\w\rec-vs\rec\src\rec\util\listener\datalistener.h(76) : while compiling class template member function 'void rec::util::listener::DataListener<Proto>::setData(rec::persist::Data<Proto> *)'
1>          with
1>          [
1>              Proto=rec::audio::source::StereoProto
1>          ]
1>          c:\w\rec-vs\rec\src\rec\audio\source\player.h(34) : see reference to class template instantiation 'rec::util::listener::DataListener<Proto>' being compiled
1>          with
1>          [
1>              Proto=rec::audio::source::StereoProto
1>          ]
1>c:\w\rec-vs\rec\src\rec\data\persist\data.h(27): warning C4100: 'p' : unreferenced formal parameter
1>          c:\w\rec-vs\rec\src\rec\data\persist\data.h(27) : while compiling class template member function 'void rec::persist::Data<Proto>::operator ()(const Proto &)'
1>          with
1>          [
1>              Proto=rec::widget::waveform::ZoomProto
1>          ]
1>          c:\w\rec-vs\rec\src\rec\util\listener\datalistener.h(79) : see reference to class template instantiation 'rec::persist::Data<Proto>' being compiled
1>          with
1>          [
1>              Proto=rec::widget::waveform::ZoomProto
1>          ]
1>          c:\w\rec-vs\rec\src\rec\util\listener\datalistener.h(76) : while compiling class template member function 'void rec::util::listener::DataListener<Proto>::setData(rec::persist::Data<Proto> *)'
1>          with
1>          [
1>              Proto=rec::widget::waveform::ZoomProto
1>          ]
1>          c:\w\rec-vs\rec\src\rec\widget\waveform\waveform.h(31) : see reference to class template instantiation 'rec::util::listener::DataListener<Proto>' being compiled
1>          with
1>          [
1>              Proto=rec::widget::waveform::ZoomProto
1>          ]
1>c:\w\rec-vs\rec\src\rec\data\persist\data.h(27): warning C4100: 'p' : unreferenced formal parameter
1>          c:\w\rec-vs\rec\src\rec\data\persist\data.h(27) : while compiling class template member function 'void rec::persist::Data<Proto>::operator ()(const Proto &)'
1>          with
1>          [
1>              Proto=rec::util::Mode
1>          ]
1>          c:\w\rec-vs\rec\src\rec\util\listener\datalistener.h(79) : see reference to class template instantiation 'rec::persist::Data<Proto>' being compiled
1>          with
1>          [
1>              Proto=rec::util::Mode
1>          ]
1>          c:\w\rec-vs\rec\src\rec\util\listener\datalistener.h(76) : while compiling class template member function 'void rec::util::listener::DataListener<Proto>::setData(rec::persist::Data<Proto> *)'
1>          with
1>          [
1>              Proto=rec::util::Mode
1>          ]
1>          c:\w\rec-vs\rec\src\rec\widget\waveform\waveform.h(32) : see reference to class template instantiation 'rec::util::listener::DataListener<Proto>' being compiled
1>          with
1>          [
1>              Proto=rec::util::Mode
1>          ]
1>c:\w\rec-vs\rec\src\rec\gui\tablecontroller.h(31): warning C4505: 'rec::gui::TableController::selectedRowsChanged' : unreferenced local function has been removed
1>c:\w\rec-vs\rec\src\rec\gui\tablecontroller.h(22): warning C4505: 'rec::gui::TableController::getNumRows' : unreferenced local function has been removed
1>  Color.cpp
1>c:\w\rec-vs\rec\src\rec\gui\color.cpp(53): warning C4018: '<' : signed/unsigned mismatch
1>c:\w\rec-vs\rec\src\rec\gui\color.cpp(75): warning C4018: '<' : signed/unsigned mismatch
1>  DataSlider.cpp
1>c:\w\rec-vs\rec\src\rec\gui\layout\layout.h(46): warning C4800: 'rec::Orientation' : forcing value to bool 'true' or 'false' (performance warning)
1>  Dialog.cpp
1>  Geometry.cpp
1>c:\w\rec-vs\rec\src\rec\gui\geometry.cpp(37): warning C4244: 'argument' : conversion from 'int' to 'float', possible loss of data
1>c:\w\rec-vs\rec\src\rec\gui\geometry.cpp(37): warning C4244: 'argument' : conversion from 'int' to 'float', possible loss of data
1>c:\w\rec-vs\rec\src\rec\gui\geometry.cpp(37): warning C4244: 'argument' : conversion from 'int' to 'float', possible loss of data
1>c:\w\rec-vs\rec\src\rec\gui\geometry.cpp(37): warning C4244: 'argument' : conversion from 'int' to 'float', possible loss of data
1>  AudioCard.svg.cpp
1>  Generating Code...
1>c:\w\rec-vs\rec\src\rec\data\yaml\src\tag.cpp(48): warning C4715: 'YAML::Tag::Translate' : not all control paths return a value
1>  Compiling...
1>  AudioInputMicrophone.svg.cpp
1>  AudioXGeneric.svg.cpp
1>  Crosshairs.svg.cpp
1>  DraggingHand.svg.cpp
1>  DriveHardDisk.svg.cpp
1>  DriveOptical.svg.cpp
1>  FullScreen.svg.cpp
1>  FullScreenRev.svg.cpp
1>  MediaOptical.svg.cpp
1>  MediaPlay.svg.cpp
1>  MediaPlaybackStart.svg.cpp
1>  MediaPlaybackStop.svg.cpp
1>  MediaRecord.svg.cpp
1>  OpenFolder.svg.cpp
1>  Pencil.svg.cpp
1>  PointingHand.svg.cpp
1>  ThickFolder.svg.cpp
1>  ThinFolder.svg.cpp
1>  ZoomIn.svg.cpp
1>  PersistentWindow.cpp
1>c:\w\rec-vs\rec\src\rec\data\persist\data.h(27): warning C4100: 'p' : unreferenced formal parameter
1>          c:\w\rec-vs\rec\src\rec\data\persist\data.h(27) : while compiling class template member function 'void rec::persist::Data<Proto>::operator ()(const Proto &)'
1>          with
1>          [
1>              Proto=rec::slow::AppLayout
1>          ]
1>          c:\w\rec-vs\rec\src\rec\data\persist\persist.h(29) : see reference to class template instantiation 'rec::persist::Data<Proto>' being compiled
1>          with
1>          [
1>              Proto=rec::slow::AppLayout
1>          ]
1>          c:\w\rec-vs\rec\src\rec\gui\persistentwindow.cpp(41) : see reference to function template instantiation 'const Proto rec::persist::getGlobal<rec::slow::AppLayout>(void)' being compiled
1>          with
1>          [
1>              Proto=rec::slow::AppLayout
1>          ]
1>  Generating Code...
1>  Compiling...
1>  RecentFiles.cpp
1>c:\w\rec-vs\rec\src\rec\gui\recentfiles.cpp(61): warning C4018: '<' : signed/unsigned mismatch
1>c:\w\rec-vs\rec\src\rec\data\persist\data.h(27): warning C4100: 'p' : unreferenced formal parameter
1>          c:\w\rec-vs\rec\src\rec\data\persist\data.h(27) : while compiling class template member function 'void rec::persist::Data<Proto>::operator ()(const Proto &)'
1>          with
1>          [
1>              Proto=rec::gui::RecentFiles
1>          ]
1>          c:\w\rec-vs\rec\src\rec\gui\recentfiles.cpp(62) : see reference to class template instantiation 'rec::persist::Data<Proto>' being compiled
1>          with
1>          [
1>              Proto=rec::gui::RecentFiles
1>          ]
1>  SetterResizer.cpp
1>c:\w\rec-vs\rec\src\rec\gui\layout\layout.h(46): warning C4800: 'rec::Orientation' : forcing value to bool 'true' or 'false' (performance warning)
1>  TableController.cpp
1>c:\w\rec-vs\rec\src\rec\gui\tablecontroller.cpp(10): warning C4355: 'this' : used in base member initializer list
1>c:\w\rec-vs\rec\src\rec\gui\tablecontroller.cpp(31): warning C4100: 'rowNumber' : unreferenced formal parameter
1>c:\w\rec-vs\rec\src\rec\gui\tablecontroller.cpp(43): warning C4100: 'rowIsSelected' : unreferenced formal parameter
1>c:\w\rec-vs\rec\src\rec\gui\tablecontroller.h(31): warning C4505: 'rec::gui::TableController::selectedRowsChanged' : unreferenced local function has been removed
1>c:\w\rec-vs\rec\src\rec\gui\tablecontroller.h(22): warning C4505: 'rec::gui::TableController::getNumRows' : unreferenced local function has been removed
1>  CleanName.cpp
1>  Metadata.cpp
1>  Instance.cpp
1>c:\w\rec-vs\rec\src\rec\audio\device.h(11): warning C4355: 'this' : used in base member initializer list
1>c:\w\rec-vs\rec\src\rec\base\sampleposition.h(12): warning C4244: 'initializing' : conversion from 'double' to 'rec::int64', possible loss of data
1>c:\w\rec-vs\rec\src\rec\base\sampleposition.h(13): warning C4244: 'initializing' : conversion from 'float' to 'rec::int64', possible loss of data
1>c:\w\rec-vs\rec\src\rec\audio\source\wrappy.h(44): warning C4520: 'rec::audio::source::Wrappy' : multiple default constructors specified
1>c:\w\rec-vs\rec\src\rec\util\block\block.h(52): warning C4244: 'return' : conversion from 'const rec::util::block::Size' to 'int', possible loss of data
1>c:\w\rec-vs\rec\src\rec\util\block\block.h(70): warning C4244: '=' : conversion from 'const rec::util::block::Size' to 'int', possible loss of data
1>c:\w\rec-vs\rec\src\rec\util\block\block.h(71): warning C4244: '=' : conversion from 'rec::util::block::Size' to 'int', possible loss of data
1>c:\w\rec-vs\rec\src\rec\gui\layout\layout.h(46): warning C4800: 'rec::Orientation' : forcing value to bool 'true' or 'false' (performance warning)
1>c:\w\rec-vs\rec\src\rec\gui\settertext.h(46): warning C4100: 'editor' : unreferenced formal parameter
1>c:\w\rec-vs\rec\src\rec\gui\settertext.h(47): warning C4100: 'editor' : unreferenced formal parameter
1>c:\w\rec-vs\rec\src\rec\gui\settertext.h(48): warning C4100: 'editor' : unreferenced formal parameter
1>c:\w\rec-vs\rec\src\rec\gui\settertextarea.h(33): warning C4018: '<' : signed/unsigned mismatch
1>c:\w\rec-vs\rec\src\rec\slow\target.h(14): warning C4099: 'rec::slow::Instance' : type name first seen using 'struct' now seen using 'class'
1>          c:\w\rec-vs\rec\src\rec\slow\instance.h(19) : see declaration of 'rec::slow::Instance'
1>c:\w\rec-vs\rec\src\rec\slow\components.h(25): warning C4099: 'rec::slow::Components' : type name first seen using 'class' now seen using 'struct'
1>          c:\w\rec-vs\rec\src\rec\slow\instance.h(9) : see declaration of 'rec::slow::Components'
1>c:\w\rec-vs\rec\src\rec\slow\components.h(31): warning C4355: 'this' : used in base member initializer list
1>c:\w\rec-vs\rec\src\rec\slow\components.h(32): warning C4355: 'this' : used in base member initializer list
1>c:\w\rec-vs\rec\src\rec\slow\loopcommands.h(10): warning C4099: 'rec::slow::Instance' : type name first seen using 'struct' now seen using 'class'
1>          c:\w\rec-vs\rec\src\rec\slow\instance.h(19) : see declaration of 'rec::slow::Instance'
1>c:\w\rec-vs\rec\src\rec\slow\listeners.h(16): warning C4099: 'rec::gui::DropFiles' : type name first seen using 'struct' now seen using 'class'
1>          c:\w\rec-vs\rec\src\rec\gui\dropfiles.h(9) : see declaration of 'rec::gui::DropFiles'
1>c:\w\rec-vs\rec\src\rec\slow\listeners.h(26): warning C4099: 'rec::slow::Instance' : type name first seen using 'struct' now seen using 'class'
1>          c:\w\rec-vs\rec\src\rec\slow\instance.h(19) : see declaration of 'rec::slow::Instance'
1>c:\w\rec-vs\rec\src\rec\slow\menus.h(18): warning C4100: 'topLevelMenuIndex' : unreferenced formal parameter
1>c:\w\rec-vs\rec\src\rec\slow\menus.h(18): warning C4100: 'menuItemID' : unreferenced formal parameter
1>c:\w\rec-vs\rec\src\rec\slow\model.h(27): warning C4099: 'rec::slow::Instance' : type name first seen using 'struct' now seen using 'class'
1>          c:\w\rec-vs\rec\src\rec\slow\instance.h(19) : see declaration of 'rec::slow::Instance'
1>c:\w\rec-vs\rec\src\rec\slow\threads.h(11): warning C4099: 'rec::slow::Model' : type name first seen using 'class' now seen using 'struct'
1>          c:\w\rec-vs\rec\src\rec\slow\model.h(29) : see declaration of 'rec::slow::Model'
1>c:\w\rec-vs\rec\src\rec\slow\instance.cpp(17): warning C4355: 'this' : used in base member initializer list
1>c:\w\rec-vs\rec\src\rec\slow\instance.cpp(20): warning C4355: 'this' : used in base member initializer list
1>c:\w\rec-vs\rec\src\rec\slow\instance.cpp(21): warning C4355: 'this' : used in base member initializer list
1>c:\w\rec-vs\rec\src\rec\slow\instance.cpp(22): warning C4355: 'this' : used in base member initializer list
1>c:\w\rec-vs\rec\src\rec\slow\instance.cpp(23): warning C4355: 'this' : used in base member initializer list
1>c:\w\rec-vs\rec\src\rec\slow\instance.cpp(24): warning C4355: 'this' : used in base member initializer list
1>c:\w\rec-vs\rec\src\rec\gui\component\focusable.h(26): warning C4127: conditional expression is constant
1>          c:\w\rec-vs\rec\src\rec\gui\component\focusable.h(25) : while compiling class template member function 'void rec::gui::component::Focusable<Type>::focusGained(juce::Component::FocusChangeType)'
1>          with
1>          [
1>              Type=rec::Component
1>          ]
1>          c:\w\rec-vs\rec\src\rec\widget\waveform\waveform.h(29) : see reference to class template instantiation 'rec::gui::component::Focusable<Type>' being compiled
1>          with
1>          [
1>              Type=rec::Component
1>          ]
1>c:\w\rec-vs\rec\src\rec\gui\component\focusable.h(26): warning C4127: conditional expression is constant
1>          c:\w\rec-vs\rec\src\rec\gui\component\focusable.h(25) : while compiling class template member function 'void rec::gui::component::Focusable<Type>::focusGained(juce::Component::FocusChangeType)'
1>          with
1>          [
1>              Type=rec::gui::TableController
1>          ]
1>          c:\w\rec-vs\rec\src\rec\gui\audio\loops.h(22) : see reference to class template instantiation 'rec::gui::component::Focusable<Type>' being compiled
1>          with
1>          [
1>              Type=rec::gui::TableController
1>          ]
1>c:\w\rec-vs\rec\src\rec\gui\component\focusable.h(26): warning C4127: conditional expression is constant
1>          c:\w\rec-vs\rec\src\rec\gui\component\focusable.h(25) : while compiling class template member function 'void rec::gui::component::Focusable<Type>::focusGained(juce::Component::FocusChangeType)'
1>          with
1>          [
1>              Type=rec::gui::SetterTextArea
1>          ]
1>          c:\w\rec-vs\rec\src\rec\gui\songdata.h(15) : see reference to class template instantiation 'rec::gui::component::Focusable<Type>' being compiled
1>          with
1>          [
1>              Type=rec::gui::SetterTextArea
1>          ]
1>c:\w\rec-vs\rec\src\rec\data\persist\data.h(27): warning C4100: 'p' : unreferenced formal parameter
1>          c:\w\rec-vs\rec\src\rec\data\persist\data.h(27) : while compiling class template member function 'void rec::persist::Data<Proto>::operator ()(const Proto &)'
1>          with
1>          [
1>              Proto=rec::music::Metadata
1>          ]
1>          c:\w\rec-vs\rec\src\rec\gui\songdata.h(47) : see reference to class template instantiation 'rec::persist::Data<Proto>' being compiled
1>          with
1>          [
1>              Proto=rec::music::Metadata
1>          ]
1>c:\w\rec-vs\rec\src\rec\gui\component\focusable.h(26): warning C4127: conditional expression is constant
1>          c:\w\rec-vs\rec\src\rec\gui\component\focusable.h(25) : while compiling class template member function 'void rec::gui::component::Focusable<Type>::focusGained(juce::Component::FocusChangeType)'
1>          with
1>          [
1>              Type=rec::widget::tree::TreeViewDropTarget
1>          ]
1>          c:\w\rec-vs\rec\src\rec\widget\tree\treeviewdropall.h(17) : see reference to class template instantiation 'rec::gui::component::Focusable<Type>' being compiled
1>          with
1>          [
1>              Type=rec::widget::tree::TreeViewDropTarget
1>          ]
1>c:\w\rec-vs\rec\src\rec\data\persist\data.h(27): warning C4100: 'p' : unreferenced formal parameter
1>          c:\w\rec-vs\rec\src\rec\data\persist\data.h(27) : while compiling class template member function 'void rec::persist::Data<Proto>::operator ()(const Proto &)'
1>          with
1>          [
1>              Proto=rec::slow::AppLayout
1>          ]
1>          c:\w\rec-vs\rec\src\rec\slow\components.h(33) : see reference to class template instantiation 'rec::persist::Data<Proto>' being compiled
1>          with
1>          [
1>              Proto=rec::slow::AppLayout
1>          ]
1>c:\w\rec-vs\rec\src\rec\audio\source\framesource.h(25): warning C4244: '-=' : conversion from 'rec::int64' to 'int', possible loss of data
1>          c:\w\rec-vs\rec\src\rec\audio\source\framesource.h(16) : while compiling class template member function 'void rec::audio::source::FrameSource<Sample,CHANNELS>::getNextAudioBlock(const rec::audio::Info &)'
1>          with
1>          [
1>              Sample=short,
1>              CHANNELS=2
1>          ]
1>          c:\w\rec-vs\rec\src\rec\slow\model.h(69) : see reference to class template instantiation 'rec::audio::source::FrameSource<Sample,CHANNELS>' being compiled
1>          with
1>          [
1>              Sample=short,
1>              CHANNELS=2
1>          ]
1>c:\w\rec-vs\rec\src\rec\audio\source\framesource.h(26): warning C4244: '+=' : conversion from 'rec::int64' to 'int', possible loss of data
1>c:\w\rec-vs\rec\src\rec\audio\source\framesource.h(44): warning C4100: 'r' : unreferenced formal parameter
1>          c:\w\rec-vs\rec\src\rec\audio\source\framesource.h(44) : while compiling class template member function 'void rec::audio::source::FrameSource<Sample,CHANNELS>::prepareToPlay(int,double)'
1>          with
1>          [
1>              Sample=short,
1>              CHANNELS=2
1>          ]
1>c:\w\rec-vs\rec\src\rec\audio\source\framesource.h(44): warning C4100: 's' : unreferenced formal parameter
1>c:\w\rec-vs\rec\src\rec\data\persist\data.h(27): warning C4100: 'p' : unreferenced formal parameter
1>          c:\w\rec-vs\rec\src\rec\data\persist\data.h(27) : while compiling class template member function 'void rec::persist::Data<Proto>::operator ()(const Proto &)'
1>          with
1>          [
1>              Proto=rec::audio::Gain
1>          ]
1>          c:\w\rec-vs\rec\src\rec\util\listener\datalistener.h(79) : see reference to class template instantiation 'rec::persist::Data<Proto>' being compiled
1>          with
1>          [
1>              Proto=rec::audio::Gain
1>          ]
1>          c:\w\rec-vs\rec\src\rec\util\listener\datalistener.h(76) : while compiling class template member function 'void rec::util::listener::DataListener<Proto>::setData(rec::persist::Data<Proto> *)'
1>          with
1>          [
1>              Proto=rec::audio::Gain
1>          ]
1>          c:\w\rec-vs\rec\src\rec\audio\source\player.h(32) : see reference to class template instantiation 'rec::util::listener::DataListener<Proto>' being compiled
1>          with
1>          [
1>              Proto=rec::audio::Gain
1>          ]
1>c:\w\rec-vs\rec\src\rec\data\persist\data.h(27): warning C4100: 'p' : unreferenced formal parameter
1>          c:\w\rec-vs\rec\src\rec\data\persist\data.h(27) : while compiling class template member function 'void rec::persist::Data<Proto>::operator ()(const Proto &)'
1>          with
1>          [
1>              Proto=rec::util::LoopPointList
1>          ]
1>          c:\w\rec-vs\rec\src\rec\util\listener\datalistener.h(79) : see reference to class template instantiation 'rec::persist::Data<Proto>' being compiled
1>          with
1>          [
1>              Proto=rec::util::LoopPointList
1>          ]
1>          c:\w\rec-vs\rec\src\rec\util\listener\datalistener.h(76) : while compiling class template member function 'void rec::util::listener::DataListener<Proto>::setData(rec::persist::Data<Proto> *)'
1>          with
1>          [
1>              Proto=rec::util::LoopPointList
1>          ]
1>          c:\w\rec-vs\rec\src\rec\audio\source\player.h(33) : see reference to class template instantiation 'rec::util::listener::DataListener<Proto>' being compiled
1>          with
1>          [
1>              Proto=rec::util::LoopPointList
1>          ]
1>c:\w\rec-vs\rec\src\rec\data\persist\data.h(27): warning C4100: 'p' : unreferenced formal parameter
1>          c:\w\rec-vs\rec\src\rec\data\persist\data.h(27) : while compiling class template member function 'void rec::persist::Data<Proto>::operator ()(const Proto &)'
1>          with
1>          [
1>              Proto=rec::audio::source::StereoProto
1>          ]
1>          c:\w\rec-vs\rec\src\rec\util\listener\datalistener.h(79) : see reference to class template instantiation 'rec::persist::Data<Proto>' being compiled
1>          with
1>          [
1>              Proto=rec::audio::source::StereoProto
1>          ]
1>          c:\w\rec-vs\rec\src\rec\util\listener\datalistener.h(76) : while compiling class template member function 'void rec::util::listener::DataListener<Proto>::setData(rec::persist::Data<Proto> *)'
1>          with
1>          [
1>              Proto=rec::audio::source::StereoProto
1>          ]
1>          c:\w\rec-vs\rec\src\rec\audio\source\player.h(34) : see reference to class template instantiation 'rec::util::listener::DataListener<Proto>' being compiled
1>          with
1>          [
1>              Proto=rec::audio::source::StereoProto
1>          ]
1>c:\w\rec-vs\rec\src\rec\data\persist\data.h(27): warning C4100: 'p' : unreferenced formal parameter
1>          c:\w\rec-vs\rec\src\rec\data\persist\data.h(27) : while compiling class template member function 'void rec::persist::Data<Proto>::operator ()(const Proto &)'
1>          with
1>          [
1>              Proto=rec::widget::waveform::ZoomProto
1>          ]
1>          c:\w\rec-vs\rec\src\rec\util\listener\datalistener.h(79) : see reference to class template instantiation 'rec::persist::Data<Proto>' being compiled
1>          with
1>          [
1>              Proto=rec::widget::waveform::ZoomProto
1>          ]
1>          c:\w\rec-vs\rec\src\rec\util\listener\datalistener.h(76) : while compiling class template member function 'void rec::util::listener::DataListener<Proto>::setData(rec::persist::Data<Proto> *)'
1>          with
1>          [
1>              Proto=rec::widget::waveform::ZoomProto
1>          ]
1>          c:\w\rec-vs\rec\src\rec\widget\waveform\waveform.h(31) : see reference to class template instantiation 'rec::util::listener::DataListener<Proto>' being compiled
1>          with
1>          [
1>              Proto=rec::widget::waveform::ZoomProto
1>          ]
1>c:\w\rec-vs\rec\src\rec\data\persist\data.h(27): warning C4100: 'p' : unreferenced formal parameter
1>          c:\w\rec-vs\rec\src\rec\data\persist\data.h(27) : while compiling class template member function 'void rec::persist::Data<Proto>::operator ()(const Proto &)'
1>          with
1>          [
1>              Proto=rec::util::Mode
1>          ]
1>          c:\w\rec-vs\rec\src\rec\util\listener\datalistener.h(79) : see reference to class template instantiation 'rec::persist::Data<Proto>' being compiled
1>          with
1>          [
1>              Proto=rec::util::Mode
1>          ]
1>          c:\w\rec-vs\rec\src\rec\util\listener\datalistener.h(76) : while compiling class template member function 'void rec::util::listener::DataListener<Proto>::setData(rec::persist::Data<Proto> *)'
1>          with
1>          [
1>              Proto=rec::util::Mode
1>          ]
1>          c:\w\rec-vs\rec\src\rec\widget\waveform\waveform.h(32) : see reference to class template instantiation 'rec::util::listener::DataListener<Proto>' being compiled
1>          with
1>          [
1>              Proto=rec::util::Mode
1>          ]
1>c:\w\rec-vs\rec\src\rec\data\persist\data.h(27): warning C4100: 'p' : unreferenced formal parameter
1>          c:\w\rec-vs\rec\src\rec\data\persist\data.h(27) : while compiling class template member function 'void rec::persist::Data<Proto>::operator ()(const Proto &)'
1>          with
1>          [
1>              Proto=rec::util::file::VirtualFile
1>          ]
1>          c:\w\rec-vs\rec\src\rec\util\listener\datalistener.h(46) : see reference to class template instantiation 'rec::persist::Data<Proto>' being compiled
1>          with
1>          [
1>              Proto=rec::util::file::VirtualFile
1>          ]
1>          c:\w\rec-vs\rec\src\rec\util\listener\datalistener.h(45) : while compiling class template member function 'rec::util::listener::DataListener<Proto>::DataListener(bool)'
1>          with
1>          [
1>              Proto=rec::music::Metadata
1>          ]
1>          c:\w\rec-vs\rec\src\rec\gui\songdata.h(17) : see reference to class template instantiation 'rec::util::listener::DataListener<Proto>' being compiled
1>          with
1>          [
1>              Proto=rec::music::Metadata
1>          ]
1>c:\w\rec-vs\rec\src\rec\data\persist\data.h(27): warning C4100: 'p' : unreferenced formal parameter
1>          c:\w\rec-vs\rec\src\rec\data\persist\data.h(27) : while compiling class template member function 'void rec::persist::Data<Proto>::operator ()(const Proto &)'
1>          with
1>          [
1>              Proto=rec::audio::stretch::Stretch
1>          ]
1>          c:\w\rec-vs\rec\src\rec\util\listener\datalistener.h(79) : see reference to class template instantiation 'rec::persist::Data<Proto>' being compiled
1>          with
1>          [
1>              Proto=rec::audio::stretch::Stretch
1>          ]
1>          c:\w\rec-vs\rec\src\rec\util\listener\datalistener.h(76) : while compiling class template member function 'void rec::util::listener::DataListener<Proto>::setData(rec::persist::Data<Proto> *)'
1>          with
1>          [
1>              Proto=rec::audio::stretch::Stretch
1>          ]
1>          c:\w\rec-vs\rec\src\rec\gui\audio\playercontroller.h(21) : see reference to class template instantiation 'rec::util::listener::DataListener<Proto>' being compiled
1>          with
1>          [
1>              Proto=rec::audio::stretch::Stretch
1>          ]
1>c:\w\rec-vs\rec\src\rec\gui\tablecontroller.h(31): warning C4505: 'rec::gui::TableController::selectedRowsChanged' : unreferenced local function has been removed
1>c:\w\rec-vs\rec\src\rec\gui\tablecontroller.h(22): warning C4505: 'rec::gui::TableController::getNumRows' : unreferenced local function has been removed
1>  Listeners.cpp
1>c:\w\rec-vs\rec\src\rec\base\sampleposition.h(12): warning C4244: 'initializing' : conversion from 'double' to 'rec::int64', possible loss of data
1>c:\w\rec-vs\rec\src\rec\base\sampleposition.h(13): warning C4244: 'initializing' : conversion from 'float' to 'rec::int64', possible loss of data
1>c:\w\rec-vs\rec\src\rec\slow\loopcommands.h(10): warning C4099: 'rec::slow::Instance' : type name first seen using 'struct' now seen using 'class'
1>          c:\w\rec-vs\rec\src\rec\slow\instance.h(19) : see declaration of 'rec::slow::Instance'
1>c:\w\rec-vs\rec\src\rec\slow\listeners.h(26): warning C4099: 'rec::slow::Instance' : type name first seen using 'struct' now seen using 'class'
1>          c:\w\rec-vs\rec\src\rec\slow\instance.h(19) : see declaration of 'rec::slow::Instance'
1>c:\w\rec-vs\rec\src\rec\gui\dropfiles.h(9): warning C4099: 'rec::gui::DropFiles' : type name first seen using 'class' now seen using 'struct'
1>          c:\w\rec-vs\rec\src\rec\slow\listeners.h(16) : see declaration of 'rec::gui::DropFiles'
1>c:\w\rec-vs\rec\src\rec\util\block\block.h(52): warning C4244: 'return' : conversion from 'const rec::util::block::Size' to 'int', possible loss of data
1>c:\w\rec-vs\rec\src\rec\util\block\block.h(70): warning C4244: '=' : conversion from 'const rec::util::block::Size' to 'int', possible loss of data
1>c:\w\rec-vs\rec\src\rec\util\block\block.h(71): warning C4244: '=' : conversion from 'rec::util::block::Size' to 'int', possible loss of data
1>c:\w\rec-vs\rec\src\rec\gui\layout\layout.h(46): warning C4800: 'rec::Orientation' : forcing value to bool 'true' or 'false' (performance warning)
1>c:\w\rec-vs\rec\src\rec\gui\settertext.h(46): warning C4100: 'editor' : unreferenced formal parameter
1>c:\w\rec-vs\rec\src\rec\gui\settertext.h(47): warning C4100: 'editor' : unreferenced formal parameter
1>c:\w\rec-vs\rec\src\rec\gui\settertext.h(48): warning C4100: 'editor' : unreferenced formal parameter
1>c:\w\rec-vs\rec\src\rec\gui\settertextarea.h(33): warning C4018: '<' : signed/unsigned mismatch
1>c:\w\rec-vs\rec\src\rec\audio\device.h(11): warning C4355: 'this' : used in base member initializer list
1>c:\w\rec-vs\rec\src\rec\audio\source\wrappy.h(44): warning C4520: 'rec::audio::source::Wrappy' : multiple default constructors specified
1>c:\w\rec-vs\rec\src\rec\slow\target.h(14): warning C4099: 'rec::slow::Instance' : type name first seen using 'struct' now seen using 'class'
1>          c:\w\rec-vs\rec\src\rec\slow\instance.h(19) : see declaration of 'rec::slow::Instance'
1>c:\w\rec-vs\rec\src\rec\slow\components.h(25): warning C4099: 'rec::slow::Components' : type name first seen using 'class' now seen using 'struct'
1>          c:\w\rec-vs\rec\src\rec\slow\instance.h(9) : see declaration of 'rec::slow::Components'
1>c:\w\rec-vs\rec\src\rec\slow\components.h(31): warning C4355: 'this' : used in base member initializer list
1>c:\w\rec-vs\rec\src\rec\slow\components.h(32): warning C4355: 'this' : used in base member initializer list
1>c:\w\rec-vs\rec\src\rec\slow\model.h(27): warning C4099: 'rec::slow::Instance' : type name first seen using 'struct' now seen using 'class'
1>          c:\w\rec-vs\rec\src\rec\slow\instance.h(19) : see declaration of 'rec::slow::Instance'
1>c:\w\rec-vs\rec\src\rec\slow\mouselistener.h(15): warning C4099: 'rec::widget::waveform::MouseWheelEvent' : type name first seen using 'struct' now seen using 'class'
1>          c:\w\rec-vs\rec\src\rec\widget\waveform\waveform.h(25) : see declaration of 'rec::widget::waveform::MouseWheelEvent'
1>c:\w\rec-vs\rec\src\rec\slow\threads.h(11): warning C4099: 'rec::slow::Model' : type name first seen using 'class' now seen using 'struct'
1>          c:\w\rec-vs\rec\src\rec\slow\model.h(29) : see declaration of 'rec::slow::Model'
1>c:\w\rec-vs\rec\src\rec\gui\component\focusable.h(26): warning C4127: conditional expression is constant
1>          c:\w\rec-vs\rec\src\rec\gui\component\focusable.h(25) : while compiling class template member function 'void rec::gui::component::Focusable<Type>::focusGained(juce::Component::FocusChangeType)'
1>          with
1>          [
1>              Type=rec::Component
1>          ]
1>          c:\w\rec-vs\rec\src\rec\widget\waveform\waveform.h(29) : see reference to class template instantiation 'rec::gui::component::Focusable<Type>' being compiled
1>          with
1>          [
1>              Type=rec::Component
1>          ]
1>c:\w\rec-vs\rec\src\rec\gui\component\focusable.h(26): warning C4127: conditional expression is constant
1>          c:\w\rec-vs\rec\src\rec\gui\component\focusable.h(25) : while compiling class template member function 'void rec::gui::component::Focusable<Type>::focusGained(juce::Component::FocusChangeType)'
1>          with
1>          [
1>              Type=rec::gui::TableController
1>          ]
1>          c:\w\rec-vs\rec\src\rec\gui\audio\loops.h(22) : see reference to class template instantiation 'rec::gui::component::Focusable<Type>' being compiled
1>          with
1>          [
1>              Type=rec::gui::TableController
1>          ]
1>c:\w\rec-vs\rec\src\rec\gui\component\focusable.h(26): warning C4127: conditional expression is constant
1>          c:\w\rec-vs\rec\src\rec\gui\component\focusable.h(25) : while compiling class template member function 'void rec::gui::component::Focusable<Type>::focusGained(juce::Component::FocusChangeType)'
1>          with
1>          [
1>              Type=rec::gui::SetterTextArea
1>          ]
1>          c:\w\rec-vs\rec\src\rec\gui\songdata.h(15) : see reference to class template instantiation 'rec::gui::component::Focusable<Type>' being compiled
1>          with
1>          [
1>              Type=rec::gui::SetterTextArea
1>          ]
1>c:\w\rec-vs\rec\src\rec\data\persist\data.h(27): warning C4100: 'p' : unreferenced formal parameter
1>          c:\w\rec-vs\rec\src\rec\data\persist\data.h(27) : while compiling class template member function 'void rec::persist::Data<Proto>::operator ()(const Proto &)'
1>          with
1>          [
1>              Proto=rec::music::Metadata
1>          ]
1>          c:\w\rec-vs\rec\src\rec\gui\songdata.h(47) : see reference to class template instantiation 'rec::persist::Data<Proto>' being compiled
1>          with
1>          [
1>              Proto=rec::music::Metadata
1>          ]
1>c:\w\rec-vs\rec\src\rec\gui\component\focusable.h(26): warning C4127: conditional expression is constant
1>          c:\w\rec-vs\rec\src\rec\gui\component\focusable.h(25) : while compiling class template member function 'void rec::gui::component::Focusable<Type>::focusGained(juce::Component::FocusChangeType)'
1>          with
1>          [
1>              Type=rec::widget::tree::TreeViewDropTarget
1>          ]
1>          c:\w\rec-vs\rec\src\rec\widget\tree\treeviewdropall.h(17) : see reference to class template instantiation 'rec::gui::component::Focusable<Type>' being compiled
1>          with
1>          [
1>              Type=rec::widget::tree::TreeViewDropTarget
1>          ]
1>c:\w\rec-vs\rec\src\rec\data\persist\data.h(27): warning C4100: 'p' : unreferenced formal parameter
1>          c:\w\rec-vs\rec\src\rec\data\persist\data.h(27) : while compiling class template member function 'void rec::persist::Data<Proto>::operator ()(const Proto &)'
1>          with
1>          [
1>              Proto=rec::slow::AppLayout
1>          ]
1>          c:\w\rec-vs\rec\src\rec\slow\components.h(33) : see reference to class template instantiation 'rec::persist::Data<Proto>' being compiled
1>          with
1>          [
1>              Proto=rec::slow::AppLayout
1>          ]
1>c:\w\rec-vs\rec\src\rec\audio\source\framesource.h(25): warning C4244: '-=' : conversion from 'rec::int64' to 'int', possible loss of data
1>          c:\w\rec-vs\rec\src\rec\audio\source\framesource.h(16) : while compiling class template member function 'void rec::audio::source::FrameSource<Sample,CHANNELS>::getNextAudioBlock(const rec::audio::Info &)'
1>          with
1>          [
1>              Sample=short,
1>              CHANNELS=2
1>          ]
1>          c:\w\rec-vs\rec\src\rec\slow\model.h(69) : see reference to class template instantiation 'rec::audio::source::FrameSource<Sample,CHANNELS>' being compiled
1>          with
1>          [
1>              Sample=short,
1>              CHANNELS=2
1>          ]
1>c:\w\rec-vs\rec\src\rec\audio\source\framesource.h(26): warning C4244: '+=' : conversion from 'rec::int64' to 'int', possible loss of data
1>c:\w\rec-vs\rec\src\rec\audio\source\framesource.h(44): warning C4100: 'r' : unreferenced formal parameter
1>          c:\w\rec-vs\rec\src\rec\audio\source\framesource.h(44) : while compiling class template member function 'void rec::audio::source::FrameSource<Sample,CHANNELS>::prepareToPlay(int,double)'
1>          with
1>          [
1>              Sample=short,
1>              CHANNELS=2
1>          ]
1>c:\w\rec-vs\rec\src\rec\audio\source\framesource.h(44): warning C4100: 's' : unreferenced formal parameter
1>c:\w\rec-vs\rec\src\rec\data\persist\data.h(27): warning C4100: 'p' : unreferenced formal parameter
1>          c:\w\rec-vs\rec\src\rec\data\persist\data.h(27) : while compiling class template member function 'void rec::persist::Data<Proto>::operator ()(const Proto &)'
1>          with
1>          [
1>              Proto=rec::util::file::VirtualFileList
1>          ]
1>          c:\w\rec-vs\rec\src\rec\slow\listeners.cpp(86) : see reference to class template instantiation 'rec::persist::Data<Proto>' being compiled
1>          with
1>          [
1>              Proto=rec::util::file::VirtualFileList
1>          ]
1>c:\w\rec-vs\rec\src\rec\data\persist\data.h(27): warning C4100: 'p' : unreferenced formal parameter
1>          c:\w\rec-vs\rec\src\rec\data\persist\data.h(27) : while compiling class template member function 'void rec::persist::Data<Proto>::operator ()(const Proto &)'
1>          with
1>          [
1>              Proto=rec::util::LoopPointList
1>          ]
1>          c:\w\rec-vs\rec\src\rec\util\listener\datalistener.h(79) : see reference to class template instantiation 'rec::persist::Data<Proto>' being compiled
1>          with
1>          [
1>              Proto=rec::util::LoopPointList
1>          ]
1>          c:\w\rec-vs\rec\src\rec\util\listener\datalistener.h(76) : while compiling class template member function 'void rec::util::listener::DataListener<Proto>::setData(rec::persist::Data<Proto> *)'
1>          with
1>          [
1>              Proto=rec::util::LoopPointList
1>          ]
1>          c:\w\rec-vs\rec\src\rec\widget\waveform\waveform.h(30) : see reference to class template instantiation 'rec::util::listener::DataListener<Proto>' being compiled
1>          with
1>          [
1>              Proto=rec::util::LoopPointList
1>          ]
1>c:\w\rec-vs\rec\src\rec\data\persist\data.h(27): warning C4100: 'p' : unreferenced formal parameter
1>          c:\w\rec-vs\rec\src\rec\data\persist\data.h(27) : while compiling class template member function 'void rec::persist::Data<Proto>::operator ()(const Proto &)'
1>          with
1>          [
1>              Proto=rec::widget::waveform::ZoomProto
1>          ]
1>          c:\w\rec-vs\rec\src\rec\util\listener\datalistener.h(79) : see reference to class template instantiation 'rec::persist::Data<Proto>' being compiled
1>          with
1>          [
1>              Proto=rec::widget::waveform::ZoomProto
1>          ]
1>          c:\w\rec-vs\rec\src\rec\util\listener\datalistener.h(76) : while compiling class template member function 'void rec::util::listener::DataListener<Proto>::setData(rec::persist::Data<Proto> *)'
1>          with
1>          [
1>              Proto=rec::widget::waveform::ZoomProto
1>          ]
1>          c:\w\rec-vs\rec\src\rec\widget\waveform\waveform.h(31) : see reference to class template instantiation 'rec::util::listener::DataListener<Proto>' being compiled
1>          with
1>          [
1>              Proto=rec::widget::waveform::ZoomProto
1>          ]
1>c:\w\rec-vs\rec\src\rec\data\persist\data.h(27): warning C4100: 'p' : unreferenced formal parameter
1>          c:\w\rec-vs\rec\src\rec\data\persist\data.h(27) : while compiling class template member function 'void rec::persist::Data<Proto>::operator ()(const Proto &)'
1>          with
1>          [
1>              Proto=rec::util::Mode
1>          ]
1>          c:\w\rec-vs\rec\src\rec\util\listener\datalistener.h(79) : see reference to class template instantiation 'rec::persist::Data<Proto>' being compiled
1>          with
1>          [
1>              Proto=rec::util::Mode
1>          ]
1>          c:\w\rec-vs\rec\src\rec\util\listener\datalistener.h(76) : while compiling class template member function 'void rec::util::listener::DataListener<Proto>::setData(rec::persist::Data<Proto> *)'
1>          with
1>          [
1>              Proto=rec::util::Mode
1>          ]
1>          c:\w\rec-vs\rec\src\rec\widget\waveform\waveform.h(32) : see reference to class template instantiation 'rec::util::listener::DataListener<Proto>' being compiled
1>          with
1>          [
1>              Proto=rec::util::Mode
1>          ]
1>c:\w\rec-vs\rec\src\rec\data\persist\data.h(27): warning C4100: 'p' : unreferenced formal parameter
1>          c:\w\rec-vs\rec\src\rec\data\persist\data.h(27) : while compiling class template member function 'void rec::persist::Data<Proto>::operator ()(const Proto &)'
1>          with
1>          [
1>              Proto=rec::util::file::VirtualFile
1>          ]
1>          c:\w\rec-vs\rec\src\rec\util\listener\datalistener.h(46) : see reference to class template instantiation 'rec::persist::Data<Proto>' being compiled
1>          with
1>          [
1>              Proto=rec::util::file::VirtualFile
1>          ]
1>          c:\w\rec-vs\rec\src\rec\util\listener\datalistener.h(45) : while compiling class template member function 'rec::util::listener::DataListener<Proto>::DataListener(bool)'
1>          with
1>          [
1>              Proto=rec::music::Metadata
1>          ]
1>          c:\w\rec-vs\rec\src\rec\gui\songdata.h(17) : see reference to class template instantiation 'rec::util::listener::DataListener<Proto>' being compiled
1>          with
1>          [
1>              Proto=rec::music::Metadata
1>          ]
1>c:\w\rec-vs\rec\src\rec\data\persist\data.h(27): warning C4100: 'p' : unreferenced formal parameter
1>          c:\w\rec-vs\rec\src\rec\data\persist\data.h(27) : while compiling class template member function 'void rec::persist::Data<Proto>::operator ()(const Proto &)'
1>          with
1>          [
1>              Proto=rec::audio::Gain
1>          ]
1>          c:\w\rec-vs\rec\src\rec\util\listener\datalistener.h(79) : see reference to class template instantiation 'rec::persist::Data<Proto>' being compiled
1>          with
1>          [
1>              Proto=rec::audio::Gain
1>          ]
1>          c:\w\rec-vs\rec\src\rec\util\listener\datalistener.h(76) : while compiling class template member function 'void rec::util::listener::DataListener<Proto>::setData(rec::persist::Data<Proto> *)'
1>          with
1>          [
1>              Proto=rec::audio::Gain
1>          ]
1>          c:\w\rec-vs\rec\src\rec\gui\audio\playercontroller.h(19) : see reference to class template instantiation 'rec::util::listener::DataListener<Proto>' being compiled
1>          with
1>          [
1>              Proto=rec::audio::Gain
1>          ]
1>c:\w\rec-vs\rec\src\rec\data\persist\data.h(27): warning C4100: 'p' : unreferenced formal parameter
1>          c:\w\rec-vs\rec\src\rec\data\persist\data.h(27) : while compiling class template member function 'void rec::persist::Data<Proto>::operator ()(const Proto &)'
1>          with
1>          [
1>              Proto=rec::audio::source::StereoProto
1>          ]
1>          c:\w\rec-vs\rec\src\rec\util\listener\datalistener.h(79) : see reference to class template instantiation 'rec::persist::Data<Proto>' being compiled
1>          with
1>          [
1>              Proto=rec::audio::source::StereoProto
1>          ]
1>          c:\w\rec-vs\rec\src\rec\util\listener\datalistener.h(76) : while compiling class template member function 'void rec::util::listener::DataListener<Proto>::setData(rec::persist::Data<Proto> *)'
1>          with
1>          [
1>              Proto=rec::audio::source::StereoProto
1>          ]
1>          c:\w\rec-vs\rec\src\rec\gui\audio\playercontroller.h(20) : see reference to class template instantiation 'rec::util::listener::DataListener<Proto>' being compiled
1>          with
1>          [
1>              Proto=rec::audio::source::StereoProto
1>          ]
1>c:\w\rec-vs\rec\src\rec\data\persist\data.h(27): warning C4100: 'p' : unreferenced formal parameter
1>          c:\w\rec-vs\rec\src\rec\data\persist\data.h(27) : while compiling class template member function 'void rec::persist::Data<Proto>::operator ()(const Proto &)'
1>          with
1>          [
1>              Proto=rec::audio::stretch::Stretch
1>          ]
1>          c:\w\rec-vs\rec\src\rec\util\listener\datalistener.h(79) : see reference to class template instantiation 'rec::persist::Data<Proto>' being compiled
1>          with
1>          [
1>              Proto=rec::audio::stretch::Stretch
1>          ]
1>          c:\w\rec-vs\rec\src\rec\util\listener\datalistener.h(76) : while compiling class template member function 'void rec::util::listener::DataListener<Proto>::setData(rec::persist::Data<Proto> *)'
1>          with
1>          [
1>              Proto=rec::audio::stretch::Stretch
1>          ]
1>          c:\w\rec-vs\rec\src\rec\gui\audio\playercontroller.h(21) : see reference to class template instantiation 'rec::util::listener::DataListener<Proto>' being compiled
1>          with
1>          [
1>              Proto=rec::audio::stretch::Stretch
1>          ]
1>c:\w\rec-vs\rec\src\rec\gui\tablecontroller.h(31): warning C4505: 'rec::gui::TableController::selectedRowsChanged' : unreferenced local function has been removed
1>c:\w\rec-vs\rec\src\rec\gui\tablecontroller.h(22): warning C4505: 'rec::gui::TableController::getNumRows' : unreferenced local function has been removed
1>  LoopCommands.cpp
1>c:\w\rec-vs\rec\src\rec\base\sampleposition.h(12): warning C4244: 'initializing' : conversion from 'double' to 'rec::int64', possible loss of data
1>c:\w\rec-vs\rec\src\rec\base\sampleposition.h(13): warning C4244: 'initializing' : conversion from 'float' to 'rec::int64', possible loss of data
1>c:\w\rec-vs\rec\src\rec\slow\instance.h(19): warning C4099: 'rec::slow::Instance' : type name first seen using 'class' now seen using 'struct'
1>          c:\w\rec-vs\rec\src\rec\slow\loopcommands.h(10) : see declaration of 'rec::slow::Instance'
1>c:\w\rec-vs\rec\src\rec\util\block\block.h(52): warning C4244: 'return' : conversion from 'const rec::util::block::Size' to 'int', possible loss of data
1>c:\w\rec-vs\rec\src\rec\util\block\block.h(70): warning C4244: '=' : conversion from 'const rec::util::block::Size' to 'int', possible loss of data
1>c:\w\rec-vs\rec\src\rec\util\block\block.h(71): warning C4244: '=' : conversion from 'rec::util::block::Size' to 'int', possible loss of data
1>c:\w\rec-vs\rec\src\rec\slow\loopsnapshot.h(12): warning C4099: 'rec::slow::Instance' : type name first seen using 'struct' now seen using 'class'
1>          c:\w\rec-vs\rec\src\rec\slow\instance.h(19) : see declaration of 'rec::slow::Instance'
1>c:\w\rec-vs\rec\src\rec\audio\source\wrappy.h(44): warning C4520: 'rec::audio::source::Wrappy' : multiple default constructors specified
1>c:\w\rec-vs\rec\src\rec\gui\layout\layout.h(46): warning C4800: 'rec::Orientation' : forcing value to bool 'true' or 'false' (performance warning)
1>c:\w\rec-vs\rec\src\rec\gui\settertext.h(46): warning C4100: 'editor' : unreferenced formal parameter
1>c:\w\rec-vs\rec\src\rec\gui\settertext.h(47): warning C4100: 'editor' : unreferenced formal parameter
1>c:\w\rec-vs\rec\src\rec\gui\settertext.h(48): warning C4100: 'editor' : unreferenced formal parameter
1>c:\w\rec-vs\rec\src\rec\gui\settertextarea.h(33): warning C4018: '<' : signed/unsigned mismatch
1>c:\w\rec-vs\rec\src\rec\audio\device.h(11): warning C4355: 'this' : used in base member initializer list
1>c:\w\rec-vs\rec\src\rec\slow\target.h(14): warning C4099: 'rec::slow::Instance' : type name first seen using 'struct' now seen using 'class'
1>          c:\w\rec-vs\rec\src\rec\slow\instance.h(19) : see declaration of 'rec::slow::Instance'
1>c:\w\rec-vs\rec\src\rec\slow\components.h(25): warning C4099: 'rec::slow::Components' : type name first seen using 'class' now seen using 'struct'
1>          c:\w\rec-vs\rec\src\rec\slow\instance.h(9) : see declaration of 'rec::slow::Components'
1>c:\w\rec-vs\rec\src\rec\slow\components.h(31): warning C4355: 'this' : used in base member initializer list
1>c:\w\rec-vs\rec\src\rec\slow\components.h(32): warning C4355: 'this' : used in base member initializer list
1>c:\w\rec-vs\rec\src\rec\slow\model.h(27): warning C4099: 'rec::slow::Instance' : type name first seen using 'struct' now seen using 'class'
1>          c:\w\rec-vs\rec\src\rec\slow\instance.h(19) : see declaration of 'rec::slow::Instance'
1>c:\w\rec-vs\rec\src\rec\slow\loopcommands.cpp(85): warning C4245: 'initializing' : conversion from 'int' to 'size_t', signed/unsigned mismatch
1>c:\w\rec-vs\rec\src\rec\slow\loopcommands.cpp(101): warning C4100: 'pos' : unreferenced formal parameter
1>c:\w\rec-vs\rec\src\rec\gui\component\focusable.h(26): warning C4127: conditional expression is constant
1>          c:\w\rec-vs\rec\src\rec\gui\component\focusable.h(25) : while compiling class template member function 'void rec::gui::component::Focusable<Type>::focusGained(juce::Component::FocusChangeType)'
1>          with
1>          [
1>              Type=rec::Component
1>          ]
1>          c:\w\rec-vs\rec\src\rec\widget\waveform\waveform.h(29) : see reference to class template instantiation 'rec::gui::component::Focusable<Type>' being compiled
1>          with
1>          [
1>              Type=rec::Component
1>          ]
1>c:\w\rec-vs\rec\src\rec\gui\component\focusable.h(26): warning C4127: conditional expression is constant
1>          c:\w\rec-vs\rec\src\rec\gui\component\focusable.h(25) : while compiling class template member function 'void rec::gui::component::Focusable<Type>::focusGained(juce::Component::FocusChangeType)'
1>          with
1>          [
1>              Type=rec::gui::TableController
1>          ]
1>          c:\w\rec-vs\rec\src\rec\gui\audio\loops.h(22) : see reference to class template instantiation 'rec::gui::component::Focusable<Type>' being compiled
1>          with
1>          [
1>              Type=rec::gui::TableController
1>          ]
1>c:\w\rec-vs\rec\src\rec\gui\component\focusable.h(26): warning C4127: conditional expression is constant
1>          c:\w\rec-vs\rec\src\rec\gui\component\focusable.h(25) : while compiling class template member function 'void rec::gui::component::Focusable<Type>::focusGained(juce::Component::FocusChangeType)'
1>          with
1>          [
1>              Type=rec::gui::SetterTextArea
1>          ]
1>          c:\w\rec-vs\rec\src\rec\gui\songdata.h(15) : see reference to class template instantiation 'rec::gui::component::Focusable<Type>' being compiled
1>          with
1>          [
1>              Type=rec::gui::SetterTextArea
1>          ]
1>c:\w\rec-vs\rec\src\rec\data\persist\data.h(27): warning C4100: 'p' : unreferenced formal parameter
1>          c:\w\rec-vs\rec\src\rec\data\persist\data.h(27) : while compiling class template member function 'void rec::persist::Data<Proto>::operator ()(const Proto &)'
1>          with
1>          [
1>              Proto=rec::music::Metadata
1>          ]
1>          c:\w\rec-vs\rec\src\rec\gui\songdata.h(47) : see reference to class template instantiation 'rec::persist::Data<Proto>' being compiled
1>          with
1>          [
1>              Proto=rec::music::Metadata
1>          ]
1>c:\w\rec-vs\rec\src\rec\gui\component\focusable.h(26): warning C4127: conditional expression is constant
1>          c:\w\rec-vs\rec\src\rec\gui\component\focusable.h(25) : while compiling class template member function 'void rec::gui::component::Focusable<Type>::focusGained(juce::Component::FocusChangeType)'
1>          with
1>          [
1>              Type=rec::widget::tree::TreeViewDropTarget
1>          ]
1>          c:\w\rec-vs\rec\src\rec\widget\tree\treeviewdropall.h(17) : see reference to class template instantiation 'rec::gui::component::Focusable<Type>' being compiled
1>          with
1>          [
1>              Type=rec::widget::tree::TreeViewDropTarget
1>          ]
1>c:\w\rec-vs\rec\src\rec\data\persist\data.h(27): warning C4100: 'p' : unreferenced formal parameter
1>          c:\w\rec-vs\rec\src\rec\data\persist\data.h(27) : while compiling class template member function 'void rec::persist::Data<Proto>::operator ()(const Proto &)'
1>          with
1>          [
1>              Proto=rec::slow::AppLayout
1>          ]
1>          c:\w\rec-vs\rec\src\rec\slow\components.h(33) : see reference to class template instantiation 'rec::persist::Data<Proto>' being compiled
1>          with
1>          [
1>              Proto=rec::slow::AppLayout
1>          ]
1>c:\w\rec-vs\rec\src\rec\audio\source\framesource.h(25): warning C4244: '-=' : conversion from 'rec::int64' to 'int', possible loss of data
1>          c:\w\rec-vs\rec\src\rec\audio\source\framesource.h(16) : while compiling class template member function 'void rec::audio::source::FrameSource<Sample,CHANNELS>::getNextAudioBlock(const rec::audio::Info &)'
1>          with
1>          [
1>              Sample=short,
1>              CHANNELS=2
1>          ]
1>          c:\w\rec-vs\rec\src\rec\slow\model.h(69) : see reference to class template instantiation 'rec::audio::source::FrameSource<Sample,CHANNELS>' being compiled
1>          with
1>          [
1>              Sample=short,
1>              CHANNELS=2
1>          ]
1>c:\w\rec-vs\rec\src\rec\audio\source\framesource.h(26): warning C4244: '+=' : conversion from 'rec::int64' to 'int', possible loss of data
1>c:\w\rec-vs\rec\src\rec\audio\source\framesource.h(44): warning C4100: 'r' : unreferenced formal parameter
1>          c:\w\rec-vs\rec\src\rec\audio\source\framesource.h(44) : while compiling class template member function 'void rec::audio::source::FrameSource<Sample,CHANNELS>::prepareToPlay(int,double)'
1>          with
1>          [
1>              Sample=short,
1>              CHANNELS=2
1>          ]
1>c:\w\rec-vs\rec\src\rec\audio\source\framesource.h(44): warning C4100: 's' : unreferenced formal parameter
1>c:\w\rec-vs\glog\src\windows\glog\logging.h(638): warning C4389: '==' : signed/unsigned mismatch
1>          c:\w\rec-vs\rec\src\rec\slow\loopcommands.cpp(89) : see reference to function template instantiation 'std::string *google::Check_EQImpl<unsigned int,int>(const t1 &,const t2 &,const char *)' being compiled
1>          with
1>          [
1>              t1=unsigned int,
1>              t2=int
1>          ]
1>c:\w\rec-vs\glog\src\windows\glog\logging.h(639): warning C4389: '!=' : signed/unsigned mismatch
1>          c:\w\rec-vs\rec\src\rec\slow\loopcommands.cpp(96) : see reference to function template instantiation 'std::string *google::Check_NEImpl<unsigned int,int>(const t1 &,const t2 &,const char *)' being compiled
1>          with
1>          [
1>              t1=unsigned int,
1>              t2=int
1>          ]
1>c:\w\rec-vs\rec\src\rec\data\persist\data.h(27): warning C4100: 'p' : unreferenced formal parameter
1>          c:\w\rec-vs\rec\src\rec\data\persist\data.h(27) : while compiling class template member function 'void rec::persist::Data<Proto>::operator ()(const Proto &)'
1>          with
1>          [
1>              Proto=rec::util::LoopPointList
1>          ]
1>          c:\w\rec-vs\rec\src\rec\util\listener\datalistener.h(79) : see reference to class template instantiation 'rec::persist::Data<Proto>' being compiled
1>          with
1>          [
1>              Proto=rec::util::LoopPointList
1>          ]
1>          c:\w\rec-vs\rec\src\rec\util\listener\datalistener.h(76) : while compiling class template member function 'void rec::util::listener::DataListener<Proto>::setData(rec::persist::Data<Proto> *)'
1>          with
1>          [
1>              Proto=rec::util::LoopPointList
1>          ]
1>          c:\w\rec-vs\rec\src\rec\widget\waveform\waveform.h(30) : see reference to class template instantiation 'rec::util::listener::DataListener<Proto>' being compiled
1>          with
1>          [
1>              Proto=rec::util::LoopPointList
1>          ]
1>c:\w\rec-vs\rec\src\rec\data\persist\data.h(27): warning C4100: 'p' : unreferenced formal parameter
1>          c:\w\rec-vs\rec\src\rec\data\persist\data.h(27) : while compiling class template member function 'void rec::persist::Data<Proto>::operator ()(const Proto &)'
1>          with
1>          [
1>              Proto=rec::widget::waveform::ZoomProto
1>          ]
1>          c:\w\rec-vs\rec\src\rec\util\listener\datalistener.h(79) : see reference to class template instantiation 'rec::persist::Data<Proto>' being compiled
1>          with
1>          [
1>              Proto=rec::widget::waveform::ZoomProto
1>          ]
1>          c:\w\rec-vs\rec\src\rec\util\listener\datalistener.h(76) : while compiling class template member function 'void rec::util::listener::DataListener<Proto>::setData(rec::persist::Data<Proto> *)'
1>          with
1>          [
1>              Proto=rec::widget::waveform::ZoomProto
1>          ]
1>          c:\w\rec-vs\rec\src\rec\widget\waveform\waveform.h(31) : see reference to class template instantiation 'rec::util::listener::DataListener<Proto>' being compiled
1>          with
1>          [
1>              Proto=rec::widget::waveform::ZoomProto
1>          ]
1>c:\w\rec-vs\rec\src\rec\data\persist\data.h(27): warning C4100: 'p' : unreferenced formal parameter
1>          c:\w\rec-vs\rec\src\rec\data\persist\data.h(27) : while compiling class template member function 'void rec::persist::Data<Proto>::operator ()(const Proto &)'
1>          with
1>          [
1>              Proto=rec::util::Mode
1>          ]
1>          c:\w\rec-vs\rec\src\rec\util\listener\datalistener.h(79) : see reference to class template instantiation 'rec::persist::Data<Proto>' being compiled
1>          with
1>          [
1>              Proto=rec::util::Mode
1>          ]
1>          c:\w\rec-vs\rec\src\rec\util\listener\datalistener.h(76) : while compiling class template member function 'void rec::util::listener::DataListener<Proto>::setData(rec::persist::Data<Proto> *)'
1>          with
1>          [
1>              Proto=rec::util::Mode
1>          ]
1>          c:\w\rec-vs\rec\src\rec\widget\waveform\waveform.h(32) : see reference to class template instantiation 'rec::util::listener::DataListener<Proto>' being compiled
1>          with
1>          [
1>              Proto=rec::util::Mode
1>          ]
1>c:\w\rec-vs\rec\src\rec\data\persist\data.h(27): warning C4100: 'p' : unreferenced formal parameter
1>          c:\w\rec-vs\rec\src\rec\data\persist\data.h(27) : while compiling class template member function 'void rec::persist::Data<Proto>::operator ()(const Proto &)'
1>          with
1>          [
1>              Proto=rec::util::file::VirtualFile
1>          ]
1>          c:\w\rec-vs\rec\src\rec\util\listener\datalistener.h(46) : see reference to class template instantiation 'rec::persist::Data<Proto>' being compiled
1>          with
1>          [
1>              Proto=rec::util::file::VirtualFile
1>          ]
1>          c:\w\rec-vs\rec\src\rec\util\listener\datalistener.h(45) : while compiling class template member function 'rec::util::listener::DataListener<Proto>::DataListener(bool)'
1>          with
1>          [
1>              Proto=rec::music::Metadata
1>          ]
1>          c:\w\rec-vs\rec\src\rec\gui\songdata.h(17) : see reference to class template instantiation 'rec::util::listener::DataListener<Proto>' being compiled
1>          with
1>          [
1>              Proto=rec::music::Metadata
1>          ]
1>c:\w\rec-vs\rec\src\rec\data\persist\data.h(27): warning C4100: 'p' : unreferenced formal parameter
1>          c:\w\rec-vs\rec\src\rec\data\persist\data.h(27) : while compiling class template member function 'void rec::persist::Data<Proto>::operator ()(const Proto &)'
1>          with
1>          [
1>              Proto=rec::audio::Gain
1>          ]
1>          c:\w\rec-vs\rec\src\rec\util\listener\datalistener.h(79) : see reference to class template instantiation 'rec::persist::Data<Proto>' being compiled
1>          with
1>          [
1>              Proto=rec::audio::Gain
1>          ]
1>          c:\w\rec-vs\rec\src\rec\util\listener\datalistener.h(76) : while compiling class template member function 'void rec::util::listener::DataListener<Proto>::setData(rec::persist::Data<Proto> *)'
1>          with
1>          [
1>              Proto=rec::audio::Gain
1>          ]
1>          c:\w\rec-vs\rec\src\rec\gui\audio\playercontroller.h(19) : see reference to class template instantiation 'rec::util::listener::DataListener<Proto>' being compiled
1>          with
1>          [
1>              Proto=rec::audio::Gain
1>          ]
1>c:\w\rec-vs\rec\src\rec\data\persist\data.h(27): warning C4100: 'p' : unreferenced formal parameter
1>          c:\w\rec-vs\rec\src\rec\data\persist\data.h(27) : while compiling class template member function 'void rec::persist::Data<Proto>::operator ()(const Proto &)'
1>          with
1>          [
1>              Proto=rec::audio::source::StereoProto
1>          ]
1>          c:\w\rec-vs\rec\src\rec\util\listener\datalistener.h(79) : see reference to class template instantiation 'rec::persist::Data<Proto>' being compiled
1>          with
1>          [
1>              Proto=rec::audio::source::StereoProto
1>          ]
1>          c:\w\rec-vs\rec\src\rec\util\listener\datalistener.h(76) : while compiling class template member function 'void rec::util::listener::DataListener<Proto>::setData(rec::persist::Data<Proto> *)'
1>          with
1>          [
1>              Proto=rec::audio::source::StereoProto
1>          ]
1>          c:\w\rec-vs\rec\src\rec\gui\audio\playercontroller.h(20) : see reference to class template instantiation 'rec::util::listener::DataListener<Proto>' being compiled
1>          with
1>          [
1>              Proto=rec::audio::source::StereoProto
1>          ]
1>c:\w\rec-vs\rec\src\rec\data\persist\data.h(27): warning C4100: 'p' : unreferenced formal parameter
1>          c:\w\rec-vs\rec\src\rec\data\persist\data.h(27) : while compiling class template member function 'void rec::persist::Data<Proto>::operator ()(const Proto &)'
1>          with
1>          [
1>              Proto=rec::audio::stretch::Stretch
1>          ]
1>          c:\w\rec-vs\rec\src\rec\util\listener\datalistener.h(79) : see reference to class template instantiation 'rec::persist::Data<Proto>' being compiled
1>          with
1>          [
1>              Proto=rec::audio::stretch::Stretch
1>          ]
1>          c:\w\rec-vs\rec\src\rec\util\listener\datalistener.h(76) : while compiling class template member function 'void rec::util::listener::DataListener<Proto>::setData(rec::persist::Data<Proto> *)'
1>          with
1>          [
1>              Proto=rec::audio::stretch::Stretch
1>          ]
1>          c:\w\rec-vs\rec\src\rec\gui\audio\playercontroller.h(21) : see reference to class template instantiation 'rec::util::listener::DataListener<Proto>' being compiled
1>          with
1>          [
1>              Proto=rec::audio::stretch::Stretch
1>          ]
1>c:\w\rec-vs\rec\src\rec\gui\tablecontroller.h(31): warning C4505: 'rec::gui::TableController::selectedRowsChanged' : unreferenced local function has been removed
1>c:\w\rec-vs\rec\src\rec\gui\tablecontroller.h(22): warning C4505: 'rec::gui::TableController::getNumRows' : unreferenced local function has been removed
1>  LoopSnapshot.cpp
1>c:\w\rec-vs\rec\src\rec\base\sampleposition.h(12): warning C4244: 'initializing' : conversion from 'double' to 'rec::int64', possible loss of data
1>c:\w\rec-vs\rec\src\rec\base\sampleposition.h(13): warning C4244: 'initializing' : conversion from 'float' to 'rec::int64', possible loss of data
1>c:\w\rec-vs\rec\src\rec\util\block\block.h(52): warning C4244: 'return' : conversion from 'const rec::util::block::Size' to 'int', possible loss of data
1>c:\w\rec-vs\rec\src\rec\util\block\block.h(70): warning C4244: '=' : conversion from 'const rec::util::block::Size' to 'int', possible loss of data
1>c:\w\rec-vs\rec\src\rec\util\block\block.h(71): warning C4244: '=' : conversion from 'rec::util::block::Size' to 'int', possible loss of data
1>c:\w\rec-vs\rec\src\rec\audio\device.h(11): warning C4355: 'this' : used in base member initializer list
1>c:\w\rec-vs\rec\src\rec\audio\source\wrappy.h(44): warning C4520: 'rec::audio::source::Wrappy' : multiple default constructors specified
1>c:\w\rec-vs\rec\src\rec\slow\instance.h(19): warning C4099: 'rec::slow::Instance' : type name first seen using 'class' now seen using 'struct'
1>          c:\w\rec-vs\rec\src\rec\slow\loopcommands.h(10) : see declaration of 'rec::slow::Instance'
1>c:\w\rec-vs\rec\src\rec\gui\layout\layout.h(46): warning C4800: 'rec::Orientation' : forcing value to bool 'true' or 'false' (performance warning)
1>c:\w\rec-vs\rec\src\rec\gui\settertext.h(46): warning C4100: 'editor' : unreferenced formal parameter
1>c:\w\rec-vs\rec\src\rec\gui\settertext.h(47): warning C4100: 'editor' : unreferenced formal parameter
1>c:\w\rec-vs\rec\src\rec\gui\settertext.h(48): warning C4100: 'editor' : unreferenced formal parameter
1>c:\w\rec-vs\rec\src\rec\gui\settertextarea.h(33): warning C4018: '<' : signed/unsigned mismatch
1>c:\w\rec-vs\rec\src\rec\slow\target.h(14): warning C4099: 'rec::slow::Instance' : type name first seen using 'struct' now seen using 'class'
1>          c:\w\rec-vs\rec\src\rec\slow\instance.h(19) : see declaration of 'rec::slow::Instance'
1>c:\w\rec-vs\rec\src\rec\slow\components.h(25): warning C4099: 'rec::slow::Components' : type name first seen using 'class' now seen using 'struct'
1>          c:\w\rec-vs\rec\src\rec\slow\instance.h(9) : see declaration of 'rec::slow::Components'
1>c:\w\rec-vs\rec\src\rec\slow\components.h(31): warning C4355: 'this' : used in base member initializer list
1>c:\w\rec-vs\rec\src\rec\slow\components.h(32): warning C4355: 'this' : used in base member initializer list
1>c:\w\rec-vs\rec\src\rec\slow\model.h(27): warning C4099: 'rec::slow::Instance' : type name first seen using 'struct' now seen using 'class'
1>          c:\w\rec-vs\rec\src\rec\slow\instance.h(19) : see declaration of 'rec::slow::Instance'
1>c:\w\rec-vs\rec\src\rec\slow\loopsnapshot.cpp(45): warning C4244: 'argument' : conversion from 'rec::int64' to 'double', possible loss of data
1>c:\w\rec-vs\rec\src\rec\gui\component\focusable.h(26): warning C4127: conditional expression is constant
1>          c:\w\rec-vs\rec\src\rec\gui\component\focusable.h(25) : while compiling class template member function 'void rec::gui::component::Focusable<Type>::focusGained(juce::Component::FocusChangeType)'
1>          with
1>          [
1>              Type=rec::Component
1>          ]
1>          c:\w\rec-vs\rec\src\rec\widget\waveform\waveform.h(29) : see reference to class template instantiation 'rec::gui::component::Focusable<Type>' being compiled
1>          with
1>          [
1>              Type=rec::Component
1>          ]
1>c:\w\rec-vs\rec\src\rec\gui\component\focusable.h(26): warning C4127: conditional expression is constant
1>          c:\w\rec-vs\rec\src\rec\gui\component\focusable.h(25) : while compiling class template member function 'void rec::gui::component::Focusable<Type>::focusGained(juce::Component::FocusChangeType)'
1>          with
1>          [
1>              Type=rec::gui::TableController
1>          ]
1>          c:\w\rec-vs\rec\src\rec\gui\audio\loops.h(22) : see reference to class template instantiation 'rec::gui::component::Focusable<Type>' being compiled
1>          with
1>          [
1>              Type=rec::gui::TableController
1>          ]
1>c:\w\rec-vs\rec\src\rec\gui\component\focusable.h(26): warning C4127: conditional expression is constant
1>          c:\w\rec-vs\rec\src\rec\gui\component\focusable.h(25) : while compiling class template member function 'void rec::gui::component::Focusable<Type>::focusGained(juce::Component::FocusChangeType)'
1>          with
1>          [
1>              Type=rec::gui::SetterTextArea
1>          ]
1>          c:\w\rec-vs\rec\src\rec\gui\songdata.h(15) : see reference to class template instantiation 'rec::gui::component::Focusable<Type>' being compiled
1>          with
1>          [
1>              Type=rec::gui::SetterTextArea
1>          ]
1>c:\w\rec-vs\rec\src\rec\data\persist\data.h(27): warning C4100: 'p' : unreferenced formal parameter
1>          c:\w\rec-vs\rec\src\rec\data\persist\data.h(27) : while compiling class template member function 'void rec::persist::Data<Proto>::operator ()(const Proto &)'
1>          with
1>          [
1>              Proto=rec::music::Metadata
1>          ]
1>          c:\w\rec-vs\rec\src\rec\gui\songdata.h(47) : see reference to class template instantiation 'rec::persist::Data<Proto>' being compiled
1>          with
1>          [
1>              Proto=rec::music::Metadata
1>          ]
1>c:\w\rec-vs\rec\src\rec\gui\component\focusable.h(26): warning C4127: conditional expression is constant
1>          c:\w\rec-vs\rec\src\rec\gui\component\focusable.h(25) : while compiling class template member function 'void rec::gui::component::Focusable<Type>::focusGained(juce::Component::FocusChangeType)'
1>          with
1>          [
1>              Type=rec::widget::tree::TreeViewDropTarget
1>          ]
1>          c:\w\rec-vs\rec\src\rec\widget\tree\treeviewdropall.h(17) : see reference to class template instantiation 'rec::gui::component::Focusable<Type>' being compiled
1>          with
1>          [
1>              Type=rec::widget::tree::TreeViewDropTarget
1>          ]
1>c:\w\rec-vs\rec\src\rec\data\persist\data.h(27): warning C4100: 'p' : unreferenced formal parameter
1>          c:\w\rec-vs\rec\src\rec\data\persist\data.h(27) : while compiling class template member function 'void rec::persist::Data<Proto>::operator ()(const Proto &)'
1>          with
1>          [
1>              Proto=rec::slow::AppLayout
1>          ]
1>          c:\w\rec-vs\rec\src\rec\slow\components.h(33) : see reference to class template instantiation 'rec::persist::Data<Proto>' being compiled
1>          with
1>          [
1>              Proto=rec::slow::AppLayout
1>          ]
1>c:\w\rec-vs\rec\src\rec\audio\source\framesource.h(25): warning C4244: '-=' : conversion from 'rec::int64' to 'int', possible loss of data
1>          c:\w\rec-vs\rec\src\rec\audio\source\framesource.h(16) : while compiling class template member function 'void rec::audio::source::FrameSource<Sample,CHANNELS>::getNextAudioBlock(const rec::audio::Info &)'
1>          with
1>          [
1>              Sample=short,
1>              CHANNELS=2
1>          ]
1>          c:\w\rec-vs\rec\src\rec\slow\model.h(69) : see reference to class template instantiation 'rec::audio::source::FrameSource<Sample,CHANNELS>' being compiled
1>          with
1>          [
1>              Sample=short,
1>              CHANNELS=2
1>          ]
1>c:\w\rec-vs\rec\src\rec\audio\source\framesource.h(26): warning C4244: '+=' : conversion from 'rec::int64' to 'int', possible loss of data
1>c:\w\rec-vs\rec\src\rec\audio\source\framesource.h(44): warning C4100: 'r' : unreferenced formal parameter
1>          c:\w\rec-vs\rec\src\rec\audio\source\framesource.h(44) : while compiling class template member function 'void rec::audio::source::FrameSource<Sample,CHANNELS>::prepareToPlay(int,double)'
1>          with
1>          [
1>              Sample=short,
1>              CHANNELS=2
1>          ]
1>c:\w\rec-vs\rec\src\rec\audio\source\framesource.h(44): warning C4100: 's' : unreferenced formal parameter
1>c:\w\rec-vs\rec\src\rec\data\persist\data.h(27): warning C4100: 'p' : unreferenced formal parameter
1>          c:\w\rec-vs\rec\src\rec\data\persist\data.h(27) : while compiling class template member function 'void rec::persist::Data<Proto>::operator ()(const Proto &)'
1>          with
1>          [
1>              Proto=rec::audio::Gain
1>          ]
1>          c:\w\rec-vs\rec\src\rec\util\listener\datalistener.h(79) : see reference to class template instantiation 'rec::persist::Data<Proto>' being compiled
1>          with
1>          [
1>              Proto=rec::audio::Gain
1>          ]
1>          c:\w\rec-vs\rec\src\rec\util\listener\datalistener.h(76) : while compiling class template member function 'void rec::util::listener::DataListener<Proto>::setData(rec::persist::Data<Proto> *)'
1>          with
1>          [
1>              Proto=rec::audio::Gain
1>          ]
1>          c:\w\rec-vs\rec\src\rec\audio\source\player.h(32) : see reference to class template instantiation 'rec::util::listener::DataListener<Proto>' being compiled
1>          with
1>          [
1>              Proto=rec::audio::Gain
1>          ]
1>c:\w\rec-vs\rec\src\rec\data\persist\data.h(27): warning C4100: 'p' : unreferenced formal parameter
1>          c:\w\rec-vs\rec\src\rec\data\persist\data.h(27) : while compiling class template member function 'void rec::persist::Data<Proto>::operator ()(const Proto &)'
1>          with
1>          [
1>              Proto=rec::util::LoopPointList
1>          ]
1>          c:\w\rec-vs\rec\src\rec\util\listener\datalistener.h(79) : see reference to class template instantiation 'rec::persist::Data<Proto>' being compiled
1>          with
1>          [
1>              Proto=rec::util::LoopPointList
1>          ]
1>          c:\w\rec-vs\rec\src\rec\util\listener\datalistener.h(76) : while compiling class template member function 'void rec::util::listener::DataListener<Proto>::setData(rec::persist::Data<Proto> *)'
1>          with
1>          [
1>              Proto=rec::util::LoopPointList
1>          ]
1>          c:\w\rec-vs\rec\src\rec\audio\source\player.h(33) : see reference to class template instantiation 'rec::util::listener::DataListener<Proto>' being compiled
1>          with
1>          [
1>              Proto=rec::util::LoopPointList
1>          ]
1>c:\w\rec-vs\rec\src\rec\data\persist\data.h(27): warning C4100: 'p' : unreferenced formal parameter
1>          c:\w\rec-vs\rec\src\rec\data\persist\data.h(27) : while compiling class template member function 'void rec::persist::Data<Proto>::operator ()(const Proto &)'
1>          with
1>          [
1>              Proto=rec::audio::source::StereoProto
1>          ]
1>          c:\w\rec-vs\rec\src\rec\util\listener\datalistener.h(79) : see reference to class template instantiation 'rec::persist::Data<Proto>' being compiled
1>          with
1>          [
1>              Proto=rec::audio::source::StereoProto
1>          ]
1>          c:\w\rec-vs\rec\src\rec\util\listener\datalistener.h(76) : while compiling class template member function 'void rec::util::listener::DataListener<Proto>::setData(rec::persist::Data<Proto> *)'
1>          with
1>          [
1>              Proto=rec::audio::source::StereoProto
1>          ]
1>          c:\w\rec-vs\rec\src\rec\audio\source\player.h(34) : see reference to class template instantiation 'rec::util::listener::DataListener<Proto>' being compiled
1>          with
1>          [
1>              Proto=rec::audio::source::StereoProto
1>          ]
1>c:\w\rec-vs\rec\src\rec\data\persist\data.h(27): warning C4100: 'p' : unreferenced formal parameter
1>          c:\w\rec-vs\rec\src\rec\data\persist\data.h(27) : while compiling class template member function 'void rec::persist::Data<Proto>::operator ()(const Proto &)'
1>          with
1>          [
1>              Proto=rec::widget::waveform::ZoomProto
1>          ]
1>          c:\w\rec-vs\rec\src\rec\util\listener\datalistener.h(79) : see reference to class template instantiation 'rec::persist::Data<Proto>' being compiled
1>          with
1>          [
1>              Proto=rec::widget::waveform::ZoomProto
1>          ]
1>          c:\w\rec-vs\rec\src\rec\util\listener\datalistener.h(76) : while compiling class template member function 'void rec::util::listener::DataListener<Proto>::setData(rec::persist::Data<Proto> *)'
1>          with
1>          [
1>              Proto=rec::widget::waveform::ZoomProto
1>          ]
1>          c:\w\rec-vs\rec\src\rec\widget\waveform\waveform.h(31) : see reference to class template instantiation 'rec::util::listener::DataListener<Proto>' being compiled
1>          with
1>          [
1>              Proto=rec::widget::waveform::ZoomProto
1>          ]
1>c:\w\rec-vs\rec\src\rec\data\persist\data.h(27): warning C4100: 'p' : unreferenced formal parameter
1>          c:\w\rec-vs\rec\src\rec\data\persist\data.h(27) : while compiling class template member function 'void rec::persist::Data<Proto>::operator ()(const Proto &)'
1>          with
1>          [
1>              Proto=rec::util::Mode
1>          ]
1>          c:\w\rec-vs\rec\src\rec\util\listener\datalistener.h(79) : see reference to class template instantiation 'rec::persist::Data<Proto>' being compiled
1>          with
1>          [
1>              Proto=rec::util::Mode
1>          ]
1>          c:\w\rec-vs\rec\src\rec\util\listener\datalistener.h(76) : while compiling class template member function 'void rec::util::listener::DataListener<Proto>::setData(rec::persist::Data<Proto> *)'
1>          with
1>          [
1>              Proto=rec::util::Mode
1>          ]
1>          c:\w\rec-vs\rec\src\rec\widget\waveform\waveform.h(32) : see reference to class template instantiation 'rec::util::listener::DataListener<Proto>' being compiled
1>          with
1>          [
1>              Proto=rec::util::Mode
1>          ]
1>c:\w\rec-vs\rec\src\rec\data\persist\data.h(27): warning C4100: 'p' : unreferenced formal parameter
1>          c:\w\rec-vs\rec\src\rec\data\persist\data.h(27) : while compiling class template member function 'void rec::persist::Data<Proto>::operator ()(const Proto &)'
1>          with
1>          [
1>              Proto=rec::util::file::VirtualFile
1>          ]
1>          c:\w\rec-vs\rec\src\rec\util\listener\datalistener.h(46) : see reference to class template instantiation 'rec::persist::Data<Proto>' being compiled
1>          with
1>          [
1>              Proto=rec::util::file::VirtualFile
1>          ]
1>          c:\w\rec-vs\rec\src\rec\util\listener\datalistener.h(45) : while compiling class template member function 'rec::util::listener::DataListener<Proto>::DataListener(bool)'
1>          with
1>          [
1>              Proto=rec::music::Metadata
1>          ]
1>          c:\w\rec-vs\rec\src\rec\gui\songdata.h(17) : see reference to class template instantiation 'rec::util::listener::DataListener<Proto>' being compiled
1>          with
1>          [
1>              Proto=rec::music::Metadata
1>          ]
1>c:\w\rec-vs\rec\src\rec\data\persist\data.h(27): warning C4100: 'p' : unreferenced formal parameter
1>          c:\w\rec-vs\rec\src\rec\data\persist\data.h(27) : while compiling class template member function 'void rec::persist::Data<Proto>::operator ()(const Proto &)'
1>          with
1>          [
1>              Proto=rec::audio::stretch::Stretch
1>          ]
1>          c:\w\rec-vs\rec\src\rec\util\listener\datalistener.h(79) : see reference to class template instantiation 'rec::persist::Data<Proto>' being compiled
1>          with
1>          [
1>              Proto=rec::audio::stretch::Stretch
1>          ]
1>          c:\w\rec-vs\rec\src\rec\util\listener\datalistener.h(76) : while compiling class template member function 'void rec::util::listener::DataListener<Proto>::setData(rec::persist::Data<Proto> *)'
1>          with
1>          [
1>              Proto=rec::audio::stretch::Stretch
1>          ]
1>          c:\w\rec-vs\rec\src\rec\gui\audio\playercontroller.h(21) : see reference to class template instantiation 'rec::util::listener::DataListener<Proto>' being compiled
1>          with
1>          [
1>              Proto=rec::audio::stretch::Stretch
1>          ]
1>c:\w\rec-vs\rec\src\rec\gui\tablecontroller.h(31): warning C4505: 'rec::gui::TableController::selectedRowsChanged' : unreferenced local function has been removed
1>c:\w\rec-vs\rec\src\rec\gui\tablecontroller.h(22): warning C4505: 'rec::gui::TableController::getNumRows' : unreferenced local function has been removed
1>  MainPage.cpp
1>c:\w\rec-vs\rec\src\rec\gui\layout\layout.h(46): warning C4800: 'rec::Orientation' : forcing value to bool 'true' or 'false' (performance warning)
1>c:\w\rec-vs\rec\src\rec\base\sampleposition.h(12): warning C4244: 'initializing' : conversion from 'double' to 'rec::int64', possible loss of data
1>c:\w\rec-vs\rec\src\rec\base\sampleposition.h(13): warning C4244: 'initializing' : conversion from 'float' to 'rec::int64', possible loss of data
1>c:\w\rec-vs\rec\src\rec\util\block\block.h(52): warning C4244: 'return' : conversion from 'const rec::util::block::Size' to 'int', possible loss of data
1>c:\w\rec-vs\rec\src\rec\util\block\block.h(70): warning C4244: '=' : conversion from 'const rec::util::block::Size' to 'int', possible loss of data
1>c:\w\rec-vs\rec\src\rec\util\block\block.h(71): warning C4244: '=' : conversion from 'rec::util::block::Size' to 'int', possible loss of data
1>c:\w\rec-vs\rec\src\rec\gui\settertext.h(46): warning C4100: 'editor' : unreferenced formal parameter
1>c:\w\rec-vs\rec\src\rec\gui\settertext.h(47): warning C4100: 'editor' : unreferenced formal parameter
1>c:\w\rec-vs\rec\src\rec\gui\settertext.h(48): warning C4100: 'editor' : unreferenced formal parameter
1>c:\w\rec-vs\rec\src\rec\gui\settertextarea.h(33): warning C4018: '<' : signed/unsigned mismatch
1>c:\w\rec-vs\rec\src\rec\audio\device.h(11): warning C4355: 'this' : used in base member initializer list
1>c:\w\rec-vs\rec\src\rec\audio\source\wrappy.h(44): warning C4520: 'rec::audio::source::Wrappy' : multiple default constructors specified
1>c:\w\rec-vs\rec\src\rec\slow\target.h(14): warning C4099: 'rec::slow::Instance' : type name first seen using 'struct' now seen using 'class'
1>          c:\w\rec-vs\rec\src\rec\slow\instance.h(19) : see declaration of 'rec::slow::Instance'
1>c:\w\rec-vs\rec\src\rec\slow\components.h(25): warning C4099: 'rec::slow::Components' : type name first seen using 'class' now seen using 'struct'
1>          c:\w\rec-vs\rec\src\rec\slow\mainpage.h(17) : see declaration of 'rec::slow::Components'
1>c:\w\rec-vs\rec\src\rec\slow\components.h(31): warning C4355: 'this' : used in base member initializer list
1>c:\w\rec-vs\rec\src\rec\slow\components.h(32): warning C4355: 'this' : used in base member initializer list
1>c:\w\rec-vs\rec\src\rec\gui\component\focusable.h(26): warning C4127: conditional expression is constant
1>          c:\w\rec-vs\rec\src\rec\gui\component\focusable.h(25) : while compiling class template member function 'void rec::gui::component::Focusable<Type>::focusGained(juce::Component::FocusChangeType)'
1>          with
1>          [
1>              Type=rec::Component
1>          ]
1>          c:\w\rec-vs\rec\src\rec\widget\waveform\waveform.h(29) : see reference to class template instantiation 'rec::gui::component::Focusable<Type>' being compiled
1>          with
1>          [
1>              Type=rec::Component
1>          ]
1>c:\w\rec-vs\rec\src\rec\gui\component\focusable.h(26): warning C4127: conditional expression is constant
1>          c:\w\rec-vs\rec\src\rec\gui\component\focusable.h(25) : while compiling class template member function 'void rec::gui::component::Focusable<Type>::focusGained(juce::Component::FocusChangeType)'
1>          with
1>          [
1>              Type=rec::gui::TableController
1>          ]
1>          c:\w\rec-vs\rec\src\rec\gui\audio\loops.h(22) : see reference to class template instantiation 'rec::gui::component::Focusable<Type>' being compiled
1>          with
1>          [
1>              Type=rec::gui::TableController
1>          ]
1>c:\w\rec-vs\rec\src\rec\gui\component\focusable.h(26): warning C4127: conditional expression is constant
1>          c:\w\rec-vs\rec\src\rec\gui\component\focusable.h(25) : while compiling class template member function 'void rec::gui::component::Focusable<Type>::focusGained(juce::Component::FocusChangeType)'
1>          with
1>          [
1>              Type=rec::gui::SetterTextArea
1>          ]
1>          c:\w\rec-vs\rec\src\rec\gui\songdata.h(15) : see reference to class template instantiation 'rec::gui::component::Focusable<Type>' being compiled
1>          with
1>          [
1>              Type=rec::gui::SetterTextArea
1>          ]
1>c:\w\rec-vs\rec\src\rec\data\persist\data.h(27): warning C4100: 'p' : unreferenced formal parameter
1>          c:\w\rec-vs\rec\src\rec\data\persist\data.h(27) : while compiling class template member function 'void rec::persist::Data<Proto>::operator ()(const Proto &)'
1>          with
1>          [
1>              Proto=rec::music::Metadata
1>          ]
1>          c:\w\rec-vs\rec\src\rec\gui\songdata.h(47) : see reference to class template instantiation 'rec::persist::Data<Proto>' being compiled
1>          with
1>          [
1>              Proto=rec::music::Metadata
1>          ]
1>c:\w\rec-vs\rec\src\rec\gui\component\focusable.h(26): warning C4127: conditional expression is constant
1>          c:\w\rec-vs\rec\src\rec\gui\component\focusable.h(25) : while compiling class template member function 'void rec::gui::component::Focusable<Type>::focusGained(juce::Component::FocusChangeType)'
1>          with
1>          [
1>              Type=rec::widget::tree::TreeViewDropTarget
1>          ]
1>          c:\w\rec-vs\rec\src\rec\widget\tree\treeviewdropall.h(17) : see reference to class template instantiation 'rec::gui::component::Focusable<Type>' being compiled
1>          with
1>          [
1>              Type=rec::widget::tree::TreeViewDropTarget
1>          ]
1>c:\w\rec-vs\rec\src\rec\data\persist\data.h(27): warning C4100: 'p' : unreferenced formal parameter
1>          c:\w\rec-vs\rec\src\rec\data\persist\data.h(27) : while compiling class template member function 'void rec::persist::Data<Proto>::operator ()(const Proto &)'
1>          with
1>          [
1>              Proto=rec::slow::AppLayout
1>          ]
1>          c:\w\rec-vs\rec\src\rec\slow\components.h(33) : see reference to class template instantiation 'rec::persist::Data<Proto>' being compiled
1>          with
1>          [
1>              Proto=rec::slow::AppLayout
1>          ]
1>c:\w\rec-vs\glog\src\windows\glog\logging.h(638): warning C4389: '==' : signed/unsigned mismatch
1>          c:\w\rec-vs\rec\src\rec\slow\mainpage.cpp(49) : see reference to function template instantiation 'std::string *google::Check_EQImpl<int,unsigned int>(const t1 &,const t2 &,const char *)' being compiled
1>          with
1>          [
1>              t1=int,
1>              t2=unsigned int
1>          ]
1>c:\w\rec-vs\rec\src\rec\data\persist\data.h(27): warning C4100: 'p' : unreferenced formal parameter
1>          c:\w\rec-vs\rec\src\rec\data\persist\data.h(27) : while compiling class template member function 'void rec::persist::Data<Proto>::operator ()(const Proto &)'
1>          with
1>          [
1>              Proto=rec::util::LoopPointList
1>          ]
1>          c:\w\rec-vs\rec\src\rec\util\listener\datalistener.h(79) : see reference to class template instantiation 'rec::persist::Data<Proto>' being compiled
1>          with
1>          [
1>              Proto=rec::util::LoopPointList
1>          ]
1>          c:\w\rec-vs\rec\src\rec\util\listener\datalistener.h(76) : while compiling class template member function 'void rec::util::listener::DataListener<Proto>::setData(rec::persist::Data<Proto> *)'
1>          with
1>          [
1>              Proto=rec::util::LoopPointList
1>          ]
1>          c:\w\rec-vs\rec\src\rec\widget\waveform\waveform.h(30) : see reference to class template instantiation 'rec::util::listener::DataListener<Proto>' being compiled
1>          with
1>          [
1>              Proto=rec::util::LoopPointList
1>          ]
1>c:\w\rec-vs\rec\src\rec\data\persist\data.h(27): warning C4100: 'p' : unreferenced formal parameter
1>          c:\w\rec-vs\rec\src\rec\data\persist\data.h(27) : while compiling class template member function 'void rec::persist::Data<Proto>::operator ()(const Proto &)'
1>          with
1>          [
1>              Proto=rec::widget::waveform::ZoomProto
1>          ]
1>          c:\w\rec-vs\rec\src\rec\util\listener\datalistener.h(79) : see reference to class template instantiation 'rec::persist::Data<Proto>' being compiled
1>          with
1>          [
1>              Proto=rec::widget::waveform::ZoomProto
1>          ]
1>          c:\w\rec-vs\rec\src\rec\util\listener\datalistener.h(76) : while compiling class template member function 'void rec::util::listener::DataListener<Proto>::setData(rec::persist::Data<Proto> *)'
1>          with
1>          [
1>              Proto=rec::widget::waveform::ZoomProto
1>          ]
1>          c:\w\rec-vs\rec\src\rec\widget\waveform\waveform.h(31) : see reference to class template instantiation 'rec::util::listener::DataListener<Proto>' being compiled
1>          with
1>          [
1>              Proto=rec::widget::waveform::ZoomProto
1>          ]
1>c:\w\rec-vs\rec\src\rec\data\persist\data.h(27): warning C4100: 'p' : unreferenced formal parameter
1>          c:\w\rec-vs\rec\src\rec\data\persist\data.h(27) : while compiling class template member function 'void rec::persist::Data<Proto>::operator ()(const Proto &)'
1>          with
1>          [
1>              Proto=rec::util::Mode
1>          ]
1>          c:\w\rec-vs\rec\src\rec\util\listener\datalistener.h(79) : see reference to class template instantiation 'rec::persist::Data<Proto>' being compiled
1>          with
1>          [
1>              Proto=rec::util::Mode
1>          ]
1>          c:\w\rec-vs\rec\src\rec\util\listener\datalistener.h(76) : while compiling class template member function 'void rec::util::listener::DataListener<Proto>::setData(rec::persist::Data<Proto> *)'
1>          with
1>          [
1>              Proto=rec::util::Mode
1>          ]
1>          c:\w\rec-vs\rec\src\rec\widget\waveform\waveform.h(32) : see reference to class template instantiation 'rec::util::listener::DataListener<Proto>' being compiled
1>          with
1>          [
1>              Proto=rec::util::Mode
1>          ]
1>c:\w\rec-vs\rec\src\rec\data\persist\data.h(27): warning C4100: 'p' : unreferenced formal parameter
1>          c:\w\rec-vs\rec\src\rec\data\persist\data.h(27) : while compiling class template member function 'void rec::persist::Data<Proto>::operator ()(const Proto &)'
1>          with
1>          [
1>              Proto=rec::util::file::VirtualFile
1>          ]
1>          c:\w\rec-vs\rec\src\rec\util\listener\datalistener.h(46) : see reference to class template instantiation 'rec::persist::Data<Proto>' being compiled
1>          with
1>          [
1>              Proto=rec::util::file::VirtualFile
1>          ]
1>          c:\w\rec-vs\rec\src\rec\util\listener\datalistener.h(45) : while compiling class template member function 'rec::util::listener::DataListener<Proto>::DataListener(bool)'
1>          with
1>          [
1>              Proto=rec::music::Metadata
1>          ]
1>          c:\w\rec-vs\rec\src\rec\gui\songdata.h(17) : see reference to class template instantiation 'rec::util::listener::DataListener<Proto>' being compiled
1>          with
1>          [
1>              Proto=rec::music::Metadata
1>          ]
1>c:\w\rec-vs\rec\src\rec\data\persist\data.h(27): warning C4100: 'p' : unreferenced formal parameter
1>          c:\w\rec-vs\rec\src\rec\data\persist\data.h(27) : while compiling class template member function 'void rec::persist::Data<Proto>::operator ()(const Proto &)'
1>          with
1>          [
1>              Proto=rec::audio::Gain
1>          ]
1>          c:\w\rec-vs\rec\src\rec\util\listener\datalistener.h(79) : see reference to class template instantiation 'rec::persist::Data<Proto>' being compiled
1>          with
1>          [
1>              Proto=rec::audio::Gain
1>          ]
1>          c:\w\rec-vs\rec\src\rec\util\listener\datalistener.h(76) : while compiling class template member function 'void rec::util::listener::DataListener<Proto>::setData(rec::persist::Data<Proto> *)'
1>          with
1>          [
1>              Proto=rec::audio::Gain
1>          ]
1>          c:\w\rec-vs\rec\src\rec\gui\audio\playercontroller.h(19) : see reference to class template instantiation 'rec::util::listener::DataListener<Proto>' being compiled
1>          with
1>          [
1>              Proto=rec::audio::Gain
1>          ]
1>c:\w\rec-vs\rec\src\rec\data\persist\data.h(27): warning C4100: 'p' : unreferenced formal parameter
1>          c:\w\rec-vs\rec\src\rec\data\persist\data.h(27) : while compiling class template member function 'void rec::persist::Data<Proto>::operator ()(const Proto &)'
1>          with
1>          [
1>              Proto=rec::audio::source::StereoProto
1>          ]
1>          c:\w\rec-vs\rec\src\rec\util\listener\datalistener.h(79) : see reference to class template instantiation 'rec::persist::Data<Proto>' being compiled
1>          with
1>          [
1>              Proto=rec::audio::source::StereoProto
1>          ]
1>          c:\w\rec-vs\rec\src\rec\util\listener\datalistener.h(76) : while compiling class template member function 'void rec::util::listener::DataListener<Proto>::setData(rec::persist::Data<Proto> *)'
1>          with
1>          [
1>              Proto=rec::audio::source::StereoProto
1>          ]
1>          c:\w\rec-vs\rec\src\rec\gui\audio\playercontroller.h(20) : see reference to class template instantiation 'rec::util::listener::DataListener<Proto>' being compiled
1>          with
1>          [
1>              Proto=rec::audio::source::StereoProto
1>          ]
1>c:\w\rec-vs\rec\src\rec\data\persist\data.h(27): warning C4100: 'p' : unreferenced formal parameter
1>          c:\w\rec-vs\rec\src\rec\data\persist\data.h(27) : while compiling class template member function 'void rec::persist::Data<Proto>::operator ()(const Proto &)'
1>          with
1>          [
1>              Proto=rec::audio::stretch::Stretch
1>          ]
1>          c:\w\rec-vs\rec\src\rec\util\listener\datalistener.h(79) : see reference to class template instantiation 'rec::persist::Data<Proto>' being compiled
1>          with
1>          [
1>              Proto=rec::audio::stretch::Stretch
1>          ]
1>          c:\w\rec-vs\rec\src\rec\util\listener\datalistener.h(76) : while compiling class template member function 'void rec::util::listener::DataListener<Proto>::setData(rec::persist::Data<Proto> *)'
1>          with
1>          [
1>              Proto=rec::audio::stretch::Stretch
1>          ]
1>          c:\w\rec-vs\rec\src\rec\gui\audio\playercontroller.h(21) : see reference to class template instantiation 'rec::util::listener::DataListener<Proto>' being compiled
1>          with
1>          [
1>              Proto=rec::audio::stretch::Stretch
1>          ]
1>c:\w\rec-vs\rec\src\rec\gui\tablecontroller.h(31): warning C4505: 'rec::gui::TableController::selectedRowsChanged' : unreferenced local function has been removed
1>c:\w\rec-vs\rec\src\rec\gui\tablecontroller.h(22): warning C4505: 'rec::gui::TableController::getNumRows' : unreferenced local function has been removed
1>  Menus.cpp
1>c:\w\rec-vs\rec\src\rec\base\sampleposition.h(12): warning C4244: 'initializing' : conversion from 'double' to 'rec::int64', possible loss of data
1>c:\w\rec-vs\rec\src\rec\base\sampleposition.h(13): warning C4244: 'initializing' : conversion from 'float' to 'rec::int64', possible loss of data
1>c:\w\rec-vs\rec\src\rec\slow\loopcommands.h(10): warning C4099: 'rec::slow::Instance' : type name first seen using 'struct' now seen using 'class'
1>          c:\w\rec-vs\rec\src\rec\slow\instance.h(19) : see declaration of 'rec::slow::Instance'
1>c:\w\rec-vs\rec\src\rec\slow\menus.h(18): warning C4100: 'topLevelMenuIndex' : unreferenced formal parameter
1>c:\w\rec-vs\rec\src\rec\slow\menus.h(18): warning C4100: 'menuItemID' : unreferenced formal parameter
1>c:\w\rec-vs\rec\src\rec\slow\target.h(14): warning C4099: 'rec::slow::Instance' : type name first seen using 'struct' now seen using 'class'
1>          c:\w\rec-vs\rec\src\rec\slow\instance.h(19) : see declaration of 'rec::slow::Instance'
1>c:\w\rec-vs\rec\src\rec\slow\menus.cpp(65): error C2065: 'QUIT' : undeclared identifier
1>  Model.cpp
1>c:\w\rec-vs\rec\src\rec\base\sampleposition.h(12): warning C4244: 'initializing' : conversion from 'double' to 'rec::int64', possible loss of data
1>c:\w\rec-vs\rec\src\rec\base\sampleposition.h(13): warning C4244: 'initializing' : conversion from 'float' to 'rec::int64', possible loss of data
1>c:\w\rec-vs\rec\src\rec\audio\source\wrappy.h(44): warning C4520: 'rec::audio::source::Wrappy' : multiple default constructors specified
1>c:\w\rec-vs\rec\src\rec\util\block\block.h(52): warning C4244: 'return' : conversion from 'const rec::util::block::Size' to 'int', possible loss of data
1>c:\w\rec-vs\rec\src\rec\util\block\block.h(70): warning C4244: '=' : conversion from 'const rec::util::block::Size' to 'int', possible loss of data
1>c:\w\rec-vs\rec\src\rec\util\block\block.h(71): warning C4244: '=' : conversion from 'rec::util::block::Size' to 'int', possible loss of data
1>c:\w\rec-vs\rec\src\rec\gui\layout\layout.h(46): warning C4800: 'rec::Orientation' : forcing value to bool 'true' or 'false' (performance warning)
1>c:\w\rec-vs\rec\src\rec\gui\settertext.h(46): warning C4100: 'editor' : unreferenced formal parameter
1>c:\w\rec-vs\rec\src\rec\gui\settertext.h(47): warning C4100: 'editor' : unreferenced formal parameter
1>c:\w\rec-vs\rec\src\rec\gui\settertext.h(48): warning C4100: 'editor' : unreferenced formal parameter
1>c:\w\rec-vs\rec\src\rec\gui\settertextarea.h(33): warning C4018: '<' : signed/unsigned mismatch
1>c:\w\rec-vs\rec\src\rec\audio\device.h(11): warning C4355: 'this' : used in base member initializer list
1>c:\w\rec-vs\rec\src\rec\slow\target.h(14): warning C4099: 'rec::slow::Instance' : type name first seen using 'struct' now seen using 'class'
1>          c:\w\rec-vs\rec\src\rec\slow\instance.h(19) : see declaration of 'rec::slow::Instance'
1>c:\w\rec-vs\rec\src\rec\slow\components.h(25): warning C4099: 'rec::slow::Components' : type name first seen using 'class' now seen using 'struct'
1>          c:\w\rec-vs\rec\src\rec\slow\instance.h(9) : see declaration of 'rec::slow::Components'
1>c:\w\rec-vs\rec\src\rec\slow\components.h(31): warning C4355: 'this' : used in base member initializer list
1>c:\w\rec-vs\rec\src\rec\slow\components.h(32): warning C4355: 'this' : used in base member initializer list
1>c:\w\rec-vs\rec\src\rec\slow\model.h(27): warning C4099: 'rec::slow::Instance' : type name first seen using 'struct' now seen using 'class'
1>          c:\w\rec-vs\rec\src\rec\slow\instance.h(19) : see declaration of 'rec::slow::Instance'
1>c:\w\rec-vs\rec\src\rec\audio\source\empty.h(19): warning C4100: 'looping' : unreferenced formal parameter
1>c:\w\rec-vs\rec\src\rec\audio\source\empty.h(21): warning C4100: 'r' : unreferenced formal parameter
1>c:\w\rec-vs\rec\src\rec\audio\source\empty.h(21): warning C4100: 's' : unreferenced formal parameter
1>c:\w\rec-vs\rec\src\rec\slow\loopcommands.h(10): warning C4099: 'rec::slow::Instance' : type name first seen using 'struct' now seen using 'class'
1>          c:\w\rec-vs\rec\src\rec\slow\instance.h(19) : see declaration of 'rec::slow::Instance'
1>c:\w\rec-vs\rec\src\rec\slow\listeners.h(16): warning C4099: 'rec::gui::DropFiles' : type name first seen using 'struct' now seen using 'class'
1>          c:\w\rec-vs\rec\src\rec\gui\dropfiles.h(9) : see declaration of 'rec::gui::DropFiles'
1>c:\w\rec-vs\rec\src\rec\slow\listeners.h(26): warning C4099: 'rec::slow::Instance' : type name first seen using 'struct' now seen using 'class'
1>          c:\w\rec-vs\rec\src\rec\slow\instance.h(19) : see declaration of 'rec::slow::Instance'
1>c:\w\rec-vs\rec\src\rec\slow\threads.h(11): warning C4099: 'rec::slow::Model' : type name first seen using 'class' now seen using 'struct'
1>          c:\w\rec-vs\rec\src\rec\slow\model.h(29) : see declaration of 'rec::slow::Model'
1>c:\w\rec-vs\rec\src\rec\slow\model.cpp(54): warning C4355: 'this' : used in base member initializer list
1>c:\w\rec-vs\rec\src\rec\slow\model.cpp(140): warning C4244: '=' : conversion from 'rec::int64' to 'int', possible loss of data
1>c:\w\rec-vs\rec\src\rec\slow\model.cpp(141): warning C4244: 'argument' : conversion from 'rec::int64' to 'int', possible loss of data
1>c:\w\rec-vs\rec\src\rec\gui\component\focusable.h(26): warning C4127: conditional expression is constant
1>          c:\w\rec-vs\rec\src\rec\gui\component\focusable.h(25) : while compiling class template member function 'void rec::gui::component::Focusable<Type>::focusGained(juce::Component::FocusChangeType)'
1>          with
1>          [
1>              Type=rec::Component
1>          ]
1>          c:\w\rec-vs\rec\src\rec\widget\waveform\waveform.h(29) : see reference to class template instantiation 'rec::gui::component::Focusable<Type>' being compiled
1>          with
1>          [
1>              Type=rec::Component
1>          ]
1>c:\w\rec-vs\rec\src\rec\gui\component\focusable.h(26): warning C4127: conditional expression is constant
1>          c:\w\rec-vs\rec\src\rec\gui\component\focusable.h(25) : while compiling class template member function 'void rec::gui::component::Focusable<Type>::focusGained(juce::Component::FocusChangeType)'
1>          with
1>          [
1>              Type=rec::gui::TableController
1>          ]
1>          c:\w\rec-vs\rec\src\rec\gui\audio\loops.h(22) : see reference to class template instantiation 'rec::gui::component::Focusable<Type>' being compiled
1>          with
1>          [
1>              Type=rec::gui::TableController
1>          ]
1>c:\w\rec-vs\rec\src\rec\gui\component\focusable.h(26): warning C4127: conditional expression is constant
1>          c:\w\rec-vs\rec\src\rec\gui\component\focusable.h(25) : while compiling class template member function 'void rec::gui::component::Focusable<Type>::focusGained(juce::Component::FocusChangeType)'
1>          with
1>          [
1>              Type=rec::gui::SetterTextArea
1>          ]
1>          c:\w\rec-vs\rec\src\rec\gui\songdata.h(15) : see reference to class template instantiation 'rec::gui::component::Focusable<Type>' being compiled
1>          with
1>          [
1>              Type=rec::gui::SetterTextArea
1>          ]
1>c:\w\rec-vs\rec\src\rec\data\persist\data.h(27): warning C4100: 'p' : unreferenced formal parameter
1>          c:\w\rec-vs\rec\src\rec\data\persist\data.h(27) : while compiling class template member function 'void rec::persist::Data<Proto>::operator ()(const Proto &)'
1>          with
1>          [
1>              Proto=rec::music::Metadata
1>          ]
1>          c:\w\rec-vs\rec\src\rec\gui\songdata.h(47) : see reference to class template instantiation 'rec::persist::Data<Proto>' being compiled
1>          with
1>          [
1>              Proto=rec::music::Metadata
1>          ]
1>c:\w\rec-vs\rec\src\rec\gui\component\focusable.h(26): warning C4127: conditional expression is constant
1>          c:\w\rec-vs\rec\src\rec\gui\component\focusable.h(25) : while compiling class template member function 'void rec::gui::component::Focusable<Type>::focusGained(juce::Component::FocusChangeType)'
1>          with
1>          [
1>              Type=rec::widget::tree::TreeViewDropTarget
1>          ]
1>          c:\w\rec-vs\rec\src\rec\widget\tree\treeviewdropall.h(17) : see reference to class template instantiation 'rec::gui::component::Focusable<Type>' being compiled
1>          with
1>          [
1>              Type=rec::widget::tree::TreeViewDropTarget
1>          ]
1>c:\w\rec-vs\rec\src\rec\data\persist\data.h(27): warning C4100: 'p' : unreferenced formal parameter
1>          c:\w\rec-vs\rec\src\rec\data\persist\data.h(27) : while compiling class template member function 'void rec::persist::Data<Proto>::operator ()(const Proto &)'
1>          with
1>          [
1>              Proto=rec::slow::AppLayout
1>          ]
1>          c:\w\rec-vs\rec\src\rec\slow\components.h(33) : see reference to class template instantiation 'rec::persist::Data<Proto>' being compiled
1>          with
1>          [
1>              Proto=rec::slow::AppLayout
1>          ]
1>c:\w\rec-vs\rec\src\rec\audio\source\framesource.h(25): warning C4244: '-=' : conversion from 'rec::int64' to 'int', possible loss of data
1>          c:\w\rec-vs\rec\src\rec\audio\source\framesource.h(16) : while compiling class template member function 'void rec::audio::source::FrameSource<Sample,CHANNELS>::getNextAudioBlock(const rec::audio::Info &)'
1>          with
1>          [
1>              Sample=short,
1>              CHANNELS=2
1>          ]
1>          c:\w\rec-vs\rec\src\rec\slow\model.h(69) : see reference to class template instantiation 'rec::audio::source::FrameSource<Sample,CHANNELS>' being compiled
1>          with
1>          [
1>              Sample=short,
1>              CHANNELS=2
1>          ]
1>c:\w\rec-vs\rec\src\rec\audio\source\framesource.h(26): warning C4244: '+=' : conversion from 'rec::int64' to 'int', possible loss of data
1>c:\w\rec-vs\rec\src\rec\audio\source\framesource.h(44): warning C4100: 'r' : unreferenced formal parameter
1>          c:\w\rec-vs\rec\src\rec\audio\source\framesource.h(44) : while compiling class template member function 'void rec::audio::source::FrameSource<Sample,CHANNELS>::prepareToPlay(int,double)'
1>          with
1>          [
1>              Sample=short,
1>              CHANNELS=2
1>          ]
1>c:\w\rec-vs\rec\src\rec\audio\source\framesource.h(44): warning C4100: 's' : unreferenced formal parameter
1>c:\w\rec-vs\rec\src\rec\data\persist\data.h(27): warning C4100: 'p' : unreferenced formal parameter
1>          c:\w\rec-vs\rec\src\rec\data\persist\data.h(27) : while compiling class template member function 'void rec::persist::Data<Proto>::operator ()(const Proto &)'
1>          with
1>          [
1>              Proto=rec::util::file::VirtualFile
1>          ]
1>          c:\w\rec-vs\rec\src\rec\util\listener\datalistener.h(46) : see reference to class template instantiation 'rec::persist::Data<Proto>' being compiled
1>          with
1>          [
1>              Proto=rec::util::file::VirtualFile
1>          ]
1>          c:\w\rec-vs\rec\src\rec\util\listener\datalistener.h(45) : while compiling class template member function 'rec::util::listener::DataListener<Proto>::DataListener(bool)'
1>          with
1>          [
1>              Proto=rec::util::LoopPointList
1>          ]
1>          c:\w\rec-vs\rec\src\rec\widget\waveform\waveform.h(30) : see reference to class template instantiation 'rec::util::listener::DataListener<Proto>' being compiled
1>          with
1>          [
1>              Proto=rec::util::LoopPointList
1>          ]
1>c:\w\rec-vs\rec\src\rec\data\persist\data.h(27): warning C4100: 'p' : unreferenced formal parameter
1>          c:\w\rec-vs\rec\src\rec\data\persist\data.h(27) : while compiling class template member function 'void rec::persist::Data<Proto>::operator ()(const Proto &)'
1>          with
1>          [
1>              Proto=rec::util::LoopPointList
1>          ]
1>          c:\w\rec-vs\rec\src\rec\util\listener\datalistener.h(79) : see reference to class template instantiation 'rec::persist::Data<Proto>' being compiled
1>          with
1>          [
1>              Proto=rec::util::LoopPointList
1>          ]
1>          c:\w\rec-vs\rec\src\rec\util\listener\datalistener.h(76) : while compiling class template member function 'void rec::util::listener::DataListener<Proto>::setData(rec::persist::Data<Proto> *)'
1>          with
1>          [
1>              Proto=rec::util::LoopPointList
1>          ]
1>c:\w\rec-vs\rec\src\rec\data\persist\data.h(27): warning C4100: 'p' : unreferenced formal parameter
1>          c:\w\rec-vs\rec\src\rec\data\persist\data.h(27) : while compiling class template member function 'void rec::persist::Data<Proto>::operator ()(const Proto &)'
1>          with
1>          [
1>              Proto=rec::widget::waveform::ZoomProto
1>          ]
1>          c:\w\rec-vs\rec\src\rec\util\listener\datalistener.h(79) : see reference to class template instantiation 'rec::persist::Data<Proto>' being compiled
1>          with
1>          [
1>              Proto=rec::widget::waveform::ZoomProto
1>          ]
1>          c:\w\rec-vs\rec\src\rec\util\listener\datalistener.h(76) : while compiling class template member function 'void rec::util::listener::DataListener<Proto>::setData(rec::persist::Data<Proto> *)'
1>          with
1>          [
1>              Proto=rec::widget::waveform::ZoomProto
1>          ]
1>          c:\w\rec-vs\rec\src\rec\widget\waveform\waveform.h(31) : see reference to class template instantiation 'rec::util::listener::DataListener<Proto>' being compiled
1>          with
1>          [
1>              Proto=rec::widget::waveform::ZoomProto
1>          ]
1>c:\w\rec-vs\rec\src\rec\data\persist\data.h(27): warning C4100: 'p' : unreferenced formal parameter
1>          c:\w\rec-vs\rec\src\rec\data\persist\data.h(27) : while compiling class template member function 'void rec::persist::Data<Proto>::operator ()(const Proto &)'
1>          with
1>          [
1>              Proto=rec::util::Mode
1>          ]
1>          c:\w\rec-vs\rec\src\rec\util\listener\datalistener.h(79) : see reference to class template instantiation 'rec::persist::Data<Proto>' being compiled
1>          with
1>          [
1>              Proto=rec::util::Mode
1>          ]
1>          c:\w\rec-vs\rec\src\rec\util\listener\datalistener.h(76) : while compiling class template member function 'void rec::util::listener::DataListener<Proto>::setData(rec::persist::Data<Proto> *)'
1>          with
1>          [
1>              Proto=rec::util::Mode
1>          ]
1>          c:\w\rec-vs\rec\src\rec\widget\waveform\waveform.h(32) : see reference to class template instantiation 'rec::util::listener::DataListener<Proto>' being compiled
1>          with
1>          [
1>              Proto=rec::util::Mode
1>          ]
1>c:\w\rec-vs\rec\src\rec\data\persist\data.h(27): warning C4100: 'p' : unreferenced formal parameter
1>          c:\w\rec-vs\rec\src\rec\data\persist\data.h(27) : while compiling class template member function 'void rec::persist::Data<Proto>::operator ()(const Proto &)'
1>          with
1>          [
1>              Proto=rec::audio::Gain
1>          ]
1>          c:\w\rec-vs\rec\src\rec\util\listener\datalistener.h(79) : see reference to class template instantiation 'rec::persist::Data<Proto>' being compiled
1>          with
1>          [
1>              Proto=rec::audio::Gain
1>          ]
1>          c:\w\rec-vs\rec\src\rec\util\listener\datalistener.h(76) : while compiling class template member function 'void rec::util::listener::DataListener<Proto>::setData(rec::persist::Data<Proto> *)'
1>          with
1>          [
1>              Proto=rec::audio::Gain
1>          ]
1>          c:\w\rec-vs\rec\src\rec\gui\audio\playercontroller.h(19) : see reference to class template instantiation 'rec::util::listener::DataListener<Proto>' being compiled
1>          with
1>          [
1>              Proto=rec::audio::Gain
1>          ]
1>c:\w\rec-vs\rec\src\rec\data\persist\data.h(27): warning C4100: 'p' : unreferenced formal parameter
1>          c:\w\rec-vs\rec\src\rec\data\persist\data.h(27) : while compiling class template member function 'void rec::persist::Data<Proto>::operator ()(const Proto &)'
1>          with
1>          [
1>              Proto=rec::audio::source::StereoProto
1>          ]
1>          c:\w\rec-vs\rec\src\rec\util\listener\datalistener.h(79) : see reference to class template instantiation 'rec::persist::Data<Proto>' being compiled
1>          with
1>          [
1>              Proto=rec::audio::source::StereoProto
1>          ]
1>          c:\w\rec-vs\rec\src\rec\util\listener\datalistener.h(76) : while compiling class template member function 'void rec::util::listener::DataListener<Proto>::setData(rec::persist::Data<Proto> *)'
1>          with
1>          [
1>              Proto=rec::audio::source::StereoProto
1>          ]
1>          c:\w\rec-vs\rec\src\rec\gui\audio\playercontroller.h(20) : see reference to class template instantiation 'rec::util::listener::DataListener<Proto>' being compiled
1>          with
1>          [
1>              Proto=rec::audio::source::StereoProto
1>          ]
1>c:\w\rec-vs\rec\src\rec\data\persist\data.h(27): warning C4100: 'p' : unreferenced formal parameter
1>          c:\w\rec-vs\rec\src\rec\data\persist\data.h(27) : while compiling class template member function 'void rec::persist::Data<Proto>::operator ()(const Proto &)'
1>          with
1>          [
1>              Proto=rec::audio::stretch::Stretch
1>          ]
1>          c:\w\rec-vs\rec\src\rec\util\listener\datalistener.h(79) : see reference to class template instantiation 'rec::persist::Data<Proto>' being compiled
1>          with
1>          [
1>              Proto=rec::audio::stretch::Stretch
1>          ]
1>          c:\w\rec-vs\rec\src\rec\util\listener\datalistener.h(76) : while compiling class template member function 'void rec::util::listener::DataListener<Proto>::setData(rec::persist::Data<Proto> *)'
1>          with
1>          [
1>              Proto=rec::audio::stretch::Stretch
1>          ]
1>          c:\w\rec-vs\rec\src\rec\gui\audio\playercontroller.h(21) : see reference to class template instantiation 'rec::util::listener::DataListener<Proto>' being compiled
1>          with
1>          [
1>              Proto=rec::audio::stretch::Stretch
1>          ]
1>c:\w\rec-vs\rec\src\rec\gui\tablecontroller.h(31): warning C4505: 'rec::gui::TableController::selectedRowsChanged' : unreferenced local function has been removed
1>c:\w\rec-vs\rec\src\rec\gui\tablecontroller.h(22): warning C4505: 'rec::gui::TableController::getNumRows' : unreferenced local function has been removed
1>  MouseListener.cpp
1>c:\w\rec-vs\rec\src\rec\base\sampleposition.h(12): warning C4244: 'initializing' : conversion from 'double' to 'rec::int64', possible loss of data
1>c:\w\rec-vs\rec\src\rec\base\sampleposition.h(13): warning C4244: 'initializing' : conversion from 'float' to 'rec::int64', possible loss of data
1>c:\w\rec-vs\rec\src\rec\util\block\block.h(52): warning C4244: 'return' : conversion from 'const rec::util::block::Size' to 'int', possible loss of data
1>c:\w\rec-vs\rec\src\rec\util\block\block.h(70): warning C4244: '=' : conversion from 'const rec::util::block::Size' to 'int', possible loss of data
1>c:\w\rec-vs\rec\src\rec\util\block\block.h(71): warning C4244: '=' : conversion from 'rec::util::block::Size' to 'int', possible loss of data
1>c:\w\rec-vs\rec\src\rec\widget\waveform\waveform.h(25): warning C4099: 'rec::widget::waveform::MouseWheelEvent' : type name first seen using 'class' now seen using 'struct'
1>          c:\w\rec-vs\rec\src\rec\slow\mouselistener.h(15) : see declaration of 'rec::widget::waveform::MouseWheelEvent'
1>c:\w\rec-vs\rec\src\rec\gui\layout\layout.h(46): warning C4800: 'rec::Orientation' : forcing value to bool 'true' or 'false' (performance warning)
1>c:\w\rec-vs\rec\src\rec\gui\settertext.h(46): warning C4100: 'editor' : unreferenced formal parameter
1>c:\w\rec-vs\rec\src\rec\gui\settertext.h(47): warning C4100: 'editor' : unreferenced formal parameter
1>c:\w\rec-vs\rec\src\rec\gui\settertext.h(48): warning C4100: 'editor' : unreferenced formal parameter
1>c:\w\rec-vs\rec\src\rec\gui\settertextarea.h(33): warning C4018: '<' : signed/unsigned mismatch
1>c:\w\rec-vs\rec\src\rec\audio\device.h(11): warning C4355: 'this' : used in base member initializer list
1>c:\w\rec-vs\rec\src\rec\audio\source\wrappy.h(44): warning C4520: 'rec::audio::source::Wrappy' : multiple default constructors specified
1>c:\w\rec-vs\rec\src\rec\slow\target.h(14): warning C4099: 'rec::slow::Instance' : type name first seen using 'struct' now seen using 'class'
1>          c:\w\rec-vs\rec\src\rec\slow\instance.h(19) : see declaration of 'rec::slow::Instance'
1>c:\w\rec-vs\rec\src\rec\slow\components.h(25): warning C4099: 'rec::slow::Components' : type name first seen using 'class' now seen using 'struct'
1>          c:\w\rec-vs\rec\src\rec\slow\instance.h(9) : see declaration of 'rec::slow::Components'
1>c:\w\rec-vs\rec\src\rec\slow\components.h(31): warning C4355: 'this' : used in base member initializer list
1>c:\w\rec-vs\rec\src\rec\slow\components.h(32): warning C4355: 'this' : used in base member initializer list
1>c:\w\rec-vs\rec\src\rec\slow\model.h(27): warning C4099: 'rec::slow::Instance' : type name first seen using 'struct' now seen using 'class'
1>          c:\w\rec-vs\rec\src\rec\slow\instance.h(19) : see declaration of 'rec::slow::Instance'
1>c:\w\rec-vs\rec\src\rec\slow\loopcommands.h(10): warning C4099: 'rec::slow::Instance' : type name first seen using 'struct' now seen using 'class'
1>          c:\w\rec-vs\rec\src\rec\slow\instance.h(19) : see declaration of 'rec::slow::Instance'
1>c:\w\rec-vs\rec\src\rec\widget\waveform\mousewheelevent.h(10): warning C4099: 'rec::widget::waveform::MouseWheelEvent' : type name first seen using 'class' now seen using 'struct'
1>          c:\w\rec-vs\rec\src\rec\slow\mouselistener.h(15) : see declaration of 'rec::widget::waveform::MouseWheelEvent'
1>c:\w\rec-vs\rec\src\rec\gui\component\focusable.h(26): warning C4127: conditional expression is constant
1>          c:\w\rec-vs\rec\src\rec\gui\component\focusable.h(25) : while compiling class template member function 'void rec::gui::component::Focusable<Type>::focusGained(juce::Component::FocusChangeType)'
1>          with
1>          [
1>              Type=rec::Component
1>          ]
1>          c:\w\rec-vs\rec\src\rec\widget\waveform\waveform.h(29) : see reference to class template instantiation 'rec::gui::component::Focusable<Type>' being compiled
1>          with
1>          [
1>              Type=rec::Component
1>          ]
1>c:\w\rec-vs\rec\src\rec\gui\component\focusable.h(26): warning C4127: conditional expression is constant
1>          c:\w\rec-vs\rec\src\rec\gui\component\focusable.h(25) : while compiling class template member function 'void rec::gui::component::Focusable<Type>::focusGained(juce::Component::FocusChangeType)'
1>          with
1>          [
1>              Type=rec::gui::TableController
1>          ]
1>          c:\w\rec-vs\rec\src\rec\gui\audio\loops.h(22) : see reference to class template instantiation 'rec::gui::component::Focusable<Type>' being compiled
1>          with
1>          [
1>              Type=rec::gui::TableController
1>          ]
1>c:\w\rec-vs\rec\src\rec\gui\component\focusable.h(26): warning C4127: conditional expression is constant
1>          c:\w\rec-vs\rec\src\rec\gui\component\focusable.h(25) : while compiling class template member function 'void rec::gui::component::Focusable<Type>::focusGained(juce::Component::FocusChangeType)'
1>          with
1>          [
1>              Type=rec::gui::SetterTextArea
1>          ]
1>          c:\w\rec-vs\rec\src\rec\gui\songdata.h(15) : see reference to class template instantiation 'rec::gui::component::Focusable<Type>' being compiled
1>          with
1>          [
1>              Type=rec::gui::SetterTextArea
1>          ]
1>c:\w\rec-vs\rec\src\rec\data\persist\data.h(27): warning C4100: 'p' : unreferenced formal parameter
1>          c:\w\rec-vs\rec\src\rec\data\persist\data.h(27) : while compiling class template member function 'void rec::persist::Data<Proto>::operator ()(const Proto &)'
1>          with
1>          [
1>              Proto=rec::music::Metadata
1>          ]
1>          c:\w\rec-vs\rec\src\rec\gui\songdata.h(47) : see reference to class template instantiation 'rec::persist::Data<Proto>' being compiled
1>          with
1>          [
1>              Proto=rec::music::Metadata
1>          ]
1>c:\w\rec-vs\rec\src\rec\gui\component\focusable.h(26): warning C4127: conditional expression is constant
1>          c:\w\rec-vs\rec\src\rec\gui\component\focusable.h(25) : while compiling class template member function 'void rec::gui::component::Focusable<Type>::focusGained(juce::Component::FocusChangeType)'
1>          with
1>          [
1>              Type=rec::widget::tree::TreeViewDropTarget
1>          ]
1>          c:\w\rec-vs\rec\src\rec\widget\tree\treeviewdropall.h(17) : see reference to class template instantiation 'rec::gui::component::Focusable<Type>' being compiled
1>          with
1>          [
1>              Type=rec::widget::tree::TreeViewDropTarget
1>          ]
1>c:\w\rec-vs\rec\src\rec\data\persist\data.h(27): warning C4100: 'p' : unreferenced formal parameter
1>          c:\w\rec-vs\rec\src\rec\data\persist\data.h(27) : while compiling class template member function 'void rec::persist::Data<Proto>::operator ()(const Proto &)'
1>          with
1>          [
1>              Proto=rec::slow::AppLayout
1>          ]
1>          c:\w\rec-vs\rec\src\rec\slow\components.h(33) : see reference to class template instantiation 'rec::persist::Data<Proto>' being compiled
1>          with
1>          [
1>              Proto=rec::slow::AppLayout
1>          ]
1>c:\w\rec-vs\rec\src\rec\audio\source\framesource.h(25): warning C4244: '-=' : conversion from 'rec::int64' to 'int', possible loss of data
1>          c:\w\rec-vs\rec\src\rec\audio\source\framesource.h(16) : while compiling class template member function 'void rec::audio::source::FrameSource<Sample,CHANNELS>::getNextAudioBlock(const rec::audio::Info &)'
1>          with
1>          [
1>              Sample=short,
1>              CHANNELS=2
1>          ]
1>          c:\w\rec-vs\rec\src\rec\slow\model.h(69) : see reference to class template instantiation 'rec::audio::source::FrameSource<Sample,CHANNELS>' being compiled
1>          with
1>          [
1>              Sample=short,
1>              CHANNELS=2
1>          ]
1>c:\w\rec-vs\rec\src\rec\audio\source\framesource.h(26): warning C4244: '+=' : conversion from 'rec::int64' to 'int', possible loss of data
1>c:\w\rec-vs\rec\src\rec\audio\source\framesource.h(44): warning C4100: 'r' : unreferenced formal parameter
1>          c:\w\rec-vs\rec\src\rec\audio\source\framesource.h(44) : while compiling class template member function 'void rec::audio::source::FrameSource<Sample,CHANNELS>::prepareToPlay(int,double)'
1>          with
1>          [
1>              Sample=short,
1>              CHANNELS=2
1>          ]
1>c:\w\rec-vs\rec\src\rec\audio\source\framesource.h(44): warning C4100: 's' : unreferenced formal parameter
1>c:\w\rec-vs\rec\src\rec\data\persist\data.h(27): warning C4100: 'p' : unreferenced formal parameter
1>          c:\w\rec-vs\rec\src\rec\data\persist\data.h(27) : while compiling class template member function 'void rec::persist::Data<Proto>::operator ()(const Proto &)'
1>          with
1>          [
1>              Proto=rec::slow::ZoomProto
1>          ]
1>          c:\w\rec-vs\rec\src\rec\slow\mouselistener.cpp(89) : see reference to class template instantiation 'rec::persist::Data<Proto>' being compiled
1>          with
1>          [
1>              Proto=rec::slow::ZoomProto
1>          ]
1>c:\w\rec-vs\rec\src\rec\data\persist\data.h(27): warning C4100: 'p' : unreferenced formal parameter
1>          c:\w\rec-vs\rec\src\rec\data\persist\data.h(27) : while compiling class template member function 'void rec::persist::Data<Proto>::operator ()(const Proto &)'
1>          with
1>          [
1>              Proto=rec::util::file::VirtualFile
1>          ]
1>          c:\w\rec-vs\rec\src\rec\util\listener\datalistener.h(46) : see reference to class template instantiation 'rec::persist::Data<Proto>' being compiled
1>          with
1>          [
1>              Proto=rec::util::file::VirtualFile
1>          ]
1>          c:\w\rec-vs\rec\src\rec\util\listener\datalistener.h(45) : while compiling class template member function 'rec::util::listener::DataListener<Proto>::DataListener(bool)'
1>          with
1>          [
1>              Proto=rec::slow::ZoomProto
1>          ]
1>          c:\w\rec-vs\rec\src\rec\slow\mouselistener.h(21) : see reference to class template instantiation 'rec::util::listener::DataListener<Proto>' being compiled
1>          with
1>          [
1>              Proto=rec::slow::ZoomProto
1>          ]
1>c:\w\rec-vs\rec\src\rec\data\persist\data.h(27): warning C4100: 'p' : unreferenced formal parameter
1>          c:\w\rec-vs\rec\src\rec\data\persist\data.h(27) : while compiling class template member function 'void rec::persist::Data<Proto>::operator ()(const Proto &)'
1>          with
1>          [
1>              Proto=rec::util::Mode
1>          ]
1>          c:\w\rec-vs\rec\src\rec\util\listener\datalistener.h(79) : see reference to class template instantiation 'rec::persist::Data<Proto>' being compiled
1>          with
1>          [
1>              Proto=rec::util::Mode
1>          ]
1>          c:\w\rec-vs\rec\src\rec\util\listener\datalistener.h(76) : while compiling class template member function 'void rec::util::listener::DataListener<Proto>::setData(rec::persist::Data<Proto> *)'
1>          with
1>          [
1>              Proto=rec::util::Mode
1>          ]
1>          c:\w\rec-vs\rec\src\rec\slow\mouselistener.h(22) : see reference to class template instantiation 'rec::util::listener::DataListener<Proto>' being compiled
1>          with
1>          [
1>              Proto=rec::util::Mode
1>          ]
1>c:\w\rec-vs\rec\src\rec\data\persist\data.h(27): warning C4100: 'p' : unreferenced formal parameter
1>          c:\w\rec-vs\rec\src\rec\data\persist\data.h(27) : while compiling class template member function 'void rec::persist::Data<Proto>::operator ()(const Proto &)'
1>          with
1>          [
1>              Proto=rec::util::LoopPointList
1>          ]
1>          c:\w\rec-vs\rec\src\rec\util\listener\datalistener.h(79) : see reference to class template instantiation 'rec::persist::Data<Proto>' being compiled
1>          with
1>          [
1>              Proto=rec::util::LoopPointList
1>          ]
1>          c:\w\rec-vs\rec\src\rec\util\listener\datalistener.h(76) : while compiling class template member function 'void rec::util::listener::DataListener<Proto>::setData(rec::persist::Data<Proto> *)'
1>          with
1>          [
1>              Proto=rec::util::LoopPointList
1>          ]
1>          c:\w\rec-vs\rec\src\rec\widget\waveform\waveform.h(30) : see reference to class template instantiation 'rec::util::listener::DataListener<Proto>' being compiled
1>          with
1>          [
1>              Proto=rec::util::LoopPointList
1>          ]
1>c:\w\rec-vs\rec\src\rec\data\persist\data.h(27): warning C4100: 'p' : unreferenced formal parameter
1>          c:\w\rec-vs\rec\src\rec\data\persist\data.h(27) : while compiling class template member function 'void rec::persist::Data<Proto>::operator ()(const Proto &)'
1>          with
1>          [
1>              Proto=rec::audio::Gain
1>          ]
1>          c:\w\rec-vs\rec\src\rec\util\listener\datalistener.h(79) : see reference to class template instantiation 'rec::persist::Data<Proto>' being compiled
1>          with
1>          [
1>              Proto=rec::audio::Gain
1>          ]
1>          c:\w\rec-vs\rec\src\rec\util\listener\datalistener.h(76) : while compiling class template member function 'void rec::util::listener::DataListener<Proto>::setData(rec::persist::Data<Proto> *)'
1>          with
1>          [
1>              Proto=rec::audio::Gain
1>          ]
1>          c:\w\rec-vs\rec\src\rec\gui\audio\playercontroller.h(19) : see reference to class template instantiation 'rec::util::listener::DataListener<Proto>' being compiled
1>          with
1>          [
1>              Proto=rec::audio::Gain
1>          ]
1>c:\w\rec-vs\rec\src\rec\data\persist\data.h(27): warning C4100: 'p' : unreferenced formal parameter
1>          c:\w\rec-vs\rec\src\rec\data\persist\data.h(27) : while compiling class template member function 'void rec::persist::Data<Proto>::operator ()(const Proto &)'
1>          with
1>          [
1>              Proto=rec::audio::source::StereoProto
1>          ]
1>          c:\w\rec-vs\rec\src\rec\util\listener\datalistener.h(79) : see reference to class template instantiation 'rec::persist::Data<Proto>' being compiled
1>          with
1>          [
1>              Proto=rec::audio::source::StereoProto
1>          ]
1>          c:\w\rec-vs\rec\src\rec\util\listener\datalistener.h(76) : while compiling class template member function 'void rec::util::listener::DataListener<Proto>::setData(rec::persist::Data<Proto> *)'
1>          with
1>          [
1>              Proto=rec::audio::source::StereoProto
1>          ]
1>          c:\w\rec-vs\rec\src\rec\gui\audio\playercontroller.h(20) : see reference to class template instantiation 'rec::util::listener::DataListener<Proto>' being compiled
1>          with
1>          [
1>              Proto=rec::audio::source::StereoProto
1>          ]
1>c:\w\rec-vs\rec\src\rec\data\persist\data.h(27): warning C4100: 'p' : unreferenced formal parameter
1>          c:\w\rec-vs\rec\src\rec\data\persist\data.h(27) : while compiling class template member function 'void rec::persist::Data<Proto>::operator ()(const Proto &)'
1>          with
1>          [
1>              Proto=rec::audio::stretch::Stretch
1>          ]
1>          c:\w\rec-vs\rec\src\rec\util\listener\datalistener.h(79) : see reference to class template instantiation 'rec::persist::Data<Proto>' being compiled
1>          with
1>          [
1>              Proto=rec::audio::stretch::Stretch
1>          ]
1>          c:\w\rec-vs\rec\src\rec\util\listener\datalistener.h(76) : while compiling class template member function 'void rec::util::listener::DataListener<Proto>::setData(rec::persist::Data<Proto> *)'
1>          with
1>          [
1>              Proto=rec::audio::stretch::Stretch
1>          ]
1>          c:\w\rec-vs\rec\src\rec\gui\audio\playercontroller.h(21) : see reference to class template instantiation 'rec::util::listener::DataListener<Proto>' being compiled
1>          with
1>          [
1>              Proto=rec::audio::stretch::Stretch
1>          ]
1>c:\w\rec-vs\rec\src\rec\gui\tablecontroller.h(31): warning C4505: 'rec::gui::TableController::selectedRowsChanged' : unreferenced local function has been removed
1>c:\w\rec-vs\rec\src\rec\gui\tablecontroller.h(22): warning C4505: 'rec::gui::TableController::getNumRows' : unreferenced local function has been removed
1>  PlaybackController.cpp
1>c:\w\rec-vs\rec\src\rec\gui\layout\layout.h(46): warning C4800: 'rec::Orientation' : forcing value to bool 'true' or 'false' (performance warning)
1>c:\w\rec-vs\rec\src\rec\gui\settertext.h(46): warning C4100: 'editor' : unreferenced formal parameter
1>c:\w\rec-vs\rec\src\rec\gui\settertext.h(47): warning C4100: 'editor' : unreferenced formal parameter
1>c:\w\rec-vs\rec\src\rec\gui\settertext.h(48): warning C4100: 'editor' : unreferenced formal parameter
1>c:\w\rec-vs\rec\src\rec\gui\settertextarea.h(33): warning C4018: '<' : signed/unsigned mismatch
1>c:\w\rec-vs\rec\src\rec\base\sampleposition.h(12): warning C4244: 'initializing' : conversion from 'double' to 'rec::int64', possible loss of data
1>c:\w\rec-vs\rec\src\rec\base\sampleposition.h(13): warning C4244: 'initializing' : conversion from 'float' to 'rec::int64', possible loss of data
1>c:\w\rec-vs\rec\src\rec\util\block\block.h(52): warning C4244: 'return' : conversion from 'const rec::util::block::Size' to 'int', possible loss of data
1>c:\w\rec-vs\rec\src\rec\util\block\block.h(70): warning C4244: '=' : conversion from 'const rec::util::block::Size' to 'int', possible loss of data
1>c:\w\rec-vs\rec\src\rec\util\block\block.h(71): warning C4244: '=' : conversion from 'rec::util::block::Size' to 'int', possible loss of data
1>c:\w\rec-vs\rec\src\rec\audio\device.h(11): warning C4355: 'this' : used in base member initializer list
1>c:\w\rec-vs\rec\src\rec\audio\source\wrappy.h(44): warning C4520: 'rec::audio::source::Wrappy' : multiple default constructors specified
1>c:\w\rec-vs\rec\src\rec\slow\target.h(14): warning C4099: 'rec::slow::Instance' : type name first seen using 'struct' now seen using 'class'
1>          c:\w\rec-vs\rec\src\rec\slow\instance.h(19) : see declaration of 'rec::slow::Instance'
1>c:\w\rec-vs\rec\src\rec\slow\components.h(25): warning C4099: 'rec::slow::Components' : type name first seen using 'class' now seen using 'struct'
1>          c:\w\rec-vs\rec\src\rec\slow\playbackcontroller.h(12) : see declaration of 'rec::slow::Components'
1>c:\w\rec-vs\rec\src\rec\slow\components.h(31): warning C4355: 'this' : used in base member initializer list
1>c:\w\rec-vs\rec\src\rec\slow\components.h(32): warning C4355: 'this' : used in base member initializer list
1>c:\w\rec-vs\rec\src\rec\slow\playbackcontroller.cpp(12): warning C4355: 'this' : used in base member initializer list
1>c:\w\rec-vs\rec\src\rec\slow\playbackcontroller.cpp(13): warning C4355: 'this' : used in base member initializer list
1>c:\w\rec-vs\rec\src\rec\gui\component\focusable.h(26): warning C4127: conditional expression is constant
1>          c:\w\rec-vs\rec\src\rec\gui\component\focusable.h(25) : while compiling class template member function 'void rec::gui::component::Focusable<Type>::focusGained(juce::Component::FocusChangeType)'
1>          with
1>          [
1>              Type=rec::gui::SetterTextArea
1>          ]
1>          c:\w\rec-vs\rec\src\rec\gui\songdata.h(15) : see reference to class template instantiation 'rec::gui::component::Focusable<Type>' being compiled
1>          with
1>          [
1>              Type=rec::gui::SetterTextArea
1>          ]
1>c:\w\rec-vs\rec\src\rec\data\persist\data.h(27): warning C4100: 'p' : unreferenced formal parameter
1>          c:\w\rec-vs\rec\src\rec\data\persist\data.h(27) : while compiling class template member function 'void rec::persist::Data<Proto>::operator ()(const Proto &)'
1>          with
1>          [
1>              Proto=rec::music::Metadata
1>          ]
1>          c:\w\rec-vs\rec\src\rec\gui\songdata.h(47) : see reference to class template instantiation 'rec::persist::Data<Proto>' being compiled
1>          with
1>          [
1>              Proto=rec::music::Metadata
1>          ]
1>c:\w\rec-vs\rec\src\rec\gui\component\focusable.h(26): warning C4127: conditional expression is constant
1>          c:\w\rec-vs\rec\src\rec\gui\component\focusable.h(25) : while compiling class template member function 'void rec::gui::component::Focusable<Type>::focusGained(juce::Component::FocusChangeType)'
1>          with
1>          [
1>              Type=rec::Component
1>          ]
1>          c:\w\rec-vs\rec\src\rec\widget\waveform\waveform.h(29) : see reference to class template instantiation 'rec::gui::component::Focusable<Type>' being compiled
1>          with
1>          [
1>              Type=rec::Component
1>          ]
1>c:\w\rec-vs\rec\src\rec\gui\component\focusable.h(26): warning C4127: conditional expression is constant
1>          c:\w\rec-vs\rec\src\rec\gui\component\focusable.h(25) : while compiling class template member function 'void rec::gui::component::Focusable<Type>::focusGained(juce::Component::FocusChangeType)'
1>          with
1>          [
1>              Type=rec::gui::TableController
1>          ]
1>          c:\w\rec-vs\rec\src\rec\gui\audio\loops.h(22) : see reference to class template instantiation 'rec::gui::component::Focusable<Type>' being compiled
1>          with
1>          [
1>              Type=rec::gui::TableController
1>          ]
1>c:\w\rec-vs\rec\src\rec\gui\component\focusable.h(26): warning C4127: conditional expression is constant
1>          c:\w\rec-vs\rec\src\rec\gui\component\focusable.h(25) : while compiling class template member function 'void rec::gui::component::Focusable<Type>::focusGained(juce::Component::FocusChangeType)'
1>          with
1>          [
1>              Type=rec::widget::tree::TreeViewDropTarget
1>          ]
1>          c:\w\rec-vs\rec\src\rec\widget\tree\treeviewdropall.h(17) : see reference to class template instantiation 'rec::gui::component::Focusable<Type>' being compiled
1>          with
1>          [
1>              Type=rec::widget::tree::TreeViewDropTarget
1>          ]
1>c:\w\rec-vs\rec\src\rec\data\persist\data.h(27): warning C4100: 'p' : unreferenced formal parameter
1>          c:\w\rec-vs\rec\src\rec\data\persist\data.h(27) : while compiling class template member function 'void rec::persist::Data<Proto>::operator ()(const Proto &)'
1>          with
1>          [
1>              Proto=rec::slow::AppLayout
1>          ]
1>          c:\w\rec-vs\rec\src\rec\slow\components.h(33) : see reference to class template instantiation 'rec::persist::Data<Proto>' being compiled
1>          with
1>          [
1>              Proto=rec::slow::AppLayout
1>          ]
1>c:\w\rec-vs\rec\src\rec\data\persist\data.h(27): warning C4100: 'p' : unreferenced formal parameter
1>          c:\w\rec-vs\rec\src\rec\data\persist\data.h(27) : while compiling class template member function 'void rec::persist::Data<Proto>::operator ()(const Proto &)'
1>          with
1>          [
1>              Proto=rec::util::file::VirtualFile
1>          ]
1>          c:\w\rec-vs\rec\src\rec\util\listener\datalistener.h(46) : see reference to class template instantiation 'rec::persist::Data<Proto>' being compiled
1>          with
1>          [
1>              Proto=rec::util::file::VirtualFile
1>          ]
1>          c:\w\rec-vs\rec\src\rec\util\listener\datalistener.h(45) : while compiling class template member function 'rec::util::listener::DataListener<Proto>::DataListener(bool)'
1>          with
1>          [
1>              Proto=rec::music::Metadata
1>          ]
1>          c:\w\rec-vs\rec\src\rec\gui\songdata.h(17) : see reference to class template instantiation 'rec::util::listener::DataListener<Proto>' being compiled
1>          with
1>          [
1>              Proto=rec::music::Metadata
1>          ]
1>c:\w\rec-vs\rec\src\rec\data\persist\data.h(27): warning C4100: 'p' : unreferenced formal parameter
1>          c:\w\rec-vs\rec\src\rec\data\persist\data.h(27) : while compiling class template member function 'void rec::persist::Data<Proto>::operator ()(const Proto &)'
1>          with
1>          [
1>              Proto=rec::util::LoopPointList
1>          ]
1>          c:\w\rec-vs\rec\src\rec\util\listener\datalistener.h(79) : see reference to class template instantiation 'rec::persist::Data<Proto>' being compiled
1>          with
1>          [
1>              Proto=rec::util::LoopPointList
1>          ]
1>          c:\w\rec-vs\rec\src\rec\util\listener\datalistener.h(76) : while compiling class template member function 'void rec::util::listener::DataListener<Proto>::setData(rec::persist::Data<Proto> *)'
1>          with
1>          [
1>              Proto=rec::util::LoopPointList
1>          ]
1>          c:\w\rec-vs\rec\src\rec\widget\waveform\waveform.h(30) : see reference to class template instantiation 'rec::util::listener::DataListener<Proto>' being compiled
1>          with
1>          [
1>              Proto=rec::util::LoopPointList
1>          ]
1>c:\w\rec-vs\rec\src\rec\data\persist\data.h(27): warning C4100: 'p' : unreferenced formal parameter
1>          c:\w\rec-vs\rec\src\rec\data\persist\data.h(27) : while compiling class template member function 'void rec::persist::Data<Proto>::operator ()(const Proto &)'
1>          with
1>          [
1>              Proto=rec::widget::waveform::ZoomProto
1>          ]
1>          c:\w\rec-vs\rec\src\rec\util\listener\datalistener.h(79) : see reference to class template instantiation 'rec::persist::Data<Proto>' being compiled
1>          with
1>          [
1>              Proto=rec::widget::waveform::ZoomProto
1>          ]
1>          c:\w\rec-vs\rec\src\rec\util\listener\datalistener.h(76) : while compiling class template member function 'void rec::util::listener::DataListener<Proto>::setData(rec::persist::Data<Proto> *)'
1>          with
1>          [
1>              Proto=rec::widget::waveform::ZoomProto
1>          ]
1>          c:\w\rec-vs\rec\src\rec\widget\waveform\waveform.h(31) : see reference to class template instantiation 'rec::util::listener::DataListener<Proto>' being compiled
1>          with
1>          [
1>              Proto=rec::widget::waveform::ZoomProto
1>          ]
1>c:\w\rec-vs\rec\src\rec\data\persist\data.h(27): warning C4100: 'p' : unreferenced formal parameter
1>          c:\w\rec-vs\rec\src\rec\data\persist\data.h(27) : while compiling class template member function 'void rec::persist::Data<Proto>::operator ()(const Proto &)'
1>          with
1>          [
1>              Proto=rec::util::Mode
1>          ]
1>          c:\w\rec-vs\rec\src\rec\util\listener\datalistener.h(79) : see reference to class template instantiation 'rec::persist::Data<Proto>' being compiled
1>          with
1>          [
1>              Proto=rec::util::Mode
1>          ]
1>          c:\w\rec-vs\rec\src\rec\util\listener\datalistener.h(76) : while compiling class template member function 'void rec::util::listener::DataListener<Proto>::setData(rec::persist::Data<Proto> *)'
1>          with
1>          [
1>              Proto=rec::util::Mode
1>          ]
1>          c:\w\rec-vs\rec\src\rec\widget\waveform\waveform.h(32) : see reference to class template instantiation 'rec::util::listener::DataListener<Proto>' being compiled
1>          with
1>          [
1>              Proto=rec::util::Mode
1>          ]
1>c:\w\rec-vs\rec\src\rec\data\persist\data.h(27): warning C4100: 'p' : unreferenced formal parameter
1>          c:\w\rec-vs\rec\src\rec\data\persist\data.h(27) : while compiling class template member function 'void rec::persist::Data<Proto>::operator ()(const Proto &)'
1>          with
1>          [
1>              Proto=rec::audio::Gain
1>          ]
1>          c:\w\rec-vs\rec\src\rec\util\listener\datalistener.h(79) : see reference to class template instantiation 'rec::persist::Data<Proto>' being compiled
1>          with
1>          [
1>              Proto=rec::audio::Gain
1>          ]
1>          c:\w\rec-vs\rec\src\rec\util\listener\datalistener.h(76) : while compiling class template member function 'void rec::util::listener::DataListener<Proto>::setData(rec::persist::Data<Proto> *)'
1>          with
1>          [
1>              Proto=rec::audio::Gain
1>          ]
1>          c:\w\rec-vs\rec\src\rec\gui\audio\playercontroller.h(19) : see reference to class template instantiation 'rec::util::listener::DataListener<Proto>' being compiled
1>          with
1>          [
1>              Proto=rec::audio::Gain
1>          ]
1>c:\w\rec-vs\rec\src\rec\data\persist\data.h(27): warning C4100: 'p' : unreferenced formal parameter
1>          c:\w\rec-vs\rec\src\rec\data\persist\data.h(27) : while compiling class template member function 'void rec::persist::Data<Proto>::operator ()(const Proto &)'
1>          with
1>          [
1>              Proto=rec::audio::source::StereoProto
1>          ]
1>          c:\w\rec-vs\rec\src\rec\util\listener\datalistener.h(79) : see reference to class template instantiation 'rec::persist::Data<Proto>' being compiled
1>          with
1>          [
1>              Proto=rec::audio::source::StereoProto
1>          ]
1>          c:\w\rec-vs\rec\src\rec\util\listener\datalistener.h(76) : while compiling class template member function 'void rec::util::listener::DataListener<Proto>::setData(rec::persist::Data<Proto> *)'
1>          with
1>          [
1>              Proto=rec::audio::source::StereoProto
1>          ]
1>          c:\w\rec-vs\rec\src\rec\gui\audio\playercontroller.h(20) : see reference to class template instantiation 'rec::util::listener::DataListener<Proto>' being compiled
1>          with
1>          [
1>              Proto=rec::audio::source::StereoProto
1>          ]
1>c:\w\rec-vs\rec\src\rec\data\persist\data.h(27): warning C4100: 'p' : unreferenced formal parameter
1>          c:\w\rec-vs\rec\src\rec\data\persist\data.h(27) : while compiling class template member function 'void rec::persist::Data<Proto>::operator ()(const Proto &)'
1>          with
1>          [
1>              Proto=rec::audio::stretch::Stretch
1>          ]
1>          c:\w\rec-vs\rec\src\rec\util\listener\datalistener.h(79) : see reference to class template instantiation 'rec::persist::Data<Proto>' being compiled
1>          with
1>          [
1>              Proto=rec::audio::stretch::Stretch
1>          ]
1>          c:\w\rec-vs\rec\src\rec\util\listener\datalistener.h(76) : while compiling class template member function 'void rec::util::listener::DataListener<Proto>::setData(rec::persist::Data<Proto> *)'
1>          with
1>          [
1>              Proto=rec::audio::stretch::Stretch
1>          ]
1>          c:\w\rec-vs\rec\src\rec\gui\audio\playercontroller.h(21) : see reference to class template instantiation 'rec::util::listener::DataListener<Proto>' being compiled
1>          with
1>          [
1>              Proto=rec::audio::stretch::Stretch
1>          ]
1>c:\w\rec-vs\rec\src\rec\gui\tablecontroller.h(31): warning C4505: 'rec::gui::TableController::selectedRowsChanged' : unreferenced local function has been removed
1>c:\w\rec-vs\rec\src\rec\gui\tablecontroller.h(22): warning C4505: 'rec::gui::TableController::getNumRows' : unreferenced local function has been removed
1>  Position.cpp
1>  Target.cpp
1>c:\w\rec-vs\rec\src\rec\slow\target.h(14): warning C4099: 'rec::slow::Instance' : type name first seen using 'struct' now seen using 'class'
1>          c:\w\rec-vs\rec\src\rec\slow\instance.h(19) : see declaration of 'rec::slow::Instance'
1>c:\w\rec-vs\rec\src\rec\base\sampleposition.h(12): warning C4244: 'initializing' : conversion from 'double' to 'rec::int64', possible loss of data
1>c:\w\rec-vs\rec\src\rec\base\sampleposition.h(13): warning C4244: 'initializing' : conversion from 'float' to 'rec::int64', possible loss of data
1>c:\w\rec-vs\rec\src\rec\audio\device.h(11): warning C4355: 'this' : used in base member initializer list
1>c:\w\rec-vs\rec\src\rec\audio\source\wrappy.h(44): warning C4520: 'rec::audio::source::Wrappy' : multiple default constructors specified
1>c:\w\rec-vs\rec\src\rec\util\block\block.h(52): warning C4244: 'return' : conversion from 'const rec::util::block::Size' to 'int', possible loss of data
1>c:\w\rec-vs\rec\src\rec\util\block\block.h(70): warning C4244: '=' : conversion from 'const rec::util::block::Size' to 'int', possible loss of data
1>c:\w\rec-vs\rec\src\rec\util\block\block.h(71): warning C4244: '=' : conversion from 'rec::util::block::Size' to 'int', possible loss of data
1>c:\w\rec-vs\rec\src\rec\gui\layout\layout.h(46): warning C4800: 'rec::Orientation' : forcing value to bool 'true' or 'false' (performance warning)
1>c:\w\rec-vs\rec\src\rec\gui\settertext.h(46): warning C4100: 'editor' : unreferenced formal parameter
1>c:\w\rec-vs\rec\src\rec\gui\settertext.h(47): warning C4100: 'editor' : unreferenced formal parameter
1>c:\w\rec-vs\rec\src\rec\gui\settertext.h(48): warning C4100: 'editor' : unreferenced formal parameter
1>c:\w\rec-vs\rec\src\rec\gui\settertextarea.h(33): warning C4018: '<' : signed/unsigned mismatch
1>c:\w\rec-vs\rec\src\rec\slow\components.h(25): warning C4099: 'rec::slow::Components' : type name first seen using 'class' now seen using 'struct'
1>          c:\w\rec-vs\rec\src\rec\slow\instance.h(9) : see declaration of 'rec::slow::Components'
1>c:\w\rec-vs\rec\src\rec\slow\components.h(31): warning C4355: 'this' : used in base member initializer list
1>c:\w\rec-vs\rec\src\rec\slow\components.h(32): warning C4355: 'this' : used in base member initializer list
1>c:\w\rec-vs\rec\src\rec\slow\loopcommands.h(10): warning C4099: 'rec::slow::Instance' : type name first seen using 'struct' now seen using 'class'
1>          c:\w\rec-vs\rec\src\rec\slow\instance.h(19) : see declaration of 'rec::slow::Instance'
1>c:\w\rec-vs\rec\src\rec\slow\listeners.h(16): warning C4099: 'rec::gui::DropFiles' : type name first seen using 'struct' now seen using 'class'
1>          c:\w\rec-vs\rec\src\rec\gui\dropfiles.h(9) : see declaration of 'rec::gui::DropFiles'
1>c:\w\rec-vs\rec\src\rec\slow\listeners.h(26): warning C4099: 'rec::slow::Instance' : type name first seen using 'struct' now seen using 'class'
1>          c:\w\rec-vs\rec\src\rec\slow\instance.h(19) : see declaration of 'rec::slow::Instance'
1>c:\w\rec-vs\rec\src\rec\slow\model.h(27): warning C4099: 'rec::slow::Instance' : type name first seen using 'struct' now seen using 'class'
1>          c:\w\rec-vs\rec\src\rec\slow\instance.h(19) : see declaration of 'rec::slow::Instance'
1>c:\w\rec-vs\rec\src\rec\slow\targetcommands.h(9): warning C4099: 'rec::slow::Instance' : type name first seen using 'struct' now seen using 'class'
1>          c:\w\rec-vs\rec\src\rec\slow\instance.h(19) : see declaration of 'rec::slow::Instance'
1>c:\w\rec-vs\rec\src\rec\gui\component\focusable.h(26): warning C4127: conditional expression is constant
1>          c:\w\rec-vs\rec\src\rec\gui\component\focusable.h(25) : while compiling class template member function 'void rec::gui::component::Focusable<Type>::focusGained(juce::Component::FocusChangeType)'
1>          with
1>          [
1>              Type=rec::Component
1>          ]
1>          c:\w\rec-vs\rec\src\rec\widget\waveform\waveform.h(29) : see reference to class template instantiation 'rec::gui::component::Focusable<Type>' being compiled
1>          with
1>          [
1>              Type=rec::Component
1>          ]
1>c:\w\rec-vs\rec\src\rec\gui\component\focusable.h(26): warning C4127: conditional expression is constant
1>          c:\w\rec-vs\rec\src\rec\gui\component\focusable.h(25) : while compiling class template member function 'void rec::gui::component::Focusable<Type>::focusGained(juce::Component::FocusChangeType)'
1>          with
1>          [
1>              Type=rec::gui::TableController
1>          ]
1>          c:\w\rec-vs\rec\src\rec\gui\audio\loops.h(22) : see reference to class template instantiation 'rec::gui::component::Focusable<Type>' being compiled
1>          with
1>          [
1>              Type=rec::gui::TableController
1>          ]
1>c:\w\rec-vs\rec\src\rec\gui\component\focusable.h(26): warning C4127: conditional expression is constant
1>          c:\w\rec-vs\rec\src\rec\gui\component\focusable.h(25) : while compiling class template member function 'void rec::gui::component::Focusable<Type>::focusGained(juce::Component::FocusChangeType)'
1>          with
1>          [
1>              Type=rec::gui::SetterTextArea
1>          ]
1>          c:\w\rec-vs\rec\src\rec\gui\songdata.h(15) : see reference to class template instantiation 'rec::gui::component::Focusable<Type>' being compiled
1>          with
1>          [
1>              Type=rec::gui::SetterTextArea
1>          ]
1>c:\w\rec-vs\rec\src\rec\data\persist\data.h(27): warning C4100: 'p' : unreferenced formal parameter
1>          c:\w\rec-vs\rec\src\rec\data\persist\data.h(27) : while compiling class template member function 'void rec::persist::Data<Proto>::operator ()(const Proto &)'
1>          with
1>          [
1>              Proto=rec::music::Metadata
1>          ]
1>          c:\w\rec-vs\rec\src\rec\gui\songdata.h(47) : see reference to class template instantiation 'rec::persist::Data<Proto>' being compiled
1>          with
1>          [
1>              Proto=rec::music::Metadata
1>          ]
1>c:\w\rec-vs\rec\src\rec\gui\component\focusable.h(26): warning C4127: conditional expression is constant
1>          c:\w\rec-vs\rec\src\rec\gui\component\focusable.h(25) : while compiling class template member function 'void rec::gui::component::Focusable<Type>::focusGained(juce::Component::FocusChangeType)'
1>          with
1>          [
1>              Type=rec::widget::tree::TreeViewDropTarget
1>          ]
1>          c:\w\rec-vs\rec\src\rec\widget\tree\treeviewdropall.h(17) : see reference to class template instantiation 'rec::gui::component::Focusable<Type>' being compiled
1>          with
1>          [
1>              Type=rec::widget::tree::TreeViewDropTarget
1>          ]
1>c:\w\rec-vs\rec\src\rec\data\persist\data.h(27): warning C4100: 'p' : unreferenced formal parameter
1>          c:\w\rec-vs\rec\src\rec\data\persist\data.h(27) : while compiling class template member function 'void rec::persist::Data<Proto>::operator ()(const Proto &)'
1>          with
1>          [
1>              Proto=rec::slow::AppLayout
1>          ]
1>          c:\w\rec-vs\rec\src\rec\slow\components.h(33) : see reference to class template instantiation 'rec::persist::Data<Proto>' being compiled
1>          with
1>          [
1>              Proto=rec::slow::AppLayout
1>          ]
1>c:\w\rec-vs\rec\src\rec\audio\source\framesource.h(25): warning C4244: '-=' : conversion from 'rec::int64' to 'int', possible loss of data
1>          c:\w\rec-vs\rec\src\rec\audio\source\framesource.h(16) : while compiling class template member function 'void rec::audio::source::FrameSource<Sample,CHANNELS>::getNextAudioBlock(const rec::audio::Info &)'
1>          with
1>          [
1>              Sample=short,
1>              CHANNELS=2
1>          ]
1>          c:\w\rec-vs\rec\src\rec\slow\model.h(69) : see reference to class template instantiation 'rec::audio::source::FrameSource<Sample,CHANNELS>' being compiled
1>          with
1>          [
1>              Sample=short,
1>              CHANNELS=2
1>          ]
1>c:\w\rec-vs\rec\src\rec\audio\source\framesource.h(26): warning C4244: '+=' : conversion from 'rec::int64' to 'int', possible loss of data
1>c:\w\rec-vs\rec\src\rec\audio\source\framesource.h(44): warning C4100: 'r' : unreferenced formal parameter
1>          c:\w\rec-vs\rec\src\rec\audio\source\framesource.h(44) : while compiling class template member function 'void rec::audio::source::FrameSource<Sample,CHANNELS>::prepareToPlay(int,double)'
1>          with
1>          [
1>              Sample=short,
1>              CHANNELS=2
1>          ]
1>c:\w\rec-vs\rec\src\rec\audio\source\framesource.h(44): warning C4100: 's' : unreferenced formal parameter
1>c:\w\rec-vs\rec\src\rec\data\persist\data.h(27): warning C4100: 'p' : unreferenced formal parameter
1>          c:\w\rec-vs\rec\src\rec\data\persist\data.h(27) : while compiling class template member function 'void rec::persist::Data<Proto>::operator ()(const Proto &)'
1>          with
1>          [
1>              Proto=rec::audio::Gain
1>          ]
1>          c:\w\rec-vs\rec\src\rec\util\listener\datalistener.h(79) : see reference to class template instantiation 'rec::persist::Data<Proto>' being compiled
1>          with
1>          [
1>              Proto=rec::audio::Gain
1>          ]
1>          c:\w\rec-vs\rec\src\rec\util\listener\datalistener.h(76) : while compiling class template member function 'void rec::util::listener::DataListener<Proto>::setData(rec::persist::Data<Proto> *)'
1>          with
1>          [
1>              Proto=rec::audio::Gain
1>          ]
1>          c:\w\rec-vs\rec\src\rec\audio\source\player.h(32) : see reference to class template instantiation 'rec::util::listener::DataListener<Proto>' being compiled
1>          with
1>          [
1>              Proto=rec::audio::Gain
1>          ]
1>c:\w\rec-vs\rec\src\rec\data\persist\data.h(27): warning C4100: 'p' : unreferenced formal parameter
1>          c:\w\rec-vs\rec\src\rec\data\persist\data.h(27) : while compiling class template member function 'void rec::persist::Data<Proto>::operator ()(const Proto &)'
1>          with
1>          [
1>              Proto=rec::util::LoopPointList
1>          ]
1>          c:\w\rec-vs\rec\src\rec\util\listener\datalistener.h(79) : see reference to class template instantiation 'rec::persist::Data<Proto>' being compiled
1>          with
1>          [
1>              Proto=rec::util::LoopPointList
1>          ]
1>          c:\w\rec-vs\rec\src\rec\util\listener\datalistener.h(76) : while compiling class template member function 'void rec::util::listener::DataListener<Proto>::setData(rec::persist::Data<Proto> *)'
1>          with
1>          [
1>              Proto=rec::util::LoopPointList
1>          ]
1>          c:\w\rec-vs\rec\src\rec\audio\source\player.h(33) : see reference to class template instantiation 'rec::util::listener::DataListener<Proto>' being compiled
1>          with
1>          [
1>              Proto=rec::util::LoopPointList
1>          ]
1>c:\w\rec-vs\rec\src\rec\data\persist\data.h(27): warning C4100: 'p' : unreferenced formal parameter
1>          c:\w\rec-vs\rec\src\rec\data\persist\data.h(27) : while compiling class template member function 'void rec::persist::Data<Proto>::operator ()(const Proto &)'
1>          with
1>          [
1>              Proto=rec::audio::source::StereoProto
1>          ]
1>          c:\w\rec-vs\rec\src\rec\util\listener\datalistener.h(79) : see reference to class template instantiation 'rec::persist::Data<Proto>' being compiled
1>          with
1>          [
1>              Proto=rec::audio::source::StereoProto
1>          ]
1>          c:\w\rec-vs\rec\src\rec\util\listener\datalistener.h(76) : while compiling class template member function 'void rec::util::listener::DataListener<Proto>::setData(rec::persist::Data<Proto> *)'
1>          with
1>          [
1>              Proto=rec::audio::source::StereoProto
1>          ]
1>          c:\w\rec-vs\rec\src\rec\audio\source\player.h(34) : see reference to class template instantiation 'rec::util::listener::DataListener<Proto>' being compiled
1>          with
1>          [
1>              Proto=rec::audio::source::StereoProto
1>          ]
1>c:\w\rec-vs\rec\src\rec\data\persist\data.h(27): warning C4100: 'p' : unreferenced formal parameter
1>          c:\w\rec-vs\rec\src\rec\data\persist\data.h(27) : while compiling class template member function 'void rec::persist::Data<Proto>::operator ()(const Proto &)'
1>          with
1>          [
1>              Proto=rec::widget::waveform::ZoomProto
1>          ]
1>          c:\w\rec-vs\rec\src\rec\util\listener\datalistener.h(79) : see reference to class template instantiation 'rec::persist::Data<Proto>' being compiled
1>          with
1>          [
1>              Proto=rec::widget::waveform::ZoomProto
1>          ]
1>          c:\w\rec-vs\rec\src\rec\util\listener\datalistener.h(76) : while compiling class template member function 'void rec::util::listener::DataListener<Proto>::setData(rec::persist::Data<Proto> *)'
1>          with
1>          [
1>              Proto=rec::widget::waveform::ZoomProto
1>          ]
1>          c:\w\rec-vs\rec\src\rec\widget\waveform\waveform.h(31) : see reference to class template instantiation 'rec::util::listener::DataListener<Proto>' being compiled
1>          with
1>          [
1>              Proto=rec::widget::waveform::ZoomProto
1>          ]
1>c:\w\rec-vs\rec\src\rec\data\persist\data.h(27): warning C4100: 'p' : unreferenced formal parameter
1>          c:\w\rec-vs\rec\src\rec\data\persist\data.h(27) : while compiling class template member function 'void rec::persist::Data<Proto>::operator ()(const Proto &)'
1>          with
1>          [
1>              Proto=rec::util::Mode
1>          ]
1>          c:\w\rec-vs\rec\src\rec\util\listener\datalistener.h(79) : see reference to class template instantiation 'rec::persist::Data<Proto>' being compiled
1>          with
1>          [
1>              Proto=rec::util::Mode
1>          ]
1>          c:\w\rec-vs\rec\src\rec\util\listener\datalistener.h(76) : while compiling class template member function 'void rec::util::listener::DataListener<Proto>::setData(rec::persist::Data<Proto> *)'
1>          with
1>          [
1>              Proto=rec::util::Mode
1>          ]
1>          c:\w\rec-vs\rec\src\rec\widget\waveform\waveform.h(32) : see reference to class template instantiation 'rec::util::listener::DataListener<Proto>' being compiled
1>          with
1>          [
1>              Proto=rec::util::Mode
1>          ]
1>c:\w\rec-vs\rec\src\rec\data\persist\data.h(27): warning C4100: 'p' : unreferenced formal parameter
1>          c:\w\rec-vs\rec\src\rec\data\persist\data.h(27) : while compiling class template member function 'void rec::persist::Data<Proto>::operator ()(const Proto &)'
1>          with
1>          [
1>              Proto=rec::util::file::VirtualFile
1>          ]
1>          c:\w\rec-vs\rec\src\rec\util\listener\datalistener.h(46) : see reference to class template instantiation 'rec::persist::Data<Proto>' being compiled
1>          with
1>          [
1>              Proto=rec::util::file::VirtualFile
1>          ]
1>          c:\w\rec-vs\rec\src\rec\util\listener\datalistener.h(45) : while compiling class template member function 'rec::util::listener::DataListener<Proto>::DataListener(bool)'
1>          with
1>          [
1>              Proto=rec::music::Metadata
1>          ]
1>          c:\w\rec-vs\rec\src\rec\gui\songdata.h(17) : see reference to class template instantiation 'rec::util::listener::DataListener<Proto>' being compiled
1>          with
1>          [
1>              Proto=rec::music::Metadata
1>          ]
1>c:\w\rec-vs\rec\src\rec\data\persist\data.h(27): warning C4100: 'p' : unreferenced formal parameter
1>          c:\w\rec-vs\rec\src\rec\data\persist\data.h(27) : while compiling class template member function 'void rec::persist::Data<Proto>::operator ()(const Proto &)'
1>          with
1>          [
1>              Proto=rec::audio::stretch::Stretch
1>          ]
1>          c:\w\rec-vs\rec\src\rec\util\listener\datalistener.h(79) : see reference to class template instantiation 'rec::persist::Data<Proto>' being compiled
1>          with
1>          [
1>              Proto=rec::audio::stretch::Stretch
1>          ]
1>          c:\w\rec-vs\rec\src\rec\util\listener\datalistener.h(76) : while compiling class template member function 'void rec::util::listener::DataListener<Proto>::setData(rec::persist::Data<Proto> *)'
1>          with
1>          [
1>              Proto=rec::audio::stretch::Stretch
1>          ]
1>          c:\w\rec-vs\rec\src\rec\gui\audio\playercontroller.h(21) : see reference to class template instantiation 'rec::util::listener::DataListener<Proto>' being compiled
1>          with
1>          [
1>              Proto=rec::audio::stretch::Stretch
1>          ]
1>c:\w\rec-vs\rec\src\rec\data\persist\data.h(27): warning C4100: 'p' : unreferenced formal parameter
1>          c:\w\rec-vs\rec\src\rec\data\persist\data.h(27) : while compiling class template member function 'void rec::persist::Data<Proto>::operator ()(const Proto &)'
1>          with
1>          [
1>              Proto=rec::command::CommandMapProto
1>          ]
1>          c:\w\rec-vs\rec\src\rec\data\persist\persist.h(29) : see reference to class template instantiation 'rec::persist::Data<Proto>' being compiled
1>          with
1>          [
1>              Proto=rec::command::CommandMapProto
1>          ]
1>          c:\w\rec-vs\rec\src\rec\slow\target.cpp(40) : see reference to function template instantiation 'const Proto rec::persist::getGlobal<rec::command::CommandMapProto>(void)' being compiled
1>          with
1>          [
1>              Proto=rec::command::CommandMapProto
1>          ]
1>c:\w\rec-vs\rec\src\rec\gui\tablecontroller.h(31): warning C4505: 'rec::gui::TableController::selectedRowsChanged' : unreferenced local function has been removed
1>c:\w\rec-vs\rec\src\rec\gui\tablecontroller.h(22): warning C4505: 'rec::gui::TableController::getNumRows' : unreferenced local function has been removed
1>  TargetCommands.cpp
1>c:\w\rec-vs\rec\src\rec\base\sampleposition.h(12): warning C4244: 'initializing' : conversion from 'double' to 'rec::int64', possible loss of data
1>c:\w\rec-vs\rec\src\rec\base\sampleposition.h(13): warning C4244: 'initializing' : conversion from 'float' to 'rec::int64', possible loss of data
1>c:\w\rec-vs\rec\src\rec\util\block\block.h(52): warning C4244: 'return' : conversion from 'const rec::util::block::Size' to 'int', possible loss of data
1>c:\w\rec-vs\rec\src\rec\util\block\block.h(70): warning C4244: '=' : conversion from 'const rec::util::block::Size' to 'int', possible loss of data
1>c:\w\rec-vs\rec\src\rec\util\block\block.h(71): warning C4244: '=' : conversion from 'rec::util::block::Size' to 'int', possible loss of data
1>c:\w\rec-vs\rec\src\rec\gui\layout\layout.h(46): warning C4800: 'rec::Orientation' : forcing value to bool 'true' or 'false' (performance warning)
1>c:\w\rec-vs\rec\src\rec\gui\settertext.h(46): warning C4100: 'editor' : unreferenced formal parameter
1>c:\w\rec-vs\rec\src\rec\gui\settertext.h(47): warning C4100: 'editor' : unreferenced formal parameter
1>c:\w\rec-vs\rec\src\rec\gui\settertext.h(48): warning C4100: 'editor' : unreferenced formal parameter
1>c:\w\rec-vs\rec\src\rec\gui\settertextarea.h(33): warning C4018: '<' : signed/unsigned mismatch
1>c:\w\rec-vs\rec\src\rec\audio\device.h(11): warning C4355: 'this' : used in base member initializer list
1>c:\w\rec-vs\rec\src\rec\audio\source\wrappy.h(44): warning C4520: 'rec::audio::source::Wrappy' : multiple default constructors specified
1>c:\w\rec-vs\rec\src\rec\slow\instance.h(19): warning C4099: 'rec::slow::Instance' : type name first seen using 'class' now seen using 'struct'
1>          c:\w\rec-vs\rec\src\rec\slow\targetcommands.h(9) : see declaration of 'rec::slow::Instance'
1>c:\w\rec-vs\rec\src\rec\slow\target.h(14): warning C4099: 'rec::slow::Instance' : type name first seen using 'struct' now seen using 'class'
1>          c:\w\rec-vs\rec\src\rec\slow\instance.h(19) : see declaration of 'rec::slow::Instance'
1>c:\w\rec-vs\rec\src\rec\slow\components.h(25): warning C4099: 'rec::slow::Components' : type name first seen using 'class' now seen using 'struct'
1>          c:\w\rec-vs\rec\src\rec\slow\mainpage.h(17) : see declaration of 'rec::slow::Components'
1>c:\w\rec-vs\rec\src\rec\slow\components.h(31): warning C4355: 'this' : used in base member initializer list
1>c:\w\rec-vs\rec\src\rec\slow\components.h(32): warning C4355: 'this' : used in base member initializer list
1>c:\w\rec-vs\rec\src\rec\slow\loopcommands.h(10): warning C4099: 'rec::slow::Instance' : type name first seen using 'struct' now seen using 'class'
1>          c:\w\rec-vs\rec\src\rec\slow\instance.h(19) : see declaration of 'rec::slow::Instance'
1>c:\w\rec-vs\rec\src\rec\slow\listeners.h(16): warning C4099: 'rec::gui::DropFiles' : type name first seen using 'struct' now seen using 'class'
1>          c:\w\rec-vs\rec\src\rec\gui\dropfiles.h(9) : see declaration of 'rec::gui::DropFiles'
1>c:\w\rec-vs\rec\src\rec\slow\listeners.h(26): warning C4099: 'rec::slow::Instance' : type name first seen using 'struct' now seen using 'class'
1>          c:\w\rec-vs\rec\src\rec\slow\instance.h(19) : see declaration of 'rec::slow::Instance'
1>c:\w\rec-vs\rec\src\rec\slow\model.h(27): warning C4099: 'rec::slow::Instance' : type name first seen using 'struct' now seen using 'class'
1>          c:\w\rec-vs\rec\src\rec\slow\instance.h(19) : see declaration of 'rec::slow::Instance'
1>c:\w\rec-vs\rec\src\rec\command\genericcommandmapeditor.h(103): warning C4512: 'rec::command::GenericCommandMapEditor<MappingSet,Key>' : assignment operator could not be generated
1>          with
1>          [
1>              MappingSet=juce::KeyPressMappingSet,
1>              Key=juce::KeyPress
1>          ]
1>          c:\w\rec-vs\rec\src\rec\slow\targetcommands.cpp(65) : see reference to class template instantiation 'rec::command::GenericCommandMapEditor<MappingSet,Key>' being compiled
1>          with
1>          [
1>              MappingSet=juce::KeyPressMappingSet,
1>              Key=juce::KeyPress
1>          ]
1>c:\w\rec-vs\rec\src\rec\command\genericcommandmapeditor.h(103): warning C4512: 'rec::command::GenericCommandMapEditor<MappingSet,Key>' : assignment operator could not be generated
1>          with
1>          [
1>              MappingSet=rec::command::MidiCommandMap,
1>              Key=rec::MidiMessage
1>          ]
1>          c:\w\rec-vs\rec\src\rec\slow\targetcommands.cpp(84) : see reference to class template instantiation 'rec::command::GenericCommandMapEditor<MappingSet,Key>' being compiled
1>          with
1>          [
1>              MappingSet=rec::command::MidiCommandMap,
1>              Key=rec::MidiMessage
1>          ]
1>c:\w\rec-vs\rec\src\rec\slow\targetcommands.cpp(96): warning C4100: 'i' : unreferenced formal parameter
1>c:\w\rec-vs\rec\src\rec\slow\targetcommands.cpp(99): warning C4100: 'i' : unreferenced formal parameter
1>c:\w\rec-vs\rec\src\rec\slow\targetcommands.cpp(102): warning C4100: 'i' : unreferenced formal parameter
1>c:\w\rec-vs\rec\src\rec\slow\targetcommands.cpp(105): warning C4100: 'i' : unreferenced formal parameter
1>c:\w\rec-vs\rec\src\rec\slow\targetcommands.cpp(108): warning C4100: 'i' : unreferenced formal parameter
1>c:\w\rec-vs\rec\src\rec\slow\targetcommands.cpp(111): warning C4100: 'i' : unreferenced formal parameter
1>c:\w\rec-vs\rec\src\rec\slow\targetcommands.cpp(114): warning C4100: 'i' : unreferenced formal parameter
1>c:\w\rec-vs\rec\src\rec\slow\targetcommands.cpp(117): warning C4100: 'i' : unreferenced formal parameter
1>c:\w\rec-vs\rec\src\rec\slow\targetcommands.cpp(120): warning C4100: 'i' : unreferenced formal parameter
1>c:\w\rec-vs\rec\src\rec\slow\targetcommands.cpp(123): warning C4100: 'i' : unreferenced formal parameter
1>c:\w\rec-vs\rec\src\rec\slow\targetcommands.cpp(126): warning C4100: 'i' : unreferenced formal parameter
1>c:\w\rec-vs\rec\src\rec\slow\targetcommands.cpp(129): warning C4100: 'i' : unreferenced formal parameter
1>c:\w\rec-vs\rec\src\rec\slow\targetcommands.cpp(132): warning C4100: 'i' : unreferenced formal parameter
1>c:\w\rec-vs\rec\src\rec\slow\targetcommands.cpp(135): warning C4100: 'i' : unreferenced formal parameter
1>c:\w\rec-vs\rec\src\rec\gui\component\focusable.h(26): warning C4127: conditional expression is constant
1>          c:\w\rec-vs\rec\src\rec\gui\component\focusable.h(25) : while compiling class template member function 'void rec::gui::component::Focusable<Type>::focusGained(juce::Component::FocusChangeType)'
1>          with
1>          [
1>              Type=rec::Component
1>          ]
1>          c:\w\rec-vs\rec\src\rec\widget\waveform\waveform.h(29) : see reference to class template instantiation 'rec::gui::component::Focusable<Type>' being compiled
1>          with
1>          [
1>              Type=rec::Component
1>          ]
1>c:\w\rec-vs\rec\src\rec\gui\component\focusable.h(26): warning C4127: conditional expression is constant
1>          c:\w\rec-vs\rec\src\rec\gui\component\focusable.h(25) : while compiling class template member function 'void rec::gui::component::Focusable<Type>::focusGained(juce::Component::FocusChangeType)'
1>          with
1>          [
1>              Type=rec::gui::TableController
1>          ]
1>          c:\w\rec-vs\rec\src\rec\gui\audio\loops.h(22) : see reference to class template instantiation 'rec::gui::component::Focusable<Type>' being compiled
1>          with
1>          [
1>              Type=rec::gui::TableController
1>          ]
1>c:\w\rec-vs\rec\src\rec\gui\component\focusable.h(26): warning C4127: conditional expression is constant
1>          c:\w\rec-vs\rec\src\rec\gui\component\focusable.h(25) : while compiling class template member function 'void rec::gui::component::Focusable<Type>::focusGained(juce::Component::FocusChangeType)'
1>          with
1>          [
1>              Type=rec::gui::SetterTextArea
1>          ]
1>          c:\w\rec-vs\rec\src\rec\gui\songdata.h(15) : see reference to class template instantiation 'rec::gui::component::Focusable<Type>' being compiled
1>          with
1>          [
1>              Type=rec::gui::SetterTextArea
1>          ]
1>c:\w\rec-vs\rec\src\rec\data\persist\data.h(27): warning C4100: 'p' : unreferenced formal parameter
1>          c:\w\rec-vs\rec\src\rec\data\persist\data.h(27) : while compiling class template member function 'void rec::persist::Data<Proto>::operator ()(const Proto &)'
1>          with
1>          [
1>              Proto=rec::music::Metadata
1>          ]
1>          c:\w\rec-vs\rec\src\rec\gui\songdata.h(47) : see reference to class template instantiation 'rec::persist::Data<Proto>' being compiled
1>          with
1>          [
1>              Proto=rec::music::Metadata
1>          ]
1>c:\w\rec-vs\rec\src\rec\gui\component\focusable.h(26): warning C4127: conditional expression is constant
1>          c:\w\rec-vs\rec\src\rec\gui\component\focusable.h(25) : while compiling class template member function 'void rec::gui::component::Focusable<Type>::focusGained(juce::Component::FocusChangeType)'
1>          with
1>          [
1>              Type=rec::widget::tree::TreeViewDropTarget
1>          ]
1>          c:\w\rec-vs\rec\src\rec\widget\tree\treeviewdropall.h(17) : see reference to class template instantiation 'rec::gui::component::Focusable<Type>' being compiled
1>          with
1>          [
1>              Type=rec::widget::tree::TreeViewDropTarget
1>          ]
1>c:\w\rec-vs\rec\src\rec\data\persist\data.h(27): warning C4100: 'p' : unreferenced formal parameter
1>          c:\w\rec-vs\rec\src\rec\data\persist\data.h(27) : while compiling class template member function 'void rec::persist::Data<Proto>::operator ()(const Proto &)'
1>          with
1>          [
1>              Proto=rec::slow::AppLayout
1>          ]
1>          c:\w\rec-vs\rec\src\rec\slow\components.h(33) : see reference to class template instantiation 'rec::persist::Data<Proto>' being compiled
1>          with
1>          [
1>              Proto=rec::slow::AppLayout
1>          ]
1>c:\w\rec-vs\rec\src\rec\audio\source\framesource.h(25): warning C4244: '-=' : conversion from 'rec::int64' to 'int', possible loss of data
1>          c:\w\rec-vs\rec\src\rec\audio\source\framesource.h(16) : while compiling class template member function 'void rec::audio::source::FrameSource<Sample,CHANNELS>::getNextAudioBlock(const rec::audio::Info &)'
1>          with
1>          [
1>              Sample=short,
1>              CHANNELS=2
1>          ]
1>          c:\w\rec-vs\rec\src\rec\slow\model.h(69) : see reference to class template instantiation 'rec::audio::source::FrameSource<Sample,CHANNELS>' being compiled
1>          with
1>          [
1>              Sample=short,
1>              CHANNELS=2
1>          ]
1>c:\w\rec-vs\rec\src\rec\audio\source\framesource.h(26): warning C4244: '+=' : conversion from 'rec::int64' to 'int', possible loss of data
1>c:\w\rec-vs\rec\src\rec\audio\source\framesource.h(44): warning C4100: 'r' : unreferenced formal parameter
1>          c:\w\rec-vs\rec\src\rec\audio\source\framesource.h(44) : while compiling class template member function 'void rec::audio::source::FrameSource<Sample,CHANNELS>::prepareToPlay(int,double)'
1>          with
1>          [
1>              Sample=short,
1>              CHANNELS=2
1>          ]
1>c:\w\rec-vs\rec\src\rec\audio\source\framesource.h(44): warning C4100: 's' : unreferenced formal parameter
1>c:\w\rec-vs\rec\src\rec\data\persist\data.h(27): warning C4100: 'p' : unreferenced formal parameter
1>          c:\w\rec-vs\rec\src\rec\data\persist\data.h(27) : while compiling class template member function 'void rec::persist::Data<Proto>::operator ()(const Proto &)'
1>          with
1>          [
1>              Proto=rec::util::LoopPointList
1>          ]
1>          c:\w\rec-vs\rec\src\rec\util\listener\datalistener.h(79) : see reference to class template instantiation 'rec::persist::Data<Proto>' being compiled
1>          with
1>          [
1>              Proto=rec::util::LoopPointList
1>          ]
1>          c:\w\rec-vs\rec\src\rec\util\listener\datalistener.h(76) : while compiling class template member function 'void rec::util::listener::DataListener<Proto>::setData(rec::persist::Data<Proto> *)'
1>          with
1>          [
1>              Proto=rec::util::LoopPointList
1>          ]
1>          c:\w\rec-vs\rec\src\rec\widget\waveform\waveform.h(30) : see reference to class template instantiation 'rec::util::listener::DataListener<Proto>' being compiled
1>          with
1>          [
1>              Proto=rec::util::LoopPointList
1>          ]
1>c:\w\rec-vs\rec\src\rec\data\persist\data.h(27): warning C4100: 'p' : unreferenced formal parameter
1>          c:\w\rec-vs\rec\src\rec\data\persist\data.h(27) : while compiling class template member function 'void rec::persist::Data<Proto>::operator ()(const Proto &)'
1>          with
1>          [
1>              Proto=rec::widget::waveform::ZoomProto
1>          ]
1>          c:\w\rec-vs\rec\src\rec\util\listener\datalistener.h(79) : see reference to class template instantiation 'rec::persist::Data<Proto>' being compiled
1>          with
1>          [
1>              Proto=rec::widget::waveform::ZoomProto
1>          ]
1>          c:\w\rec-vs\rec\src\rec\util\listener\datalistener.h(76) : while compiling class template member function 'void rec::util::listener::DataListener<Proto>::setData(rec::persist::Data<Proto> *)'
1>          with
1>          [
1>              Proto=rec::widget::waveform::ZoomProto
1>          ]
1>          c:\w\rec-vs\rec\src\rec\widget\waveform\waveform.h(31) : see reference to class template instantiation 'rec::util::listener::DataListener<Proto>' being compiled
1>          with
1>          [
1>              Proto=rec::widget::waveform::ZoomProto
1>          ]
1>c:\w\rec-vs\rec\src\rec\data\persist\data.h(27): warning C4100: 'p' : unreferenced formal parameter
1>          c:\w\rec-vs\rec\src\rec\data\persist\data.h(27) : while compiling class template member function 'void rec::persist::Data<Proto>::operator ()(const Proto &)'
1>          with
1>          [
1>              Proto=rec::util::Mode
1>          ]
1>          c:\w\rec-vs\rec\src\rec\util\listener\datalistener.h(79) : see reference to class template instantiation 'rec::persist::Data<Proto>' being compiled
1>          with
1>          [
1>              Proto=rec::util::Mode
1>          ]
1>          c:\w\rec-vs\rec\src\rec\util\listener\datalistener.h(76) : while compiling class template member function 'void rec::util::listener::DataListener<Proto>::setData(rec::persist::Data<Proto> *)'
1>          with
1>          [
1>              Proto=rec::util::Mode
1>          ]
1>          c:\w\rec-vs\rec\src\rec\widget\waveform\waveform.h(32) : see reference to class template instantiation 'rec::util::listener::DataListener<Proto>' being compiled
1>          with
1>          [
1>              Proto=rec::util::Mode
1>          ]
1>c:\w\rec-vs\rec\src\rec\data\persist\data.h(27): warning C4100: 'p' : unreferenced formal parameter
1>          c:\w\rec-vs\rec\src\rec\data\persist\data.h(27) : while compiling class template member function 'void rec::persist::Data<Proto>::operator ()(const Proto &)'
1>          with
1>          [
1>              Proto=rec::util::file::VirtualFile
1>          ]
1>          c:\w\rec-vs\rec\src\rec\util\listener\datalistener.h(46) : see reference to class template instantiation 'rec::persist::Data<Proto>' being compiled
1>          with
1>          [
1>              Proto=rec::util::file::VirtualFile
1>          ]
1>          c:\w\rec-vs\rec\src\rec\util\listener\datalistener.h(45) : while compiling class template member function 'rec::util::listener::DataListener<Proto>::DataListener(bool)'
1>          with
1>          [
1>              Proto=rec::music::Metadata
1>          ]
1>          c:\w\rec-vs\rec\src\rec\gui\songdata.h(17) : see reference to class template instantiation 'rec::util::listener::DataListener<Proto>' being compiled
1>          with
1>          [
1>              Proto=rec::music::Metadata
1>          ]
1>c:\w\rec-vs\rec\src\rec\data\persist\data.h(27): warning C4100: 'p' : unreferenced formal parameter
1>          c:\w\rec-vs\rec\src\rec\data\persist\data.h(27) : while compiling class template member function 'void rec::persist::Data<Proto>::operator ()(const Proto &)'
1>          with
1>          [
1>              Proto=rec::audio::Gain
1>          ]
1>          c:\w\rec-vs\rec\src\rec\util\listener\datalistener.h(79) : see reference to class template instantiation 'rec::persist::Data<Proto>' being compiled
1>          with
1>          [
1>              Proto=rec::audio::Gain
1>          ]
1>          c:\w\rec-vs\rec\src\rec\util\listener\datalistener.h(76) : while compiling class template member function 'void rec::util::listener::DataListener<Proto>::setData(rec::persist::Data<Proto> *)'
1>          with
1>          [
1>              Proto=rec::audio::Gain
1>          ]
1>          c:\w\rec-vs\rec\src\rec\gui\audio\playercontroller.h(19) : see reference to class template instantiation 'rec::util::listener::DataListener<Proto>' being compiled
1>          with
1>          [
1>              Proto=rec::audio::Gain
1>          ]
1>c:\w\rec-vs\rec\src\rec\data\persist\data.h(27): warning C4100: 'p' : unreferenced formal parameter
1>          c:\w\rec-vs\rec\src\rec\data\persist\data.h(27) : while compiling class template member function 'void rec::persist::Data<Proto>::operator ()(const Proto &)'
1>          with
1>          [
1>              Proto=rec::audio::source::StereoProto
1>          ]
1>          c:\w\rec-vs\rec\src\rec\util\listener\datalistener.h(79) : see reference to class template instantiation 'rec::persist::Data<Proto>' being compiled
1>          with
1>          [
1>              Proto=rec::audio::source::StereoProto
1>          ]
1>          c:\w\rec-vs\rec\src\rec\util\listener\datalistener.h(76) : while compiling class template member function 'void rec::util::listener::DataListener<Proto>::setData(rec::persist::Data<Proto> *)'
1>          with
1>          [
1>              Proto=rec::audio::source::StereoProto
1>          ]
1>          c:\w\rec-vs\rec\src\rec\gui\audio\playercontroller.h(20) : see reference to class template instantiation 'rec::util::listener::DataListener<Proto>' being compiled
1>          with
1>          [
1>              Proto=rec::audio::source::StereoProto
1>          ]
1>c:\w\rec-vs\rec\src\rec\data\persist\data.h(27): warning C4100: 'p' : unreferenced formal parameter
1>          c:\w\rec-vs\rec\src\rec\data\persist\data.h(27) : while compiling class template member function 'void rec::persist::Data<Proto>::operator ()(const Proto &)'
1>          with
1>          [
1>              Proto=rec::audio::stretch::Stretch
1>          ]
1>          c:\w\rec-vs\rec\src\rec\util\listener\datalistener.h(79) : see reference to class template instantiation 'rec::persist::Data<Proto>' being compiled
1>          with
1>          [
1>              Proto=rec::audio::stretch::Stretch
1>          ]
1>          c:\w\rec-vs\rec\src\rec\util\listener\datalistener.h(76) : while compiling class template member function 'void rec::util::listener::DataListener<Proto>::setData(rec::persist::Data<Proto> *)'
1>          with
1>          [
1>              Proto=rec::audio::stretch::Stretch
1>          ]
1>          c:\w\rec-vs\rec\src\rec\gui\audio\playercontroller.h(21) : see reference to class template instantiation 'rec::util::listener::DataListener<Proto>' being compiled
1>          with
1>          [
1>              Proto=rec::audio::stretch::Stretch
1>          ]
1>c:\w\rec-vs\rec\src\rec\data\persist\data.h(27): warning C4100: 'p' : unreferenced formal parameter
1>          c:\w\rec-vs\rec\src\rec\data\persist\data.h(27) : while compiling class template member function 'void rec::persist::Data<Proto>::operator ()(const Proto &)'
1>          with
1>          [
1>              Proto=rec::util::file::VirtualFileList
1>          ]
1>          c:\w\rec-vs\rec\src\rec\data\persist\persist.h(34) : see reference to class template instantiation 'rec::persist::Data<Proto>' being compiled
1>          with
1>          [
1>              Proto=rec::util::file::VirtualFileList
1>          ]
1>          c:\w\rec-vs\rec\src\rec\data\persist\persist.h(39) : see reference to function template instantiation 'void rec::persist::set<Proto>(const Proto &,const rec::util::file::VirtualFile &)' being compiled
1>          with
1>          [
1>              Proto=rec::util::file::VirtualFileList
1>          ]
1>          c:\w\rec-vs\rec\src\rec\slow\targetcommands.cpp(37) : see reference to function template instantiation 'void rec::persist::setGlobal<rec::util::file::VirtualFileList>(const Proto &)' being compiled
1>          with
1>          [
1>              Proto=rec::util::file::VirtualFileList
1>          ]
1>c:\w\rec-vs\rec\src\rec\data\persist\data.h(27): warning C4100: 'p' : unreferenced formal parameter
1>          c:\w\rec-vs\rec\src\rec\data\persist\data.h(27) : while compiling class template member function 'void rec::persist::Data<Proto>::operator ()(const Proto &)'
1>          with
1>          [
1>              Proto=rec::command::CommandMapProto
1>          ]
1>          c:\w\rec-vs\rec\src\rec\data\persist\persist.h(34) : see reference to class template instantiation 'rec::persist::Data<Proto>' being compiled
1>          with
1>          [
1>              Proto=rec::command::CommandMapProto
1>          ]
1>          c:\w\rec-vs\rec\src\rec\data\persist\persist.h(39) : see reference to function template instantiation 'void rec::persist::set<Proto>(const Proto &,const rec::util::file::VirtualFile &)' being compiled
1>          with
1>          [
1>              Proto=rec::command::CommandMapProto
1>          ]
1>          c:\w\rec-vs\rec\src\rec\slow\targetcommands.cpp(92) : see reference to function template instantiation 'void rec::persist::setGlobal<rec::command::CommandMapProto>(const Proto &)' being compiled
1>          with
1>          [
1>              Proto=rec::command::CommandMapProto
1>          ]
1>c:\w\rec-vs\rec\src\rec\gui\tablecontroller.h(31): warning C4505: 'rec::gui::TableController::selectedRowsChanged' : unreferenced local function has been removed
1>c:\w\rec-vs\rec\src\rec\gui\tablecontroller.h(22): warning C4505: 'rec::gui::TableController::getNumRows' : unreferenced local function has been removed
1>  Threads.cpp
1>c:\w\rec-vs\rec\src\rec\slow\threads.h(11): warning C4099: 'rec::slow::Model' : type name first seen using 'class' now seen using 'struct'
1>          c:\w\rec-vs\rec\src\rec\slow\instance.h(11) : see declaration of 'rec::slow::Model'
1>c:\w\rec-vs\rec\src\rec\base\sampleposition.h(12): warning C4244: 'initializing' : conversion from 'double' to 'rec::int64', possible loss of data
1>c:\w\rec-vs\rec\src\rec\base\sampleposition.h(13): warning C4244: 'initializing' : conversion from 'float' to 'rec::int64', possible loss of data
1>c:\w\rec-vs\rec\src\rec\util\block\block.h(52): warning C4244: 'return' : conversion from 'const rec::util::block::Size' to 'int', possible loss of data
1>c:\w\rec-vs\rec\src\rec\util\block\block.h(70): warning C4244: '=' : conversion from 'const rec::util::block::Size' to 'int', possible loss of data
1>c:\w\rec-vs\rec\src\rec\util\block\block.h(71): warning C4244: '=' : conversion from 'rec::util::block::Size' to 'int', possible loss of data
1>c:\w\rec-vs\rec\src\rec\gui\layout\layout.h(46): warning C4800: 'rec::Orientation' : forcing value to bool 'true' or 'false' (performance warning)
1>c:\w\rec-vs\rec\src\rec\gui\settertext.h(46): warning C4100: 'editor' : unreferenced formal parameter
1>c:\w\rec-vs\rec\src\rec\gui\settertext.h(47): warning C4100: 'editor' : unreferenced formal parameter
1>c:\w\rec-vs\rec\src\rec\gui\settertext.h(48): warning C4100: 'editor' : unreferenced formal parameter
1>c:\w\rec-vs\rec\src\rec\gui\settertextarea.h(33): warning C4018: '<' : signed/unsigned mismatch
1>c:\w\rec-vs\rec\src\rec\audio\device.h(11): warning C4355: 'this' : used in base member initializer list
1>c:\w\rec-vs\rec\src\rec\audio\source\wrappy.h(44): warning C4520: 'rec::audio::source::Wrappy' : multiple default constructors specified
1>c:\w\rec-vs\rec\src\rec\slow\target.h(14): warning C4099: 'rec::slow::Instance' : type name first seen using 'struct' now seen using 'class'
1>          c:\w\rec-vs\rec\src\rec\slow\instance.h(19) : see declaration of 'rec::slow::Instance'
1>c:\w\rec-vs\rec\src\rec\slow\components.h(25): warning C4099: 'rec::slow::Components' : type name first seen using 'class' now seen using 'struct'
1>          c:\w\rec-vs\rec\src\rec\slow\instance.h(9) : see declaration of 'rec::slow::Components'
1>c:\w\rec-vs\rec\src\rec\slow\components.h(31): warning C4355: 'this' : used in base member initializer list
1>c:\w\rec-vs\rec\src\rec\slow\components.h(32): warning C4355: 'this' : used in base member initializer list
1>c:\w\rec-vs\rec\src\rec\slow\loopcommands.h(10): warning C4099: 'rec::slow::Instance' : type name first seen using 'struct' now seen using 'class'
1>          c:\w\rec-vs\rec\src\rec\slow\instance.h(19) : see declaration of 'rec::slow::Instance'
1>c:\w\rec-vs\rec\src\rec\slow\listeners.h(16): warning C4099: 'rec::gui::DropFiles' : type name first seen using 'struct' now seen using 'class'
1>          c:\w\rec-vs\rec\src\rec\gui\dropfiles.h(9) : see declaration of 'rec::gui::DropFiles'
1>c:\w\rec-vs\rec\src\rec\slow\listeners.h(26): warning C4099: 'rec::slow::Instance' : type name first seen using 'struct' now seen using 'class'
1>          c:\w\rec-vs\rec\src\rec\slow\instance.h(19) : see declaration of 'rec::slow::Instance'
1>c:\w\rec-vs\rec\src\rec\slow\model.h(27): warning C4099: 'rec::slow::Instance' : type name first seen using 'struct' now seen using 'class'
1>          c:\w\rec-vs\rec\src\rec\slow\instance.h(19) : see declaration of 'rec::slow::Instance'
1>c:\w\rec-vs\rec\src\rec\slow\threads.cpp(33): warning C4018: '<' : signed/unsigned mismatch
1>c:\w\rec-vs\rec\src\rec\slow\threads.cpp(41): warning C4018: '<' : signed/unsigned mismatch
1>c:\w\rec-vs\rec\src\rec\gui\component\focusable.h(26): warning C4127: conditional expression is constant
1>          c:\w\rec-vs\rec\src\rec\gui\component\focusable.h(25) : while compiling class template member function 'void rec::gui::component::Focusable<Type>::focusGained(juce::Component::FocusChangeType)'
1>          with
1>          [
1>              Type=rec::Component
1>          ]
1>          c:\w\rec-vs\rec\src\rec\widget\waveform\waveform.h(29) : see reference to class template instantiation 'rec::gui::component::Focusable<Type>' being compiled
1>          with
1>          [
1>              Type=rec::Component
1>          ]
1>c:\w\rec-vs\rec\src\rec\gui\component\focusable.h(26): warning C4127: conditional expression is constant
1>          c:\w\rec-vs\rec\src\rec\gui\component\focusable.h(25) : while compiling class template member function 'void rec::gui::component::Focusable<Type>::focusGained(juce::Component::FocusChangeType)'
1>          with
1>          [
1>              Type=rec::gui::TableController
1>          ]
1>          c:\w\rec-vs\rec\src\rec\gui\audio\loops.h(22) : see reference to class template instantiation 'rec::gui::component::Focusable<Type>' being compiled
1>          with
1>          [
1>              Type=rec::gui::TableController
1>          ]
1>c:\w\rec-vs\rec\src\rec\gui\component\focusable.h(26): warning C4127: conditional expression is constant
1>          c:\w\rec-vs\rec\src\rec\gui\component\focusable.h(25) : while compiling class template member function 'void rec::gui::component::Focusable<Type>::focusGained(juce::Component::FocusChangeType)'
1>          with
1>          [
1>              Type=rec::gui::SetterTextArea
1>          ]
1>          c:\w\rec-vs\rec\src\rec\gui\songdata.h(15) : see reference to class template instantiation 'rec::gui::component::Focusable<Type>' being compiled
1>          with
1>          [
1>              Type=rec::gui::SetterTextArea
1>          ]
1>c:\w\rec-vs\rec\src\rec\data\persist\data.h(27): warning C4100: 'p' : unreferenced formal parameter
1>          c:\w\rec-vs\rec\src\rec\data\persist\data.h(27) : while compiling class template member function 'void rec::persist::Data<Proto>::operator ()(const Proto &)'
1>          with
1>          [
1>              Proto=rec::music::Metadata
1>          ]
1>          c:\w\rec-vs\rec\src\rec\gui\songdata.h(47) : see reference to class template instantiation 'rec::persist::Data<Proto>' being compiled
1>          with
1>          [
1>              Proto=rec::music::Metadata
1>          ]
1>c:\w\rec-vs\rec\src\rec\gui\component\focusable.h(26): warning C4127: conditional expression is constant
1>          c:\w\rec-vs\rec\src\rec\gui\component\focusable.h(25) : while compiling class template member function 'void rec::gui::component::Focusable<Type>::focusGained(juce::Component::FocusChangeType)'
1>          with
1>          [
1>              Type=rec::widget::tree::TreeViewDropTarget
1>          ]
1>          c:\w\rec-vs\rec\src\rec\widget\tree\treeviewdropall.h(17) : see reference to class template instantiation 'rec::gui::component::Focusable<Type>' being compiled
1>          with
1>          [
1>              Type=rec::widget::tree::TreeViewDropTarget
1>          ]
1>c:\w\rec-vs\rec\src\rec\data\persist\data.h(27): warning C4100: 'p' : unreferenced formal parameter
1>          c:\w\rec-vs\rec\src\rec\data\persist\data.h(27) : while compiling class template member function 'void rec::persist::Data<Proto>::operator ()(const Proto &)'
1>          with
1>          [
1>              Proto=rec::slow::AppLayout
1>          ]
1>          c:\w\rec-vs\rec\src\rec\slow\components.h(33) : see reference to class template instantiation 'rec::persist::Data<Proto>' being compiled
1>          with
1>          [
1>              Proto=rec::slow::AppLayout
1>          ]
1>c:\w\rec-vs\rec\src\rec\audio\source\framesource.h(25): warning C4244: '-=' : conversion from 'rec::int64' to 'int', possible loss of data
1>          c:\w\rec-vs\rec\src\rec\audio\source\framesource.h(16) : while compiling class template member function 'void rec::audio::source::FrameSource<Sample,CHANNELS>::getNextAudioBlock(const rec::audio::Info &)'
1>          with
1>          [
1>              Sample=short,
1>              CHANNELS=2
1>          ]
1>          c:\w\rec-vs\rec\src\rec\slow\model.h(69) : see reference to class template instantiation 'rec::audio::source::FrameSource<Sample,CHANNELS>' being compiled
1>          with
1>          [
1>              Sample=short,
1>              CHANNELS=2
1>          ]
1>c:\w\rec-vs\rec\src\rec\audio\source\framesource.h(26): warning C4244: '+=' : conversion from 'rec::int64' to 'int', possible loss of data
1>c:\w\rec-vs\rec\src\rec\audio\source\framesource.h(44): warning C4100: 'r' : unreferenced formal parameter
1>          c:\w\rec-vs\rec\src\rec\audio\source\framesource.h(44) : while compiling class template member function 'void rec::audio::source::FrameSource<Sample,CHANNELS>::prepareToPlay(int,double)'
1>          with
1>          [
1>              Sample=short,
1>              CHANNELS=2
1>          ]
1>c:\w\rec-vs\rec\src\rec\audio\source\framesource.h(44): warning C4100: 's' : unreferenced formal parameter
1>c:\w\rec-vs\rec\src\rec\data\persist\data.h(27): warning C4100: 'p' : unreferenced formal parameter
1>          c:\w\rec-vs\rec\src\rec\data\persist\data.h(27) : while compiling class template member function 'void rec::persist::Data<Proto>::operator ()(const Proto &)'
1>          with
1>          [
1>              Proto=rec::util::LoopPointList
1>          ]
1>          c:\w\rec-vs\rec\src\rec\util\listener\datalistener.h(79) : see reference to class template instantiation 'rec::persist::Data<Proto>' being compiled
1>          with
1>          [
1>              Proto=rec::util::LoopPointList
1>          ]
1>          c:\w\rec-vs\rec\src\rec\util\listener\datalistener.h(76) : while compiling class template member function 'void rec::util::listener::DataListener<Proto>::setData(rec::persist::Data<Proto> *)'
1>          with
1>          [
1>              Proto=rec::util::LoopPointList
1>          ]
1>          c:\w\rec-vs\rec\src\rec\widget\waveform\waveform.h(30) : see reference to class template instantiation 'rec::util::listener::DataListener<Proto>' being compiled
1>          with
1>          [
1>              Proto=rec::util::LoopPointList
1>          ]
1>c:\w\rec-vs\rec\src\rec\data\persist\data.h(27): warning C4100: 'p' : unreferenced formal parameter
1>          c:\w\rec-vs\rec\src\rec\data\persist\data.h(27) : while compiling class template member function 'void rec::persist::Data<Proto>::operator ()(const Proto &)'
1>          with
1>          [
1>              Proto=rec::widget::waveform::ZoomProto
1>          ]
1>          c:\w\rec-vs\rec\src\rec\util\listener\datalistener.h(79) : see reference to class template instantiation 'rec::persist::Data<Proto>' being compiled
1>          with
1>          [
1>              Proto=rec::widget::waveform::ZoomProto
1>          ]
1>          c:\w\rec-vs\rec\src\rec\util\listener\datalistener.h(76) : while compiling class template member function 'void rec::util::listener::DataListener<Proto>::setData(rec::persist::Data<Proto> *)'
1>          with
1>          [
1>              Proto=rec::widget::waveform::ZoomProto
1>          ]
1>          c:\w\rec-vs\rec\src\rec\widget\waveform\waveform.h(31) : see reference to class template instantiation 'rec::util::listener::DataListener<Proto>' being compiled
1>          with
1>          [
1>              Proto=rec::widget::waveform::ZoomProto
1>          ]
1>c:\w\rec-vs\rec\src\rec\data\persist\data.h(27): warning C4100: 'p' : unreferenced formal parameter
1>          c:\w\rec-vs\rec\src\rec\data\persist\data.h(27) : while compiling class template member function 'void rec::persist::Data<Proto>::operator ()(const Proto &)'
1>          with
1>          [
1>              Proto=rec::util::Mode
1>          ]
1>          c:\w\rec-vs\rec\src\rec\util\listener\datalistener.h(79) : see reference to class template instantiation 'rec::persist::Data<Proto>' being compiled
1>          with
1>          [
1>              Proto=rec::util::Mode
1>          ]
1>          c:\w\rec-vs\rec\src\rec\util\listener\datalistener.h(76) : while compiling class template member function 'void rec::util::listener::DataListener<Proto>::setData(rec::persist::Data<Proto> *)'
1>          with
1>          [
1>              Proto=rec::util::Mode
1>          ]
1>          c:\w\rec-vs\rec\src\rec\widget\waveform\waveform.h(32) : see reference to class template instantiation 'rec::util::listener::DataListener<Proto>' being compiled
1>          with
1>          [
1>              Proto=rec::util::Mode
1>          ]
1>c:\w\rec-vs\rec\src\rec\data\persist\data.h(27): warning C4100: 'p' : unreferenced formal parameter
1>          c:\w\rec-vs\rec\src\rec\data\persist\data.h(27) : while compiling class template member function 'void rec::persist::Data<Proto>::operator ()(const Proto &)'
1>          with
1>          [
1>              Proto=rec::util::file::VirtualFile
1>          ]
1>          c:\w\rec-vs\rec\src\rec\util\listener\datalistener.h(46) : see reference to class template instantiation 'rec::persist::Data<Proto>' being compiled
1>          with
1>          [
1>              Proto=rec::util::file::VirtualFile
1>          ]
1>          c:\w\rec-vs\rec\src\rec\util\listener\datalistener.h(45) : while compiling class template member function 'rec::util::listener::DataListener<Proto>::DataListener(bool)'
1>          with
1>          [
1>              Proto=rec::music::Metadata
1>          ]
1>          c:\w\rec-vs\rec\src\rec\gui\songdata.h(17) : see reference to class template instantiation 'rec::util::listener::DataListener<Proto>' being compiled
1>          with
1>          [
1>              Proto=rec::music::Metadata
1>          ]
1>c:\w\rec-vs\rec\src\rec\data\persist\data.h(27): warning C4100: 'p' : unreferenced formal parameter
1>          c:\w\rec-vs\rec\src\rec\data\persist\data.h(27) : while compiling class template member function 'void rec::persist::Data<Proto>::operator ()(const Proto &)'
1>          with
1>          [
1>              Proto=rec::audio::Gain
1>          ]
1>          c:\w\rec-vs\rec\src\rec\util\listener\datalistener.h(79) : see reference to class template instantiation 'rec::persist::Data<Proto>' being compiled
1>          with
1>          [
1>              Proto=rec::audio::Gain
1>          ]
1>          c:\w\rec-vs\rec\src\rec\util\listener\datalistener.h(76) : while compiling class template member function 'void rec::util::listener::DataListener<Proto>::setData(rec::persist::Data<Proto> *)'
1>          with
1>          [
1>              Proto=rec::audio::Gain
1>          ]
1>          c:\w\rec-vs\rec\src\rec\gui\audio\playercontroller.h(19) : see reference to class template instantiation 'rec::util::listener::DataListener<Proto>' being compiled
1>          with
1>          [
1>              Proto=rec::audio::Gain
1>          ]
1>c:\w\rec-vs\rec\src\rec\data\persist\data.h(27): warning C4100: 'p' : unreferenced formal parameter
1>          c:\w\rec-vs\rec\src\rec\data\persist\data.h(27) : while compiling class template member function 'void rec::persist::Data<Proto>::operator ()(const Proto &)'
1>          with
1>          [
1>              Proto=rec::audio::source::StereoProto
1>          ]
1>          c:\w\rec-vs\rec\src\rec\util\listener\datalistener.h(79) : see reference to class template instantiation 'rec::persist::Data<Proto>' being compiled
1>          with
1>          [
1>              Proto=rec::audio::source::StereoProto
1>          ]
1>          c:\w\rec-vs\rec\src\rec\util\listener\datalistener.h(76) : while compiling class template member function 'void rec::util::listener::DataListener<Proto>::setData(rec::persist::Data<Proto> *)'
1>          with
1>          [
1>              Proto=rec::audio::source::StereoProto
1>          ]
1>          c:\w\rec-vs\rec\src\rec\gui\audio\playercontroller.h(20) : see reference to class template instantiation 'rec::util::listener::DataListener<Proto>' being compiled
1>          with
1>          [
1>              Proto=rec::audio::source::StereoProto
1>          ]
1>c:\w\rec-vs\rec\src\rec\data\persist\data.h(27): warning C4100: 'p' : unreferenced formal parameter
1>          c:\w\rec-vs\rec\src\rec\data\persist\data.h(27) : while compiling class template member function 'void rec::persist::Data<Proto>::operator ()(const Proto &)'
1>          with
1>          [
1>              Proto=rec::audio::stretch::Stretch
1>          ]
1>          c:\w\rec-vs\rec\src\rec\util\listener\datalistener.h(79) : see reference to class template instantiation 'rec::persist::Data<Proto>' being compiled
1>          with
1>          [
1>              Proto=rec::audio::stretch::Stretch
1>          ]
1>          c:\w\rec-vs\rec\src\rec\util\listener\datalistener.h(76) : while compiling class template member function 'void rec::util::listener::DataListener<Proto>::setData(rec::persist::Data<Proto> *)'
1>          with
1>          [
1>              Proto=rec::audio::stretch::Stretch
1>          ]
1>          c:\w\rec-vs\rec\src\rec\gui\audio\playercontroller.h(21) : see reference to class template instantiation 'rec::util::listener::DataListener<Proto>' being compiled
1>          with
1>          [
1>              Proto=rec::audio::stretch::Stretch
1>          ]
1>c:\w\rec-vs\rec\src\rec\gui\tablecontroller.h(31): warning C4505: 'rec::gui::TableController::selectedRowsChanged' : unreferenced local function has been removed
1>c:\w\rec-vs\rec\src\rec\gui\tablecontroller.h(22): warning C4505: 'rec::gui::TableController::getNumRows' : unreferenced local function has been removed
1>  Window.cpp
1>c:\w\rec-vs\rec\src\rec\base\sampleposition.h(12): warning C4244: 'initializing' : conversion from 'double' to 'rec::int64', possible loss of data
1>c:\w\rec-vs\rec\src\rec\base\sampleposition.h(13): warning C4244: 'initializing' : conversion from 'float' to 'rec::int64', possible loss of data
1>c:\w\rec-vs\rec\src\rec\util\block\block.h(52): warning C4244: 'return' : conversion from 'const rec::util::block::Size' to 'int', possible loss of data
1>c:\w\rec-vs\rec\src\rec\util\block\block.h(70): warning C4244: '=' : conversion from 'const rec::util::block::Size' to 'int', possible loss of data
1>c:\w\rec-vs\rec\src\rec\util\block\block.h(71): warning C4244: '=' : conversion from 'rec::util::block::Size' to 'int', possible loss of data
1>c:\w\rec-vs\rec\src\rec\gui\layout\layout.h(46): warning C4800: 'rec::Orientation' : forcing value to bool 'true' or 'false' (performance warning)
1>c:\w\rec-vs\rec\src\rec\gui\settertext.h(46): warning C4100: 'editor' : unreferenced formal parameter
1>c:\w\rec-vs\rec\src\rec\gui\settertext.h(47): warning C4100: 'editor' : unreferenced formal parameter
1>c:\w\rec-vs\rec\src\rec\gui\settertext.h(48): warning C4100: 'editor' : unreferenced formal parameter
1>c:\w\rec-vs\rec\src\rec\gui\settertextarea.h(33): warning C4018: '<' : signed/unsigned mismatch
1>c:\w\rec-vs\rec\src\rec\audio\device.h(11): warning C4355: 'this' : used in base member initializer list
1>c:\w\rec-vs\rec\src\rec\audio\source\wrappy.h(44): warning C4520: 'rec::audio::source::Wrappy' : multiple default constructors specified
1>c:\w\rec-vs\rec\src\rec\slow\instance.h(19): warning C4099: 'rec::slow::Instance' : type name first seen using 'class' now seen using 'struct'
1>          c:\w\rec-vs\rec\src\rec\slow\window.h(9) : see declaration of 'rec::slow::Instance'
1>c:\w\rec-vs\rec\src\rec\slow\target.h(14): warning C4099: 'rec::slow::Instance' : type name first seen using 'struct' now seen using 'class'
1>          c:\w\rec-vs\rec\src\rec\slow\instance.h(19) : see declaration of 'rec::slow::Instance'
1>c:\w\rec-vs\rec\src\rec\slow\components.h(25): warning C4099: 'rec::slow::Components' : type name first seen using 'class' now seen using 'struct'
1>          c:\w\rec-vs\rec\src\rec\slow\mainpage.h(17) : see declaration of 'rec::slow::Components'
1>c:\w\rec-vs\rec\src\rec\slow\components.h(31): warning C4355: 'this' : used in base member initializer list
1>c:\w\rec-vs\rec\src\rec\slow\components.h(32): warning C4355: 'this' : used in base member initializer list
1>c:\w\rec-vs\rec\src\rec\slow\loopcommands.h(10): warning C4099: 'rec::slow::Instance' : type name first seen using 'struct' now seen using 'class'
1>          c:\w\rec-vs\rec\src\rec\slow\instance.h(19) : see declaration of 'rec::slow::Instance'
1>c:\w\rec-vs\rec\src\rec\slow\menus.h(18): warning C4100: 'topLevelMenuIndex' : unreferenced formal parameter
1>c:\w\rec-vs\rec\src\rec\slow\menus.h(18): warning C4100: 'menuItemID' : unreferenced formal parameter
1>c:\w\rec-vs\rec\src\rec\slow\window.cpp(15): warning C4355: 'this' : used in base member initializer list
1>c:\w\rec-vs\rec\src\rec\slow\window.cpp(20): warning C4996: 'juce::ResizableWindow::setContentComponent': was declared deprecated
1>          c:\w\rec-vs\juce\juce_amalgamated.h(57635) : see declaration of 'juce::ResizableWindow::setContentComponent'
1>c:\w\rec-vs\rec\src\rec\slow\window.cpp(45): warning C4996: 'juce::ResizableWindow::setContentComponent': was declared deprecated
1>          c:\w\rec-vs\juce\juce_amalgamated.h(57635) : see declaration of 'juce::ResizableWindow::setContentComponent'
1>c:\w\rec-vs\rec\src\rec\gui\component\focusable.h(26): warning C4127: conditional expression is constant
1>          c:\w\rec-vs\rec\src\rec\gui\component\focusable.h(25) : while compiling class template member function 'void rec::gui::component::Focusable<Type>::focusGained(juce::Component::FocusChangeType)'
1>          with
1>          [
1>              Type=rec::Component
1>          ]
1>          c:\w\rec-vs\rec\src\rec\widget\waveform\waveform.h(29) : see reference to class template instantiation 'rec::gui::component::Focusable<Type>' being compiled
1>          with
1>          [
1>              Type=rec::Component
1>          ]
1>c:\w\rec-vs\rec\src\rec\gui\component\focusable.h(26): warning C4127: conditional expression is constant
1>          c:\w\rec-vs\rec\src\rec\gui\component\focusable.h(25) : while compiling class template member function 'void rec::gui::component::Focusable<Type>::focusGained(juce::Component::FocusChangeType)'
1>          with
1>          [
1>              Type=rec::gui::TableController
1>          ]
1>          c:\w\rec-vs\rec\src\rec\gui\audio\loops.h(22) : see reference to class template instantiation 'rec::gui::component::Focusable<Type>' being compiled
1>          with
1>          [
1>              Type=rec::gui::TableController
1>          ]
1>c:\w\rec-vs\rec\src\rec\gui\component\focusable.h(26): warning C4127: conditional expression is constant
1>          c:\w\rec-vs\rec\src\rec\gui\component\focusable.h(25) : while compiling class template member function 'void rec::gui::component::Focusable<Type>::focusGained(juce::Component::FocusChangeType)'
1>          with
1>          [
1>              Type=rec::gui::SetterTextArea
1>          ]
1>          c:\w\rec-vs\rec\src\rec\gui\songdata.h(15) : see reference to class template instantiation 'rec::gui::component::Focusable<Type>' being compiled
1>          with
1>          [
1>              Type=rec::gui::SetterTextArea
1>          ]
1>c:\w\rec-vs\rec\src\rec\data\persist\data.h(27): warning C4100: 'p' : unreferenced formal parameter
1>          c:\w\rec-vs\rec\src\rec\data\persist\data.h(27) : while compiling class template member function 'void rec::persist::Data<Proto>::operator ()(const Proto &)'
1>          with
1>          [
1>              Proto=rec::music::Metadata
1>          ]
1>          c:\w\rec-vs\rec\src\rec\gui\songdata.h(47) : see reference to class template instantiation 'rec::persist::Data<Proto>' being compiled
1>          with
1>          [
1>              Proto=rec::music::Metadata
1>          ]
1>c:\w\rec-vs\rec\src\rec\gui\component\focusable.h(26): warning C4127: conditional expression is constant
1>          c:\w\rec-vs\rec\src\rec\gui\component\focusable.h(25) : while compiling class template member function 'void rec::gui::component::Focusable<Type>::focusGained(juce::Component::FocusChangeType)'
1>          with
1>          [
1>              Type=rec::widget::tree::TreeViewDropTarget
1>          ]
1>          c:\w\rec-vs\rec\src\rec\widget\tree\treeviewdropall.h(17) : see reference to class template instantiation 'rec::gui::component::Focusable<Type>' being compiled
1>          with
1>          [
1>              Type=rec::widget::tree::TreeViewDropTarget
1>          ]
1>c:\w\rec-vs\rec\src\rec\data\persist\data.h(27): warning C4100: 'p' : unreferenced formal parameter
1>          c:\w\rec-vs\rec\src\rec\data\persist\data.h(27) : while compiling class template member function 'void rec::persist::Data<Proto>::operator ()(const Proto &)'
1>          with
1>          [
1>              Proto=rec::slow::AppLayout
1>          ]
1>          c:\w\rec-vs\rec\src\rec\slow\components.h(33) : see reference to class template instantiation 'rec::persist::Data<Proto>' being compiled
1>          with
1>          [
1>              Proto=rec::slow::AppLayout
1>          ]
1>c:\w\rec-vs\rec\src\rec\data\persist\data.h(27): warning C4100: 'p' : unreferenced formal parameter
1>          c:\w\rec-vs\rec\src\rec\data\persist\data.h(27) : while compiling class template member function 'void rec::persist::Data<Proto>::operator ()(const Proto &)'
1>          with
1>          [
1>              Proto=rec::util::LoopPointList
1>          ]
1>          c:\w\rec-vs\rec\src\rec\util\listener\datalistener.h(79) : see reference to class template instantiation 'rec::persist::Data<Proto>' being compiled
1>          with
1>          [
1>              Proto=rec::util::LoopPointList
1>          ]
1>          c:\w\rec-vs\rec\src\rec\util\listener\datalistener.h(76) : while compiling class template member function 'void rec::util::listener::DataListener<Proto>::setData(rec::persist::Data<Proto> *)'
1>          with
1>          [
1>              Proto=rec::util::LoopPointList
1>          ]
1>          c:\w\rec-vs\rec\src\rec\widget\waveform\waveform.h(30) : see reference to class template instantiation 'rec::util::listener::DataListener<Proto>' being compiled
1>          with
1>          [
1>              Proto=rec::util::LoopPointList
1>          ]
1>c:\w\rec-vs\rec\src\rec\data\persist\data.h(27): warning C4100: 'p' : unreferenced formal parameter
1>          c:\w\rec-vs\rec\src\rec\data\persist\data.h(27) : while compiling class template member function 'void rec::persist::Data<Proto>::operator ()(const Proto &)'
1>          with
1>          [
1>              Proto=rec::widget::waveform::ZoomProto
1>          ]
1>          c:\w\rec-vs\rec\src\rec\util\listener\datalistener.h(79) : see reference to class template instantiation 'rec::persist::Data<Proto>' being compiled
1>          with
1>          [
1>              Proto=rec::widget::waveform::ZoomProto
1>          ]
1>          c:\w\rec-vs\rec\src\rec\util\listener\datalistener.h(76) : while compiling class template member function 'void rec::util::listener::DataListener<Proto>::setData(rec::persist::Data<Proto> *)'
1>          with
1>          [
1>              Proto=rec::widget::waveform::ZoomProto
1>          ]
1>          c:\w\rec-vs\rec\src\rec\widget\waveform\waveform.h(31) : see reference to class template instantiation 'rec::util::listener::DataListener<Proto>' being compiled
1>          with
1>          [
1>              Proto=rec::widget::waveform::ZoomProto
1>          ]
1>c:\w\rec-vs\rec\src\rec\data\persist\data.h(27): warning C4100: 'p' : unreferenced formal parameter
1>          c:\w\rec-vs\rec\src\rec\data\persist\data.h(27) : while compiling class template member function 'void rec::persist::Data<Proto>::operator ()(const Proto &)'
1>          with
1>          [
1>              Proto=rec::util::Mode
1>          ]
1>          c:\w\rec-vs\rec\src\rec\util\listener\datalistener.h(79) : see reference to class template instantiation 'rec::persist::Data<Proto>' being compiled
1>          with
1>          [
1>              Proto=rec::util::Mode
1>          ]
1>          c:\w\rec-vs\rec\src\rec\util\listener\datalistener.h(76) : while compiling class template member function 'void rec::util::listener::DataListener<Proto>::setData(rec::persist::Data<Proto> *)'
1>          with
1>          [
1>              Proto=rec::util::Mode
1>          ]
1>          c:\w\rec-vs\rec\src\rec\widget\waveform\waveform.h(32) : see reference to class template instantiation 'rec::util::listener::DataListener<Proto>' being compiled
1>          with
1>          [
1>              Proto=rec::util::Mode
1>          ]
1>c:\w\rec-vs\rec\src\rec\data\persist\data.h(27): warning C4100: 'p' : unreferenced formal parameter
1>          c:\w\rec-vs\rec\src\rec\data\persist\data.h(27) : while compiling class template member function 'void rec::persist::Data<Proto>::operator ()(const Proto &)'
1>          with
1>          [
1>              Proto=rec::util::file::VirtualFile
1>          ]
1>          c:\w\rec-vs\rec\src\rec\util\listener\datalistener.h(46) : see reference to class template instantiation 'rec::persist::Data<Proto>' being compiled
1>          with
1>          [
1>              Proto=rec::util::file::VirtualFile
1>          ]
1>          c:\w\rec-vs\rec\src\rec\util\listener\datalistener.h(45) : while compiling class template member function 'rec::util::listener::DataListener<Proto>::DataListener(bool)'
1>          with
1>          [
1>              Proto=rec::music::Metadata
1>          ]
1>          c:\w\rec-vs\rec\src\rec\gui\songdata.h(17) : see reference to class template instantiation 'rec::util::listener::DataListener<Proto>' being compiled
1>          with
1>          [
1>              Proto=rec::music::Metadata
1>          ]
1>c:\w\rec-vs\rec\src\rec\data\persist\data.h(27): warning C4100: 'p' : unreferenced formal parameter
1>          c:\w\rec-vs\rec\src\rec\data\persist\data.h(27) : while compiling class template member function 'void rec::persist::Data<Proto>::operator ()(const Proto &)'
1>          with
1>          [
1>              Proto=rec::audio::Gain
1>          ]
1>          c:\w\rec-vs\rec\src\rec\util\listener\datalistener.h(79) : see reference to class template instantiation 'rec::persist::Data<Proto>' being compiled
1>          with
1>          [
1>              Proto=rec::audio::Gain
1>          ]
1>          c:\w\rec-vs\rec\src\rec\util\listener\datalistener.h(76) : while compiling class template member function 'void rec::util::listener::DataListener<Proto>::setData(rec::persist::Data<Proto> *)'
1>          with
1>          [
1>              Proto=rec::audio::Gain
1>          ]
1>          c:\w\rec-vs\rec\src\rec\gui\audio\playercontroller.h(19) : see reference to class template instantiation 'rec::util::listener::DataListener<Proto>' being compiled
1>          with
1>          [
1>              Proto=rec::audio::Gain
1>          ]
1>c:\w\rec-vs\rec\src\rec\data\persist\data.h(27): warning C4100: 'p' : unreferenced formal parameter
1>          c:\w\rec-vs\rec\src\rec\data\persist\data.h(27) : while compiling class template member function 'void rec::persist::Data<Proto>::operator ()(const Proto &)'
1>          with
1>          [
1>              Proto=rec::audio::source::StereoProto
1>          ]
1>          c:\w\rec-vs\rec\src\rec\util\listener\datalistener.h(79) : see reference to class template instantiation 'rec::persist::Data<Proto>' being compiled
1>          with
1>          [
1>              Proto=rec::audio::source::StereoProto
1>          ]
1>          c:\w\rec-vs\rec\src\rec\util\listener\datalistener.h(76) : while compiling class template member function 'void rec::util::listener::DataListener<Proto>::setData(rec::persist::Data<Proto> *)'
1>          with
1>          [
1>              Proto=rec::audio::source::StereoProto
1>          ]
1>          c:\w\rec-vs\rec\src\rec\gui\audio\playercontroller.h(20) : see reference to class template instantiation 'rec::util::listener::DataListener<Proto>' being compiled
1>          with
1>          [
1>              Proto=rec::audio::source::StereoProto
1>          ]
1>c:\w\rec-vs\rec\src\rec\data\persist\data.h(27): warning C4100: 'p' : unreferenced formal parameter
1>          c:\w\rec-vs\rec\src\rec\data\persist\data.h(27) : while compiling class template member function 'void rec::persist::Data<Proto>::operator ()(const Proto &)'
1>          with
1>          [
1>              Proto=rec::audio::stretch::Stretch
1>          ]
1>          c:\w\rec-vs\rec\src\rec\util\listener\datalistener.h(79) : see reference to class template instantiation 'rec::persist::Data<Proto>' being compiled
1>          with
1>          [
1>              Proto=rec::audio::stretch::Stretch
1>          ]
1>          c:\w\rec-vs\rec\src\rec\util\listener\datalistener.h(76) : while compiling class template member function 'void rec::util::listener::DataListener<Proto>::setData(rec::persist::Data<Proto> *)'
1>          with
1>          [
1>              Proto=rec::audio::stretch::Stretch
1>          ]
1>          c:\w\rec-vs\rec\src\rec\gui\audio\playercontroller.h(21) : see reference to class template instantiation 'rec::util::listener::DataListener<Proto>' being compiled
1>          with
1>          [
1>              Proto=rec::audio::stretch::Stretch
1>          ]
1>c:\w\rec-vs\rec\src\rec\gui\tablecontroller.h(31): warning C4505: 'rec::gui::TableController::selectedRowsChanged' : unreferenced local function has been removed
1>c:\w\rec-vs\rec\src\rec\gui\tablecontroller.h(22): warning C4505: 'rec::gui::TableController::getNumRows' : unreferenced local function has been removed
1>  Difference.cpp
1>c:\w\rec-vs\rec\src\rec\util\block\block.h(52): warning C4244: 'return' : conversion from 'const rec::util::block::Size' to 'int', possible loss of data
1>c:\w\rec-vs\rec\src\rec\util\block\block.h(70): warning C4244: '=' : conversion from 'const rec::util::block::Size' to 'int', possible loss of data
1>c:\w\rec-vs\rec\src\rec\util\block\block.h(71): warning C4244: '=' : conversion from 'rec::util::block::Size' to 'int', possible loss of data
1>  Generating Code...
1>c:\w\rec-vs\rec\src\rec\slow\loopsnapshot.cpp(27): warning C4700: uninitialized local variable 'count' used
1>  Compiling...
1>  Fillable.cpp
1>c:\w\rec-vs\rec\src\rec\util\block\block.h(52): warning C4244: 'return' : conversion from 'const rec::util::block::Size' to 'int', possible loss of data
1>c:\w\rec-vs\rec\src\rec\util\block\block.h(70): warning C4244: '=' : conversion from 'const rec::util::block::Size' to 'int', possible loss of data
1>c:\w\rec-vs\rec\src\rec\util\block\block.h(71): warning C4244: '=' : conversion from 'rec::util::block::Size' to 'int', possible loss of data
1>c:\w\rec-vs\rec\src\rec\util\block\fillable.cpp(54): warning C4244: 'argument' : conversion from 'rec::int64' to 'int', possible loss of data
1>c:\w\rec-vs\rec\src\rec\util\block\fillable.cpp(54): warning C4244: 'argument' : conversion from 'rec::int64' to 'int', possible loss of data
1>c:\w\rec-vs\rec\src\rec\util\block\fillable.cpp(57): warning C4244: 'initializing' : conversion from 'rec::util::block::Size' to 'int', possible loss of data
1>  FillSeries.cpp
1>c:\w\rec-vs\rec\src\rec\util\block\block.h(52): warning C4244: 'return' : conversion from 'const rec::util::block::Size' to 'int', possible loss of data
1>c:\w\rec-vs\rec\src\rec\util\block\block.h(70): warning C4244: '=' : conversion from 'const rec::util::block::Size' to 'int', possible loss of data
1>c:\w\rec-vs\rec\src\rec\util\block\block.h(71): warning C4244: '=' : conversion from 'rec::util::block::Size' to 'int', possible loss of data
1>c:\w\rec-vs\rec\src\rec\util\block\fillseries.cpp(15): warning C4018: '<' : signed/unsigned mismatch
1>  MergeBlockSet.cpp
1>c:\w\rec-vs\rec\src\rec\util\block\block.h(52): warning C4244: 'return' : conversion from 'const rec::util::block::Size' to 'int', possible loss of data
1>c:\w\rec-vs\rec\src\rec\util\block\block.h(70): warning C4244: '=' : conversion from 'const rec::util::block::Size' to 'int', possible loss of data
1>c:\w\rec-vs\rec\src\rec\util\block\block.h(71): warning C4244: '=' : conversion from 'rec::util::block::Size' to 'int', possible loss of data
1>  Album.cpp
1>c:\w\rec-vs\rec\src\rec\util\exception.h(20): warning C4512: 'rec::util::cd::Exception' : assignment operator could not be generated
1>          c:\w\rec-vs\rec\src\rec\util\exception.h(12) : see declaration of 'rec::util::cd::Exception'
1>  CDDBResponse.cpp
1>c:\w\rec-vs\rec\src\rec\util\exception.h(20): warning C4512: 'rec::util::cd::Exception' : assignment operator could not be generated
1>          c:\w\rec-vs\rec\src\rec\util\exception.h(12) : see declaration of 'rec::util::cd::Exception'
1>  CDReader.cpp
1>  DedupeCDDB.cpp
1>c:\w\rec-vs\rec\src\rec\util\cd\dedupecddb.cpp(25): warning C4018: '<' : signed/unsigned mismatch
1>c:\w\rec-vs\rec\src\rec\util\cd\dedupecddb.cpp(26): warning C4244: '=' : conversion from 'int' to 'char', possible loss of data
1>  Eject.cpp
1>  Socket.cpp
1>c:\w\rec-vs\rec\src\rec\util\exception.h(20): warning C4512: 'rec::util::cd::Exception' : assignment operator could not be generated
1>          c:\w\rec-vs\rec\src\rec\util\exception.h(12) : see declaration of 'rec::util::cd::Exception'
1>  StripLines.cpp
1>c:\w\rec-vs\rec\src\rec\util\cd\striplines.cpp(16): error C2440: 'initializing' : cannot convert from 'const wchar_t *' to 'const juce::juce_wchar *'
1>          Types pointed to are unrelated; conversion requires reinterpret_cast, C-style cast or function-style cast
1>c:\w\rec-vs\rec\src\rec\util\cd\striplines.cpp(26): error C2665: 'juce::String::String' : none of the 26 overloads could convert all the argument types
1>          c:\w\rec-vs\juce\juce_amalgamated.h(4288): could be 'juce::String::String(const char *,size_t)'
1>          c:\w\rec-vs\juce\juce_amalgamated.h(4298): or       'juce::String::String(const wchar_t *,size_t)'
1>          c:\w\rec-vs\juce\juce_amalgamated.h(4304): or       'juce::String::String(const juce::CharPointer_UTF8 &,size_t)'
1>          c:\w\rec-vs\juce\juce_amalgamated.h(4307): or       'juce::String::String(const juce::CharPointer_UTF8 &,const juce::CharPointer_UTF8 &)'
1>          c:\w\rec-vs\juce\juce_amalgamated.h(4313): or       'juce::String::String(const juce::CharPointer_UTF16 &,size_t)'
1>          c:\w\rec-vs\juce\juce_amalgamated.h(4316): or       'juce::String::String(const juce::CharPointer_UTF16 &,const juce::CharPointer_UTF16 &)'
1>          c:\w\rec-vs\juce\juce_amalgamated.h(4322): or       'juce::String::String(const juce::CharPointer_UTF32 &,size_t)'
1>          c:\w\rec-vs\juce\juce_amalgamated.h(4325): or       'juce::String::String(const juce::CharPointer_UTF32 &,const juce::CharPointer_UTF32 &)'
1>          c:\w\rec-vs\juce\juce_amalgamated.h(5088): or       'juce::String::String(float,int)'
1>          c:\w\rec-vs\juce\juce_amalgamated.h(5100): or       'juce::String::String(double,int)'
1>          c:\w\rec-vs\juce\juce_amalgamated.h(5361): or       'juce::String::String(const juce::String &,size_t)'
1>          while trying to match the argument list '(const juce::juce_wchar *, int)'
1>c:\w\rec-vs\rec\src\rec\util\cd\striplines.cpp(37): warning C4244: '=' : conversion from 'int' to 'char', possible loss of data
1>  Compare.cpp
1>  Cuttable.cpp
1>  Defaulter.cpp
1>  GetVolumes.cpp
1>  Util.cpp
1>  VirtualFile.cpp
1>c:\w\rec-vs\protobuf\src\google\protobuf\repeated_field.h(948): warning C4127: conditional expression is constant
1>          c:\w\rec-vs\protobuf\src\google\protobuf\repeated_field.h(1107) : see reference to function template instantiation 'google::protobuf::internal::RepeatedPtrIterator<Element>::RepeatedPtrIterator<std::basic_string<_Elem,_Traits,_Ax>>(const google::protobuf::internal::RepeatedPtrIterator<std::basic_string<_Elem,_Traits,_Ax>> &)' being compiled
1>          with
1>          [
1>              Element=const std::string,
1>              _Elem=char,
1>              _Traits=std::char_traits<char>,
1>              _Ax=std::allocator<char>
1>          ]
1>          c:\w\rec-vs\protobuf\src\google\protobuf\repeated_field.h(1106) : while compiling class template member function 'google::protobuf::internal::RepeatedPtrIterator<Element> google::protobuf::RepeatedPtrField<std::string>::end(void) const'
1>          with
1>          [
1>              Element=const std::string
1>          ]
1>          c:\w\rec-vs\protobuf\src\google\protobuf\repeated_field.h(801) : see reference to class template instantiation 'google::protobuf::RepeatedPtrField<Element>' being compiled
1>          with
1>          [
1>              Element=std::string
1>          ]
1>  FormatTime.cpp
1>c:\w\rec-vs\rec\src\rec\util\formattime.cpp(25): warning C4996: '_snprintf': This function or variable may be unsafe. Consider using _snprintf_s instead. To disable deprecation, use _CRT_SECURE_NO_WARNINGS. See online help for details.
1>          c:\program files (x86)\microsoft visual studio 10.0\vc\include\stdio.h(363) : see declaration of '_snprintf'
1>c:\w\rec-vs\rec\src\rec\util\formattime.cpp(30): warning C4996: '_snprintf': This function or variable may be unsafe. Consider using _snprintf_s instead. To disable deprecation, use _CRT_SECURE_NO_WARNINGS. See online help for details.
1>          c:\program files (x86)\microsoft visual studio 10.0\vc\include\stdio.h(363) : see declaration of '_snprintf'
1>c:\w\rec-vs\rec\src\rec\util\formattime.cpp(32): warning C4996: '_snprintf': This function or variable may be unsafe. Consider using _snprintf_s instead. To disable deprecation, use _CRT_SECURE_NO_WARNINGS. See online help for details.
1>          c:\program files (x86)\microsoft visual studio 10.0\vc\include\stdio.h(363) : see declaration of '_snprintf'
1>  ProtoListener.cpp
1>  LoopPoint.cpp
1>c:\w\rec-vs\rec\src\rec\base\sampleposition.h(12): warning C4244: 'initializing' : conversion from 'double' to 'rec::int64', possible loss of data
1>c:\w\rec-vs\rec\src\rec\base\sampleposition.h(13): warning C4244: 'initializing' : conversion from 'float' to 'rec::int64', possible loss of data
1>c:\w\rec-vs\rec\src\rec\util\block\block.h(52): warning C4244: 'return' : conversion from 'const rec::util::block::Size' to 'int', possible loss of data
1>c:\w\rec-vs\rec\src\rec\util\block\block.h(70): warning C4244: '=' : conversion from 'const rec::util::block::Size' to 'int', possible loss of data
1>c:\w\rec-vs\rec\src\rec\util\block\block.h(71): warning C4244: '=' : conversion from 'rec::util::block::Size' to 'int', possible loss of data
1>  Convertors.cpp
1>c:\w\rec-vs\rec\src\rec\util\partition\convertors.cpp(16): warning C4018: '<' : signed/unsigned mismatch
1>c:\w\rec-vs\rec\src\rec\util\partition\convertors.cpp(17): warning C4244: '=' : conversion from 'int' to 'char', possible loss of data
1>  Generating Code...
1>c:\w\rec-vs\rec\src\rec\util\file\virtualfile.cpp(123): warning C4702: unreachable code
1>c:\w\rec-vs\rec\src\rec\util\cd\album.cpp(34): warning C4700: uninitialized local variable 'splitting' used
1>  Compiling...
1>  Partition.cpp
1>  RandomSelfInverseFunction.cpp
1>c:\w\rec-vs\rec\src\rec\util\randomselfinversefunction.cpp(32): warning C4244: '=' : conversion from 'int' to 'unsigned char', possible loss of data
1>c:\w\rec-vs\rec\src\rec\util\randomselfinversefunction.cpp(40): warning C4244: '=' : conversion from 'int' to 'rec::byte', possible loss of data
1>c:\w\rec-vs\rec\src\rec\util\randomselfinversefunction.cpp(41): warning C4244: '=' : conversion from 'int' to 'rec::byte', possible loss of data
1>  MakeThread.cpp
1>  Trash.cpp
1>  DialComponent.cpp
1>c:\w\rec-vs\rec\src\rec\widget\status\dialcomponent.cpp(77): warning C4244: 'argument' : conversion from 'double' to 'float', possible loss of data
1>c:\w\rec-vs\rec\src\rec\widget\status\dialcomponent.cpp(83): warning C4244: 'argument' : conversion from 'double' to 'float', possible loss of data
1>c:\w\rec-vs\rec\src\rec\widget\status\dialcomponent.cpp(83): warning C4244: 'argument' : conversion from 'double' to 'float', possible loss of data
1>c:\w\rec-vs\rec\src\rec\widget\status\dialcomponent.cpp(83): warning C4244: 'argument' : conversion from 'int' to 'float', possible loss of data
1>c:\w\rec-vs\rec\src\rec\widget\status\dialcomponent.cpp(83): warning C4244: 'argument' : conversion from 'int' to 'float', possible loss of data
1>c:\w\rec-vs\rec\src\rec\widget\status\dialcomponent.cpp(83): warning C4244: 'argument' : conversion from 'int' to 'float', possible loss of data
1>c:\w\rec-vs\rec\src\rec\widget\status\dialcomponent.cpp(83): warning C4244: 'argument' : conversion from 'int' to 'float', possible loss of data
1>  Status.cpp
1>  TextComponent.cpp
1>  CD.cpp
1>  Directory.cpp
1>  NodeItem.cpp
1>c:\w\rec-vs\rec\src\rec\widget\tree\nodeitem.cpp(112): warning C4244: 'return' : conversion from 'float' to 'int', possible loss of data
1>c:\w\rec-vs\rec\src\rec\data\persist\data.h(27): warning C4100: 'p' : unreferenced formal parameter
1>          c:\w\rec-vs\rec\src\rec\data\persist\data.h(27) : while compiling class template member function 'void rec::persist::Data<Proto>::operator ()(const Proto &)'
1>          with
1>          [
1>              Proto=rec::util::file::VirtualFile
1>          ]
1>          c:\w\rec-vs\rec\src\rec\data\persist\persist.h(29) : see reference to class template instantiation 'rec::persist::Data<Proto>' being compiled
1>          with
1>          [
1>              Proto=rec::util::file::VirtualFile
1>          ]
1>          c:\w\rec-vs\rec\src\rec\widget\tree\nodeitem.cpp(126) : see reference to function template instantiation 'const Proto rec::persist::getGlobal<rec::util::file::VirtualFile>(void)' being compiled
1>          with
1>          [
1>              Proto=rec::util::file::VirtualFile
1>          ]
1>  Root.cpp
1>c:\w\rec-vs\rec\src\rec\gui\component\focusable.h(26): warning C4127: conditional expression is constant
1>          c:\w\rec-vs\rec\src\rec\gui\component\focusable.h(25) : while compiling class template member function 'void rec::gui::component::Focusable<Type>::focusGained(juce::Component::FocusChangeType)'
1>          with
1>          [
1>              Type=rec::widget::tree::TreeViewDropTarget
1>          ]
1>          c:\w\rec-vs\rec\src\rec\widget\tree\treeviewdropall.h(17) : see reference to class template instantiation 'rec::gui::component::Focusable<Type>' being compiled
1>          with
1>          [
1>              Type=rec::widget::tree::TreeViewDropTarget
1>          ]
1>c:\w\rec-vs\rec\src\rec\data\persist\data.h(27): warning C4100: 'p' : unreferenced formal parameter
1>          c:\w\rec-vs\rec\src\rec\data\persist\data.h(27) : while compiling class template member function 'void rec::persist::Data<Proto>::operator ()(const Proto &)'
1>          with
1>          [
1>              Proto=rec::util::file::VirtualFileList
1>          ]
1>          c:\w\rec-vs\rec\src\rec\widget\tree\root.cpp(41) : see reference to class template instantiation 'rec::persist::Data<Proto>' being compiled
1>          with
1>          [
1>              Proto=rec::util::file::VirtualFileList
1>          ]
1>  TreeViewDropAll.cpp
1>c:\w\rec-vs\rec\src\rec\gui\component\focusable.h(26): warning C4127: conditional expression is constant
1>          c:\w\rec-vs\rec\src\rec\gui\component\focusable.h(25) : while compiling class template member function 'void rec::gui::component::Focusable<Type>::focusGained(juce::Component::FocusChangeType)'
1>          with
1>          [
1>              Type=rec::widget::tree::TreeViewDropTarget
1>          ]
1>          c:\w\rec-vs\rec\src\rec\widget\tree\treeviewdropall.h(17) : see reference to class template instantiation 'rec::gui::component::Focusable<Type>' being compiled
1>          with
1>          [
1>              Type=rec::widget::tree::TreeViewDropTarget
1>          ]
1>c:\w\rec-vs\rec\src\rec\data\persist\data.h(27): warning C4100: 'p' : unreferenced formal parameter
1>          c:\w\rec-vs\rec\src\rec\data\persist\data.h(27) : while compiling class template member function 'void rec::persist::Data<Proto>::operator ()(const Proto &)'
1>          with
1>          [
1>              Proto=rec::util::file::VirtualFileList
1>          ]
1>          c:\w\rec-vs\rec\src\rec\data\persist\persist.h(29) : see reference to class template instantiation 'rec::persist::Data<Proto>' being compiled
1>          with
1>          [
1>              Proto=rec::util::file::VirtualFileList
1>          ]
1>          c:\w\rec-vs\rec\src\rec\widget\tree\treeviewdropall.cpp(75) : see reference to function template instantiation 'const Proto rec::persist::getGlobal<rec::util::file::VirtualFileList>(void)' being compiled
1>          with
1>          [
1>              Proto=rec::util::file::VirtualFileList
1>          ]
1>  Cursor.cpp
1>c:\w\rec-vs\rec\src\rec\base\sampleposition.h(12): warning C4244: 'initializing' : conversion from 'double' to 'rec::int64', possible loss of data
1>c:\w\rec-vs\rec\src\rec\base\sampleposition.h(13): warning C4244: 'initializing' : conversion from 'float' to 'rec::int64', possible loss of data
1>c:\w\rec-vs\rec\src\rec\util\block\block.h(52): warning C4244: 'return' : conversion from 'const rec::util::block::Size' to 'int', possible loss of data
1>c:\w\rec-vs\rec\src\rec\util\block\block.h(70): warning C4244: '=' : conversion from 'const rec::util::block::Size' to 'int', possible loss of data
1>c:\w\rec-vs\rec\src\rec\util\block\block.h(71): warning C4244: '=' : conversion from 'rec::util::block::Size' to 'int', possible loss of data
1>c:\w\rec-vs\rec\src\rec\widget\waveform\cursor.cpp(77): warning C4244: 'initializing' : conversion from 'google::protobuf::uint32' to 'float', possible loss of data
1>c:\w\rec-vs\rec\src\rec\widget\waveform\cursor.cpp(78): warning C4244: 'initializing' : conversion from 'google::protobuf::uint32' to 'float', possible loss of data
1>c:\w\rec-vs\rec\src\rec\gui\component\focusable.h(26): warning C4127: conditional expression is constant
1>          c:\w\rec-vs\rec\src\rec\gui\component\focusable.h(25) : while compiling class template member function 'void rec::gui::component::Focusable<Type>::focusGained(juce::Component::FocusChangeType)'
1>          with
1>          [
1>              Type=rec::Component
1>          ]
1>          c:\w\rec-vs\rec\src\rec\widget\waveform\waveform.h(29) : see reference to class template instantiation 'rec::gui::component::Focusable<Type>' being compiled
1>          with
1>          [
1>              Type=rec::Component
1>          ]
1>c:\w\rec-vs\rec\src\rec\data\persist\data.h(27): warning C4100: 'p' : unreferenced formal parameter
1>          c:\w\rec-vs\rec\src\rec\data\persist\data.h(27) : while compiling class template member function 'void rec::persist::Data<Proto>::operator ()(const Proto &)'
1>          with
1>          [
1>              Proto=rec::util::LoopPointList
1>          ]
1>          c:\w\rec-vs\rec\src\rec\util\listener\datalistener.h(79) : see reference to class template instantiation 'rec::persist::Data<Proto>' being compiled
1>          with
1>          [
1>              Proto=rec::util::LoopPointList
1>          ]
1>          c:\w\rec-vs\rec\src\rec\util\listener\datalistener.h(76) : while compiling class template member function 'void rec::util::listener::DataListener<Proto>::setData(rec::persist::Data<Proto> *)'
1>          with
1>          [
1>              Proto=rec::util::LoopPointList
1>          ]
1>          c:\w\rec-vs\rec\src\rec\widget\waveform\waveform.h(30) : see reference to class template instantiation 'rec::util::listener::DataListener<Proto>' being compiled
1>          with
1>          [
1>              Proto=rec::util::LoopPointList
1>          ]
1>c:\w\rec-vs\rec\src\rec\data\persist\data.h(27): warning C4100: 'p' : unreferenced formal parameter
1>          c:\w\rec-vs\rec\src\rec\data\persist\data.h(27) : while compiling class template member function 'void rec::persist::Data<Proto>::operator ()(const Proto &)'
1>          with
1>          [
1>              Proto=rec::widget::waveform::ZoomProto
1>          ]
1>          c:\w\rec-vs\rec\src\rec\util\listener\datalistener.h(79) : see reference to class template instantiation 'rec::persist::Data<Proto>' being compiled
1>          with
1>          [
1>              Proto=rec::widget::waveform::ZoomProto
1>          ]
1>          c:\w\rec-vs\rec\src\rec\util\listener\datalistener.h(76) : while compiling class template member function 'void rec::util::listener::DataListener<Proto>::setData(rec::persist::Data<Proto> *)'
1>          with
1>          [
1>              Proto=rec::widget::waveform::ZoomProto
1>          ]
1>          c:\w\rec-vs\rec\src\rec\widget\waveform\waveform.h(31) : see reference to class template instantiation 'rec::util::listener::DataListener<Proto>' being compiled
1>          with
1>          [
1>              Proto=rec::widget::waveform::ZoomProto
1>          ]
1>c:\w\rec-vs\rec\src\rec\data\persist\data.h(27): warning C4100: 'p' : unreferenced formal parameter
1>          c:\w\rec-vs\rec\src\rec\data\persist\data.h(27) : while compiling class template member function 'void rec::persist::Data<Proto>::operator ()(const Proto &)'
1>          with
1>          [
1>              Proto=rec::util::Mode
1>          ]
1>          c:\w\rec-vs\rec\src\rec\util\listener\datalistener.h(79) : see reference to class template instantiation 'rec::persist::Data<Proto>' being compiled
1>          with
1>          [
1>              Proto=rec::util::Mode
1>          ]
1>          c:\w\rec-vs\rec\src\rec\util\listener\datalistener.h(76) : while compiling class template member function 'void rec::util::listener::DataListener<Proto>::setData(rec::persist::Data<Proto> *)'
1>          with
1>          [
1>              Proto=rec::util::Mode
1>          ]
1>          c:\w\rec-vs\rec\src\rec\widget\waveform\waveform.h(32) : see reference to class template instantiation 'rec::util::listener::DataListener<Proto>' being compiled
1>          with
1>          [
1>              Proto=rec::util::Mode
1>          ]
1>  CursorStates.cpp
1>  Waveform.cpp
1>c:\w\rec-vs\rec\src\rec\base\sampleposition.h(12): warning C4244: 'initializing' : conversion from 'double' to 'rec::int64', possible loss of data
1>c:\w\rec-vs\rec\src\rec\base\sampleposition.h(13): warning C4244: 'initializing' : conversion from 'float' to 'rec::int64', possible loss of data
1>c:\w\rec-vs\rec\src\rec\util\block\block.h(52): warning C4244: 'return' : conversion from 'const rec::util::block::Size' to 'int', possible loss of data
1>c:\w\rec-vs\rec\src\rec\util\block\block.h(70): warning C4244: '=' : conversion from 'const rec::util::block::Size' to 'int', possible loss of data
1>c:\w\rec-vs\rec\src\rec\util\block\block.h(71): warning C4244: '=' : conversion from 'rec::util::block::Size' to 'int', possible loss of data
